Archive member included to satisfy reference by file (symbol)

/Users/sean/Projects/Playmate/sjtwo-c/toolchains/mac/gcc-arm-none-eabi-8-2019-q3-update/bin/../lib/gcc/arm-none-eabi/8.3.1/thumb/v7e-m+fp/hard/libgcc.a(_aeabi_ldivmod.o)
                              _build_lpc40xx_freertos/obj/tasks.o (__aeabi_ldivmod)
/Users/sean/Projects/Playmate/sjtwo-c/toolchains/mac/gcc-arm-none-eabi-8-2019-q3-update/bin/../lib/gcc/arm-none-eabi/8.3.1/thumb/v7e-m+fp/hard/libgcc.a(_aeabi_uldivmod.o)
                              _build_lpc40xx_freertos/obj/delay.o (__aeabi_uldivmod)
/Users/sean/Projects/Playmate/sjtwo-c/toolchains/mac/gcc-arm-none-eabi-8-2019-q3-update/bin/../lib/gcc/arm-none-eabi/8.3.1/thumb/v7e-m+fp/hard/libgcc.a(_udivmoddi4.o)
                              /Users/sean/Projects/Playmate/sjtwo-c/toolchains/mac/gcc-arm-none-eabi-8-2019-q3-update/bin/../lib/gcc/arm-none-eabi/8.3.1/thumb/v7e-m+fp/hard/libgcc.a(_aeabi_ldivmod.o) (__udivmoddi4)
/Users/sean/Projects/Playmate/sjtwo-c/toolchains/mac/gcc-arm-none-eabi-8-2019-q3-update/bin/../lib/gcc/arm-none-eabi/8.3.1/thumb/v7e-m+fp/hard/libgcc.a(_dvmd_tls.o)
                              /Users/sean/Projects/Playmate/sjtwo-c/toolchains/mac/gcc-arm-none-eabi-8-2019-q3-update/bin/../lib/gcc/arm-none-eabi/8.3.1/thumb/v7e-m+fp/hard/libgcc.a(_aeabi_ldivmod.o) (__aeabi_ldiv0)
/Users/sean/Projects/Playmate/sjtwo-c/toolchains/mac/gcc-arm-none-eabi-8-2019-q3-update/bin/../lib/gcc/arm-none-eabi/8.3.1/../../../../arm-none-eabi/lib/thumb/v7e-m+fp/hard/libg_nano.a(lib_a-atof.o)
                              _build_lpc40xx_freertos/obj/sl_string.o (atof)
/Users/sean/Projects/Playmate/sjtwo-c/toolchains/mac/gcc-arm-none-eabi-8-2019-q3-update/bin/../lib/gcc/arm-none-eabi/8.3.1/../../../../arm-none-eabi/lib/thumb/v7e-m+fp/hard/libg_nano.a(lib_a-atoi.o)
                              _build_lpc40xx_freertos/obj/sl_string.o (atoi)
/Users/sean/Projects/Playmate/sjtwo-c/toolchains/mac/gcc-arm-none-eabi-8-2019-q3-update/bin/../lib/gcc/arm-none-eabi/8.3.1/../../../../arm-none-eabi/lib/thumb/v7e-m+fp/hard/libg_nano.a(lib_a-ctype_.o)
                              _build_lpc40xx_freertos/obj/sl_string.o (_ctype_)
/Users/sean/Projects/Playmate/sjtwo-c/toolchains/mac/gcc-arm-none-eabi-8-2019-q3-update/bin/../lib/gcc/arm-none-eabi/8.3.1/../../../../arm-none-eabi/lib/thumb/v7e-m+fp/hard/libg_nano.a(lib_a-fprintf.o)
                              _build_lpc40xx_freertos/obj/interrupt_vector_table.o (fprintf)
/Users/sean/Projects/Playmate/sjtwo-c/toolchains/mac/gcc-arm-none-eabi-8-2019-q3-update/bin/../lib/gcc/arm-none-eabi/8.3.1/../../../../arm-none-eabi/lib/thumb/v7e-m+fp/hard/libg_nano.a(lib_a-fputs.o)
                              _build_lpc40xx_freertos/obj/entry_point.o (fputs)
/Users/sean/Projects/Playmate/sjtwo-c/toolchains/mac/gcc-arm-none-eabi-8-2019-q3-update/bin/../lib/gcc/arm-none-eabi/8.3.1/../../../../arm-none-eabi/lib/thumb/v7e-m+fp/hard/libg_nano.a(lib_a-getchar.o)
                              _build_lpc40xx_freertos/obj/sj2_cli.o (getchar)
/Users/sean/Projects/Playmate/sjtwo-c/toolchains/mac/gcc-arm-none-eabi-8-2019-q3-update/bin/../lib/gcc/arm-none-eabi/8.3.1/../../../../arm-none-eabi/lib/thumb/v7e-m+fp/hard/libg_nano.a(lib_a-impure.o)
                              _build_lpc40xx_freertos/obj/entry_point.o (_impure_ptr)
/Users/sean/Projects/Playmate/sjtwo-c/toolchains/mac/gcc-arm-none-eabi-8-2019-q3-update/bin/../lib/gcc/arm-none-eabi/8.3.1/../../../../arm-none-eabi/lib/thumb/v7e-m+fp/hard/libg_nano.a(lib_a-lock.o)
                              /Users/sean/Projects/Playmate/sjtwo-c/toolchains/mac/gcc-arm-none-eabi-8-2019-q3-update/bin/../lib/gcc/arm-none-eabi/8.3.1/../../../../arm-none-eabi/lib/thumb/v7e-m+fp/hard/libg_nano.a(lib_a-fputs.o) (__retarget_lock_acquire_recursive)
/Users/sean/Projects/Playmate/sjtwo-c/toolchains/mac/gcc-arm-none-eabi-8-2019-q3-update/bin/../lib/gcc/arm-none-eabi/8.3.1/../../../../arm-none-eabi/lib/thumb/v7e-m+fp/hard/libg_nano.a(lib_a-malloc.o)
                              _build_lpc40xx_freertos/obj/heap_3.o (malloc)
/Users/sean/Projects/Playmate/sjtwo-c/toolchains/mac/gcc-arm-none-eabi-8-2019-q3-update/bin/../lib/gcc/arm-none-eabi/8.3.1/../../../../arm-none-eabi/lib/thumb/v7e-m+fp/hard/libg_nano.a(lib_a-memcpy-stub.o)
                              _build_lpc40xx_freertos/obj/sl_string.o (memcpy)
/Users/sean/Projects/Playmate/sjtwo-c/toolchains/mac/gcc-arm-none-eabi-8-2019-q3-update/bin/../lib/gcc/arm-none-eabi/8.3.1/../../../../arm-none-eabi/lib/thumb/v7e-m+fp/hard/libg_nano.a(lib_a-memmove.o)
                              _build_lpc40xx_freertos/obj/sl_string.o (memmove)
/Users/sean/Projects/Playmate/sjtwo-c/toolchains/mac/gcc-arm-none-eabi-8-2019-q3-update/bin/../lib/gcc/arm-none-eabi/8.3.1/../../../../arm-none-eabi/lib/thumb/v7e-m+fp/hard/libg_nano.a(lib_a-memset.o)
                              _build_lpc40xx_freertos/obj/handler_i2c.o (memset)
[...]
Memory Configuration

Name             Origin             Length             Attributes
flash_512k       0x0000000000000000 0x0000000000080000 xr
ram_64k          0x0000000010000000 0x0000000000010000 xrw
ram_32k          0x0000000020000000 0x0000000000008000 xrw
*default*        0x0000000000000000 0xffffffffffffffff

Linker script and memory map

LOAD _build_lpc40xx_freertos/obj/entry_point.o
LOAD _build_lpc40xx_freertos/obj/interrupt_vector_table.o
LOAD _build_lpc40xx_freertos/obj/clock.o
LOAD _build_lpc40xx_freertos/obj/crash.o
LOAD _build_lpc40xx_freertos/obj/syscall.o
LOAD _build_lpc40xx_freertos/obj/startup.o
LOAD _build_lpc40xx_freertos/obj/acceleration.o
LOAD _build_lpc40xx_freertos/obj/sensors.o
LOAD _build_lpc40xx_freertos/obj/ff.o
LOAD _build_lpc40xx_freertos/obj/ffsystem.o
LOAD _build_lpc40xx_freertos/obj/ffunicode.o
LOAD _build_lpc40xx_freertos/obj/disk_glue_logic.o
LOAD _build_lpc40xx_freertos/obj/fatfs_time.o
LOAD _build_lpc40xx_freertos/obj/sd_card.o
LOAD _build_lpc40xx_freertos/obj/system_calls.o
LOAD _build_lpc40xx_freertos/obj/app_cli.o
LOAD _build_lpc40xx_freertos/obj/sj2_cli.o
LOAD _build_lpc40xx_freertos/obj/handler_i2c.o
LOAD _build_lpc40xx_freertos/obj/handlers_general.o
LOAD _build_lpc40xx_freertos/obj/file_io_example.o
LOAD _build_lpc40xx_freertos/obj/delay.o
LOAD _build_lpc40xx_freertos/obj/peripherals_init.o
LOAD _build_lpc40xx_freertos/obj/ssp2_mutex.o
LOAD _build_lpc40xx_freertos/obj/sys_time.o
LOAD _build_lpc40xx_freertos/obj/uart_printf.o
LOAD _build_lpc40xx_freertos/obj/main.o
LOAD _build_lpc40xx_freertos/obj/rtos_hooks.o
LOAD _build_lpc40xx_freertos/obj/periodic_callbacks.o
LOAD _build_lpc40xx_freertos/obj/periodic_scheduler.o
LOAD _build_lpc40xx_freertos/obj/leightweight_lock.o
LOAD _build_lpc40xx_freertos/obj/sl_string.o
LOAD _build_lpc40xx_freertos/obj/freertos_interrupt_handlers.o
LOAD _build_lpc40xx_freertos/obj/trcKernelPort.o
LOAD _build_lpc40xx_freertos/obj/trcSnapshotRecorder.o
LOAD _build_lpc40xx_freertos/obj/trcStreamingPort.o
LOAD _build_lpc40xx_freertos/obj/trcStreamingRecorder.o
LOAD _build_lpc40xx_freertos/obj/port.o
LOAD _build_lpc40xx_freertos/obj/heap_3.o
LOAD _build_lpc40xx_freertos/obj/croutine.o
LOAD _build_lpc40xx_freertos/obj/event_groups.o
LOAD _build_lpc40xx_freertos/obj/list.o
LOAD _build_lpc40xx_freertos/obj/queue.o
LOAD _build_lpc40xx_freertos/obj/stream_buffer.o
LOAD _build_lpc40xx_freertos/obj/tasks.o
LOAD _build_lpc40xx_freertos/obj/timers.o
LOAD _build_lpc40xx_freertos/obj/adc.o
LOAD _build_lpc40xx_freertos/obj/board_io.o
LOAD _build_lpc40xx_freertos/obj/can_bus.o
LOAD _build_lpc40xx_freertos/obj/gpio.o
LOAD _build_lpc40xx_freertos/obj/gpio_lab.o
LOAD _build_lpc40xx_freertos/obj/hw_timer.o
LOAD _build_lpc40xx_freertos/obj/i2c.o
LOAD _build_lpc40xx_freertos/obj/lpc_peripherals.o
LOAD _build_lpc40xx_freertos/obj/mp3_vs1053.o
LOAD _build_lpc40xx_freertos/obj/pwm1.o
LOAD _build_lpc40xx_freertos/obj/ssp2.o
LOAD _build_lpc40xx_freertos/obj/uart.o
LOAD /Users/sean/Projects/Playmate/sjtwo-c/toolchains/mac/gcc-arm-none-eabi-8-2019-q3-update/bin/../lib/gcc/arm-none-eabi/8.3.1/../../../../arm-none-eabi/lib/thumb/v7e-m+fp/hard/libm.a
START GROUP
LOAD /Users/sean/Projects/Playmate/sjtwo-c/toolchains/mac/gcc-arm-none-eabi-8-2019-q3-update/bin/../lib/gcc/arm-none-eabi/8.3.1/thumb/v7e-m+fp/hard/libgcc.a
LOAD /Users/sean/Projects/Playmate/sjtwo-c/toolchains/mac/gcc-arm-none-eabi-8-2019-q3-update/bin/../lib/gcc/arm-none-eabi/8.3.1/../../../../arm-none-eabi/lib/thumb/v7e-m+fp/hard/libg_nano.a
LOAD /Users/sean/Projects/Playmate/sjtwo-c/toolchains/mac/gcc-arm-none-eabi-8-2019-q3-update/bin/../lib/gcc/arm-none-eabi/8.3.1/../../../../arm-none-eabi/lib/thumb/v7e-m+fp/hard/libc_nano.a
END GROUP
START GROUP
LOAD /Users/sean/Projects/Playmate/sjtwo-c/toolchains/mac/gcc-arm-none-eabi-8-2019-q3-update/bin/../lib/gcc/arm-none-eabi/8.3.1/thumb/v7e-m+fp/hard/libgcc.a
LOAD /Users/sean/Projects/Playmate/sjtwo-c/toolchains/mac/gcc-arm-none-eabi-8-2019-q3-update/bin/../lib/gcc/arm-none-eabi/8.3.1/../../../../arm-none-eabi/lib/thumb/v7e-m+fp/hard/libc_nano.a
LOAD /Users/sean/Projects/Playmate/sjtwo-c/toolchains/mac/gcc-arm-none-eabi-8-2019-q3-update/bin/../lib/gcc/arm-none-eabi/8.3.1/../../../../arm-none-eabi/lib/thumb/v7e-m+fp/hard/libnosys.a
END GROUP
START GROUP
LOAD /Users/sean/Projects/Playmate/sjtwo-c/toolchains/mac/gcc-arm-none-eabi-8-2019-q3-update/bin/../lib/gcc/arm-none-eabi/8.3.1/thumb/v7e-m+fp/hard/libgcc.a
LOAD /Users/sean/Projects/Playmate/sjtwo-c/toolchains/mac/gcc-arm-none-eabi-8-2019-q3-update/bin/../lib/gcc/arm-none-eabi/8.3.1/../../../../arm-none-eabi/lib/thumb/v7e-m+fp/hard/libc_nano.a
LOAD /Users/sean/Projects/Playmate/sjtwo-c/toolchains/mac/gcc-arm-none-eabi-8-2019-q3-update/bin/../lib/gcc/arm-none-eabi/8.3.1/../../../../arm-none-eabi/lib/thumb/v7e-m+fp/hard/libnosys.a
END GROUP
                0x0000000000000000                __base_flash = ORIGIN (flash_512k)
                0x0000000000080000                __top_flash = (__base_flash + LENGTH (flash_512k))
                0x0000000010000000                __base_ram_64k = ORIGIN (ram_64k)
                0x0000000010010000                __top_ram_64k = (__base_ram_64k + LENGTH (ram_64k))
                0x0000000020000000                __base_ram_32k = ORIGIN (ram_32k)
                0x0000000020008000                __top_ram_32k = (__base_ram_32k + LENGTH (ram_32k))

.text           0x0000000000000000     0xd294
 FILL mask 0xff
 *(.interrupt_vector_table)
 .interrupt_vector_table
                0x0000000000000000       0xe4 _build_lpc40xx_freertos/obj/interrupt_vector_table.o
                0x0000000000000000                interrupt_vector_table
                0x00000000000000e4                . = ALIGN (0x4)
 *(.init)
                0x00000000000000e4                . = ALIGN (0x4)
                0x00000000000000e4                __preinit_array_start = .
 *(.preinit_array)
                0x00000000000000e4                __preinit_array_end = .
                0x00000000000000e4                . = ALIGN (0x4)
                0x00000000000000e4                __init_array_start = .
 *(SORT_BY_NAME(.init_array.*))
 *(.init_array)
                0x00000000000000e4                __init_array_end = .
 *(.fini)
                0x00000000000000e4                . = ALIGN (0x4)
 *crtbegin.o(.ctors)
 *(EXCLUDE_FILE(*crtend.o) .ctors)
 *(SORT_BY_NAME(.ctors.*))
 *crtend.o(.ctors)
                0x00000000000000e4                . = ALIGN (0x4)
 *crtbegin.o(.dtors)
 *(EXCLUDE_FILE(*crtend.o) .dtors)
 *(SORT_BY_NAME(.dtors.*))
 *crtend.o(.dtors)
 *(.text*)
 .text.entry_point
                0x00000000000000e4       0x74 _build_lpc40xx_freertos/obj/entry_point.o
                0x00000000000000e4                entry_point
 .text.isr_hard_fault
                0x0000000000000158       0x1a _build_lpc40xx_freertos/obj/interrupt_vector_table.o
 *fill*         0x0000000000000172        0x2 ff
 .text.halt     0x0000000000000174       0x5c _build_lpc40xx_freertos/obj/interrupt_vector_table.o
 .text.isr_hard_fault_handler
                0x00000000000001d0       0x4c _build_lpc40xx_freertos/obj/interrupt_vector_table.o
                0x00000000000001d0                isr_hard_fault_handler
 .text.clock__get_core_clock_hz
                0x000000000000021c        0x8 _build_lpc40xx_freertos/obj/clock.o
                0x000000000000021c                clock__get_core_clock_hz
 .text.clock__get_peripheral_clock_hz
                0x0000000000000224        0x8 _build_lpc40xx_freertos/obj/clock.o
                0x0000000000000224                clock__get_peripheral_clock_hz
 .text.clock__initialize_system_clock_96mhz
                0x000000000000022c       0x40 _build_lpc40xx_freertos/obj/clock.o
                0x000000000000022c                clock__initialize_system_clock_96mhz
 .text.crash__record_get
                0x000000000000026c       0x18 _build_lpc40xx_freertos/obj/crash.o
                0x000000000000026c                crash__record_get
 .text.crash__report_if_occurred
                0x0000000000000284       0xc0 _build_lpc40xx_freertos/obj/crash.o
                0x0000000000000284                crash__report_if_occurred
 .text._sbrk    0x0000000000000344       0x54 _build_lpc40xx_freertos/obj/syscall.o
                0x0000000000000344                _sbrk
 .text.startup__initialize_ram
                0x0000000000000398       0x3c _build_lpc40xx_freertos/obj/startup.o
                0x0000000000000398                startup__initialize_ram
 .text.startup__initialize_fpu
                0x00000000000003d4       0x14 _build_lpc40xx_freertos/obj/startup.o
                0x00000000000003d4                startup__initialize_fpu
 .text.startup__initialize_interrupts
                0x00000000000003e8       0x18 _build_lpc40xx_freertos/obj/startup.o
                0x00000000000003e8                startup__initialize_interrupts
 .text.acceleration__init
                0x0000000000000400       0x22 _build_lpc40xx_freertos/obj/acceleration.o
                0x0000000000000400                acceleration__init
 .text.sensors__init
                0x0000000000000422        0x4 _build_lpc40xx_freertos/obj/sensors.o
                0x0000000000000422                sensors__init
 .text.ld_dword
                0x0000000000000426       0x10 _build_lpc40xx_freertos/obj/ff.o
 .text.st_dword
                0x0000000000000436       0x10 _build_lpc40xx_freertos/obj/ff.o
 .text.mem_cmp  0x0000000000000446       0x1c _build_lpc40xx_freertos/obj/ff.o
 .text.clst2sect
                0x0000000000000462       0x16 _build_lpc40xx_freertos/obj/ff.o
 .text.sum_sfn  0x0000000000000478       0x1e _build_lpc40xx_freertos/obj/ff.o
 .text.get_ldnumber
                0x0000000000000496       0x2a _build_lpc40xx_freertos/obj/ff.o
 .text.mem_cpy.part.0
                0x00000000000004c0       0x12 _build_lpc40xx_freertos/obj/ff.o
 .text.ld_clust.isra.3
                0x00000000000004d2       0x1c _build_lpc40xx_freertos/obj/ff.o
 .text.st_clust.isra.4
                0x00000000000004ee       0x18 _build_lpc40xx_freertos/obj/ff.o
 .text.sync_window.part.6
                0x0000000000000506       0x40 _build_lpc40xx_freertos/obj/ff.o
 .text.move_window
                0x0000000000000546       0x44 _build_lpc40xx_freertos/obj/ff.o
 *fill*         0x000000000000058a        0x2 ff
 .text.check_fs
                0x000000000000058c       0x74 _build_lpc40xx_freertos/obj/ff.o
 .text.find_volume
                0x0000000000000600      0x2c0 _build_lpc40xx_freertos/obj/ff.o
 .text.put_fat  0x00000000000008c0       0xf8 _build_lpc40xx_freertos/obj/ff.o
 .text.get_fat.isra.10
                0x00000000000009b8       0xb4 _build_lpc40xx_freertos/obj/ff.o
 .text.dir_sdi  0x0000000000000a6c       0x82 _build_lpc40xx_freertos/obj/ff.o
 .text.create_chain
                0x0000000000000aee       0xe8 _build_lpc40xx_freertos/obj/ff.o
 .text.remove_chain
                0x0000000000000bd6       0x6e _build_lpc40xx_freertos/obj/ff.o
 .text.unlock_fs
                0x0000000000000c44       0x16 _build_lpc40xx_freertos/obj/ff.o
 .text.validate
                0x0000000000000c5a       0x50 _build_lpc40xx_freertos/obj/ff.o
 .text.dir_clear
                0x0000000000000caa       0x5c _build_lpc40xx_freertos/obj/ff.o
 .text.dir_next
                0x0000000000000d06       0xaa _build_lpc40xx_freertos/obj/ff.o
 .text.dir_find
                0x0000000000000db0      0x148 _build_lpc40xx_freertos/obj/ff.o
 .text.follow_path
                0x0000000000000ef8      0x294 _build_lpc40xx_freertos/obj/ff.o
 .text.sync_fs  0x000000000000118c       0xa0 _build_lpc40xx_freertos/obj/ff.o
 .text.dir_register
                0x000000000000122c      0x288 _build_lpc40xx_freertos/obj/ff.o
 .text.f_mount  0x00000000000014b4       0x70 _build_lpc40xx_freertos/obj/ff.o
                0x00000000000014b4                f_mount
 .text.f_open   0x0000000000001524      0x1cc _build_lpc40xx_freertos/obj/ff.o
                0x0000000000001524                f_open
 .text.f_read   0x00000000000016f0      0x17c _build_lpc40xx_freertos/obj/ff.o
                0x00000000000016f0                f_read
 .text.f_sync   0x000000000000186c       0xa2 _build_lpc40xx_freertos/obj/ff.o
                0x000000000000186c                f_sync
 .text.f_close  0x000000000000190e       0x28 _build_lpc40xx_freertos/obj/ff.o
                0x000000000000190e                f_close
 .text.ff_cre_syncobj
                0x0000000000001936       0x14 _build_lpc40xx_freertos/obj/ffsystem.o
                0x0000000000001936                ff_cre_syncobj
 .text.ff_del_syncobj
                0x000000000000194a        0xa _build_lpc40xx_freertos/obj/ffsystem.o
                0x000000000000194a                ff_del_syncobj
 .text.ff_req_grant
                0x0000000000001954       0x12 _build_lpc40xx_freertos/obj/ffsystem.o
                0x0000000000001954                ff_req_grant
 .text.ff_rel_grant
                0x0000000000001966        0xa _build_lpc40xx_freertos/obj/ffsystem.o
                0x0000000000001966                ff_rel_grant
 .text.ff_uni2oem
                0x0000000000001970       0x40 _build_lpc40xx_freertos/obj/ffunicode.o
                0x0000000000001970                ff_uni2oem
 .text.ff_oem2uni
                0x00000000000019b0       0x28 _build_lpc40xx_freertos/obj/ffunicode.o
                0x00000000000019b0                ff_oem2uni
 .text.ff_wtoupper
                0x00000000000019d8       0x8c _build_lpc40xx_freertos/obj/ffunicode.o
                0x00000000000019d8                ff_wtoupper
 .text.disk_initialize
                0x0000000000001a64       0x1c _build_lpc40xx_freertos/obj/disk_glue_logic.o
                0x0000000000001a64                disk_initialize
 .text.disk_status
                0x0000000000001a80        0xa _build_lpc40xx_freertos/obj/disk_glue_logic.o
                0x0000000000001a80                disk_status
 .text.disk_read
                0x0000000000001a8a       0x28 _build_lpc40xx_freertos/obj/disk_glue_logic.o
                0x0000000000001a8a                disk_read
 .text.disk_write
                0x0000000000001ab2       0x28 _build_lpc40xx_freertos/obj/disk_glue_logic.o
                0x0000000000001ab2                disk_write
 .text.disk_ioctl
                0x0000000000001ada       0x24 _build_lpc40xx_freertos/obj/disk_glue_logic.o
                0x0000000000001ada                disk_ioctl
 .text.get_fattime
                0x0000000000001afe        0x4 _build_lpc40xx_freertos/obj/fatfs_time.o
                0x0000000000001afe                get_fattime
 .text.sd_card__wait_for_ready
                0x0000000000001b02       0x28 _build_lpc40xx_freertos/obj/sd_card.o
 *fill*         0x0000000000001b2a        0x2 ff
 .text.sd_card__power_off
                0x0000000000001b2c       0x20 _build_lpc40xx_freertos/obj/sd_card.o
 .text.sd_card__transmit_datablock
                0x0000000000001b4c       0x5a _build_lpc40xx_freertos/obj/sd_card.o
 .text.sd_card__send_command
                0x0000000000001ba6       0x86 _build_lpc40xx_freertos/obj/sd_card.o
 .text.sd_card__read_datablock
                0x0000000000001c2c       0x42 _build_lpc40xx_freertos/obj/sd_card.o
 *fill*         0x0000000000001c6e        0x2 ff
 .text.sd_card__update_status
                0x0000000000001c70       0x20 _build_lpc40xx_freertos/obj/sd_card.o
                0x0000000000001c70                sd_card__update_status
 .text.sd_card__initialize
                0x0000000000001c90      0x13c _build_lpc40xx_freertos/obj/sd_card.o
                0x0000000000001c90                sd_card__initialize
 .text.sd_card__status
                0x0000000000001dcc       0x10 _build_lpc40xx_freertos/obj/sd_card.o
                0x0000000000001dcc                sd_card__status
 .text.sd_card__read
                0x0000000000001ddc       0x8c _build_lpc40xx_freertos/obj/sd_card.o
                0x0000000000001ddc                sd_card__read
 .text.sd_card__write
                0x0000000000001e68       0xa8 _build_lpc40xx_freertos/obj/sd_card.o
                0x0000000000001e68                sd_card__write
 .text.sd_card__ioctl
                0x0000000000001f10      0x200 _build_lpc40xx_freertos/obj/sd_card.o
                0x0000000000001f10                sd_card__ioctl
 .text.system_calls__print_and_halt
                0x0000000000002110       0x1e _build_lpc40xx_freertos/obj/system_calls.o
 *fill*         0x000000000000212e        0x2 ff
 .text._isatty  0x0000000000002130       0x28 _build_lpc40xx_freertos/obj/system_calls.o
                0x0000000000002130                _isatty
 .text._write   0x0000000000002158       0x70 _build_lpc40xx_freertos/obj/system_calls.o
                0x0000000000002158                _write
 .text._read    0x00000000000021c8       0x1c _build_lpc40xx_freertos/obj/system_calls.o
                0x00000000000021c8                _read
 .text.app_cli__private_print_list_of_all_commands
                0x00000000000021e4       0x98 _build_lpc40xx_freertos/obj/app_cli.o
 .text.app_cli__initialize
                0x000000000000227c       0x16 _build_lpc40xx_freertos/obj/app_cli.o
                0x000000000000227c                app_cli__initialize
 .text.app_cli__add_command_handler
                0x0000000000002292        0xa _build_lpc40xx_freertos/obj/app_cli.o
                0x0000000000002292                app_cli__add_command_handler
 .text.app_cli__process_input
                0x000000000000229c      0x134 _build_lpc40xx_freertos/obj/app_cli.o
                0x000000000000229c                app_cli__process_input
 .text.sj2_cli__output_function
                0x00000000000023d0       0x12 _build_lpc40xx_freertos/obj/sj2_cli.o
 *fill*         0x00000000000023e2        0x2 ff
 .text.sj2_cli__task
                0x00000000000023e4       0x78 _build_lpc40xx_freertos/obj/sj2_cli.o
 .text.sj2_cli__init
                0x000000000000245c       0x7c _build_lpc40xx_freertos/obj/sj2_cli.o
                0x000000000000245c                sj2_cli__init
 .text.cli__i2c_read
                0x00000000000024d8       0xc8 _build_lpc40xx_freertos/obj/handler_i2c.o
 .text.cli__i2c_write
                0x00000000000025a0       0xe8 _build_lpc40xx_freertos/obj/handler_i2c.o
 .text.cli__i2c
                0x0000000000002688       0x48 _build_lpc40xx_freertos/obj/handler_i2c.o
                0x0000000000002688                cli__i2c
 .text.cli__crash_me
                0x00000000000026d0       0x10 _build_lpc40xx_freertos/obj/handlers_general.o
                0x00000000000026d0                cli__crash_me
 .text.cli__task_list
                0x00000000000026e0       0x10 _build_lpc40xx_freertos/obj/handlers_general.o
                0x00000000000026e0                cli__task_list
 .text.delay__us
                0x00000000000026f0       0x40 _build_lpc40xx_freertos/obj/delay.o
                0x00000000000026f0                delay__us
 .text.delay__ms
                0x0000000000002730        0xc _build_lpc40xx_freertos/obj/delay.o
                0x0000000000002730                delay__ms
 .text.peripherals_init
                0x000000000000273c      0x120 _build_lpc40xx_freertos/obj/peripherals_init.o
                0x000000000000273c                peripherals_init
 .text.spi2_mutex__acquire
                0x000000000000285c       0x34 _build_lpc40xx_freertos/obj/ssp2_mutex.o
                0x000000000000285c                spi2_mutex__acquire
 .text.spi2_mutex__release
                0x0000000000002890       0x24 _build_lpc40xx_freertos/obj/ssp2_mutex.o
                0x0000000000002890                spi2_mutex__release
 .text.sys_time__one_minute_isr
                0x00000000000028b4       0x24 _build_lpc40xx_freertos/obj/sys_time.o
 .text.sys_time__init
                0x00000000000028d8       0x2c _build_lpc40xx_freertos/obj/sys_time.o
                0x00000000000028d8                sys_time__init
 .text.sys_time__get_uptime_us
                0x0000000000002904       0x2c _build_lpc40xx_freertos/obj/sys_time.o
                0x0000000000002904                sys_time__get_uptime_us
 .text.sys_time__get_uptime_ms
                0x0000000000002930       0x12 _build_lpc40xx_freertos/obj/sys_time.o
                0x0000000000002930                sys_time__get_uptime_ms
 .text.uart_puts__polled
                0x0000000000002942       0x2a _build_lpc40xx_freertos/obj/uart_printf.o
                0x0000000000002942                uart_puts__polled
 .text.mp3_reader
                0x000000000000296c       0xb8 _build_lpc40xx_freertos/obj/main.o
                0x000000000000296c                mp3_reader
 .text.mp3_player
                0x0000000000002a24       0x78 _build_lpc40xx_freertos/obj/main.o
                0x0000000000002a24                mp3_player
 .text.startup.main
                0x0000000000002a9c       0xc8 _build_lpc40xx_freertos/obj/main.o
                0x0000000000002a9c                main
 .text.vApplicationStackOverflowHook
                0x0000000000002b64       0x1c _build_lpc40xx_freertos/obj/rtos_hooks.o
                0x0000000000002b64                vApplicationStackOverflowHook
 .text.vApplicationMallocFailedHook
                0x0000000000002b80       0x10 _build_lpc40xx_freertos/obj/rtos_hooks.o
                0x0000000000002b80                vApplicationMallocFailedHook
 .text.vApplicationIdleHook
                0x0000000000002b90       0x10 _build_lpc40xx_freertos/obj/rtos_hooks.o
                0x0000000000002b90                vApplicationIdleHook
 .text.configASSERT_callback
                0x0000000000002ba0       0x40 _build_lpc40xx_freertos/obj/rtos_hooks.o
                0x0000000000002ba0                configASSERT_callback
 .text.vApplicationGetIdleTaskMemory
                0x0000000000002be0       0x18 _build_lpc40xx_freertos/obj/rtos_hooks.o
                0x0000000000002be0                vApplicationGetIdleTaskMemory
 .text.freertos_hooks__get_run_time_counter_value
                0x0000000000002bf8       0x14 _build_lpc40xx_freertos/obj/rtos_hooks.o
                0x0000000000002bf8                freertos_hooks__get_run_time_counter_value
 .text.sl_string__initialize
                0x0000000000002c0c       0x28 _build_lpc40xx_freertos/obj/sl_string.o
                0x0000000000002c0c                sl_string__initialize
 .text.sl_string__get_capacity
                0x0000000000002c34       0x12 _build_lpc40xx_freertos/obj/sl_string.o
                0x0000000000002c34                sl_string__get_capacity
 .text.sl_string__get_capacity_including_null_char
                0x0000000000002c46        0xc _build_lpc40xx_freertos/obj/sl_string.o
                0x0000000000002c46                sl_string__get_capacity_including_null_char
 .text.sl_string__get_length
                0x0000000000002c52        0xc _build_lpc40xx_freertos/obj/sl_string.o
                0x0000000000002c52                sl_string__get_length
 .text.sl_string__is_full
                0x0000000000002c5e       0x1a _build_lpc40xx_freertos/obj/sl_string.o
                0x0000000000002c5e                sl_string__is_full
 .text.sl_string__clear
                0x0000000000002c78        0x6 _build_lpc40xx_freertos/obj/sl_string.o
                0x0000000000002c78                sl_string__clear
 .text.sl_string__vprintf
                0x0000000000002c7e       0x1c _build_lpc40xx_freertos/obj/sl_string.o
                0x0000000000002c7e                sl_string__vprintf
 .text.sl_string__printf
                0x0000000000002c9a       0x1a _build_lpc40xx_freertos/obj/sl_string.o
                0x0000000000002c9a                sl_string__printf
 .text.sl_string__scanf
                0x0000000000002cb4       0x22 _build_lpc40xx_freertos/obj/sl_string.o
                0x0000000000002cb4                sl_string__scanf
 .text.sl_string__set
                0x0000000000002cd6       0x2e _build_lpc40xx_freertos/obj/sl_string.o
                0x0000000000002cd6                sl_string__set
 .text.sl_string__initialize_from
                0x0000000000002d04       0x16 _build_lpc40xx_freertos/obj/sl_string.o
                0x0000000000002d04                sl_string__initialize_from
 .text.sl_string__insert_at
                0x0000000000002d1a       0x54 _build_lpc40xx_freertos/obj/sl_string.o
                0x0000000000002d1a                sl_string__insert_at
 .text.sl_string__append
                0x0000000000002d6e       0x38 _build_lpc40xx_freertos/obj/sl_string.o
                0x0000000000002d6e                sl_string__append
 .text.sl_string__append_char
                0x0000000000002da6       0x18 _build_lpc40xx_freertos/obj/sl_string.o
                0x0000000000002da6                sl_string__append_char
 .text.sl_string__equals_to_ignore_case
                0x0000000000002dbe       0x14 _build_lpc40xx_freertos/obj/sl_string.o
                0x0000000000002dbe                sl_string__equals_to_ignore_case
 .text.sl_string__begins_with_limited_chars
                0x0000000000002dd2       0x28 _build_lpc40xx_freertos/obj/sl_string.o
                0x0000000000002dd2                sl_string__begins_with_limited_chars
 .text.sl_string__begins_with_ignore_case
                0x0000000000002dfa       0x2e _build_lpc40xx_freertos/obj/sl_string.o
                0x0000000000002dfa                sl_string__begins_with_ignore_case
 .text.sl_string__begins_with_whole_word
                0x0000000000002e28       0x44 _build_lpc40xx_freertos/obj/sl_string.o
                0x0000000000002e28                sl_string__begins_with_whole_word
 .text.sl_string__ends_with_newline
                0x0000000000002e6c       0x22 _build_lpc40xx_freertos/obj/sl_string.o
                0x0000000000002e6c                sl_string__ends_with_newline
 .text.sl_string__erase_after
                0x0000000000002e8e       0x38 _build_lpc40xx_freertos/obj/sl_string.o
                0x0000000000002e8e                sl_string__erase_after
 .text.sl_string__erase_first
                0x0000000000002ec6        0x8 _build_lpc40xx_freertos/obj/sl_string.o
                0x0000000000002ec6                sl_string__erase_first
 .text.sl_string__erase_last
                0x0000000000002ece       0x22 _build_lpc40xx_freertos/obj/sl_string.o
                0x0000000000002ece                sl_string__erase_last
 .text.sl_string__erase_at_substring
                0x0000000000002ef0       0x1c _build_lpc40xx_freertos/obj/sl_string.o
                0x0000000000002ef0                sl_string__erase_at_substring
 .text.sl_string__erase_first_word
                0x0000000000002f0c       0x1c _build_lpc40xx_freertos/obj/sl_string.o
                0x0000000000002f0c                sl_string__erase_first_word
 .text.sl_string__erase_int
                0x0000000000002f28       0x50 _build_lpc40xx_freertos/obj/sl_string.o
                0x0000000000002f28                sl_string__erase_int
 .text.sl_string__trim_end
                0x0000000000002f78       0x40 _build_lpc40xx_freertos/obj/sl_string.o
                0x0000000000002f78                sl_string__trim_end
 .text.vPortSVCHandler_wrapper
                0x0000000000002fb8        0x4 _build_lpc40xx_freertos/obj/freertos_interrupt_handlers.o
                0x0000000000002fb8                vPortSVCHandler_wrapper
 .text.xPortPendSVHandler_wrapper
                0x0000000000002fbc        0x4 _build_lpc40xx_freertos/obj/freertos_interrupt_handlers.o
                0x0000000000002fbc                xPortPendSVHandler_wrapper
 .text.xPortSysTickHandler_wrapper
                0x0000000000002fc0        0x4 _build_lpc40xx_freertos/obj/freertos_interrupt_handlers.o
                0x0000000000002fc0                xPortSysTickHandler_wrapper
 .text.prvPortStartFirstTask
                0x0000000000002fc4       0x28 _build_lpc40xx_freertos/obj/port.o
 .text.vPortEnableVFP
                0x0000000000002fec       0x14 _build_lpc40xx_freertos/obj/port.o
 .text.prvTaskExitError
                0x0000000000003000       0x3c _build_lpc40xx_freertos/obj/port.o
 .text.pxPortInitialiseStack
                0x000000000000303c       0x2c _build_lpc40xx_freertos/obj/port.o
                0x000000000000303c                pxPortInitialiseStack
 *fill*         0x0000000000003068        0x8 ff
 .text.vPortSVCHandler
                0x0000000000003070       0x24 _build_lpc40xx_freertos/obj/port.o
                0x0000000000003070                vPortSVCHandler
 .text.vPortEnterCritical
                0x0000000000003094       0x44 _build_lpc40xx_freertos/obj/port.o
                0x0000000000003094                vPortEnterCritical
 .text.vPortExitCritical
                0x00000000000030d8       0x28 _build_lpc40xx_freertos/obj/port.o
                0x00000000000030d8                vPortExitCritical
 .text.xPortPendSVHandler
                0x0000000000003100       0x64 _build_lpc40xx_freertos/obj/port.o
                0x0000000000003100                xPortPendSVHandler
 .text.xPortSysTickHandler
                0x0000000000003164       0x2c _build_lpc40xx_freertos/obj/port.o
                0x0000000000003164                xPortSysTickHandler
 .text.vPortSetupTimerInterrupt
                0x0000000000003190       0x30 _build_lpc40xx_freertos/obj/port.o
                0x0000000000003190                vPortSetupTimerInterrupt
 .text.xPortStartScheduler
                0x00000000000031c0      0x100 _build_lpc40xx_freertos/obj/port.o
                0x00000000000031c0                xPortStartScheduler
 .text.vPortValidateInterruptPriority
                0x00000000000032c0       0x58 _build_lpc40xx_freertos/obj/port.o
                0x00000000000032c0                vPortValidateInterruptPriority
 .text.pvPortMalloc
                0x0000000000003318       0x1e _build_lpc40xx_freertos/obj/heap_3.o
                0x0000000000003318                pvPortMalloc
 .text.vPortFree
                0x0000000000003336       0x1a _build_lpc40xx_freertos/obj/heap_3.o
                0x0000000000003336                vPortFree
 .text.vListInitialise
                0x0000000000003350       0x16 _build_lpc40xx_freertos/obj/list.o
                0x0000000000003350                vListInitialise
 .text.vListInitialiseItem
                0x0000000000003366        0x6 _build_lpc40xx_freertos/obj/list.o
                0x0000000000003366                vListInitialiseItem
 .text.vListInsertEnd
                0x000000000000336c       0x18 _build_lpc40xx_freertos/obj/list.o
                0x000000000000336c                vListInsertEnd
 .text.vListInsert
                0x0000000000003384       0x2e _build_lpc40xx_freertos/obj/list.o
                0x0000000000003384                vListInsert
 .text.uxListRemove
                0x00000000000033b2       0x20 _build_lpc40xx_freertos/obj/list.o
                0x00000000000033b2                uxListRemove
 .text.prvIsQueueEmpty
                0x00000000000033d2       0x16 _build_lpc40xx_freertos/obj/queue.o
 .text.prvCopyDataToQueue
                0x00000000000033e8       0x6a _build_lpc40xx_freertos/obj/queue.o
 .text.prvCopyDataFromQueue
                0x0000000000003452       0x2a _build_lpc40xx_freertos/obj/queue.o
 .text.prvUnlockQueue
                0x000000000000347c       0x70 _build_lpc40xx_freertos/obj/queue.o
 .text.xQueueGenericReset
                0x00000000000034ec       0x7c _build_lpc40xx_freertos/obj/queue.o
                0x00000000000034ec                xQueueGenericReset
 .text.xQueueGenericCreateStatic
                0x0000000000003568       0x8c _build_lpc40xx_freertos/obj/queue.o
                0x0000000000003568                xQueueGenericCreateStatic
 .text.xQueueGenericCreate
                0x00000000000035f4       0x48 _build_lpc40xx_freertos/obj/queue.o
                0x00000000000035f4                xQueueGenericCreate
 .text.xQueueGenericSend
                0x000000000000363c      0x15c _build_lpc40xx_freertos/obj/queue.o
                0x000000000000363c                xQueueGenericSend
 .text.xQueueCreateMutexStatic
                0x0000000000003798       0x2a _build_lpc40xx_freertos/obj/queue.o
                0x0000000000003798                xQueueCreateMutexStatic
 .text.xQueueCreateMutex
                0x00000000000037c2       0x24 _build_lpc40xx_freertos/obj/queue.o
                0x00000000000037c2                xQueueCreateMutex
 *fill*         0x00000000000037e6        0x2 ff
 .text.xQueueGenericSendFromISR
                0x00000000000037e8       0xbc _build_lpc40xx_freertos/obj/queue.o
                0x00000000000037e8                xQueueGenericSendFromISR
 .text.xQueueGiveFromISR
                0x00000000000038a4       0xa4 _build_lpc40xx_freertos/obj/queue.o
                0x00000000000038a4                xQueueGiveFromISR
 .text.xQueueReceive
                0x0000000000003948      0x13c _build_lpc40xx_freertos/obj/queue.o
                0x0000000000003948                xQueueReceive
 .text.xQueueSemaphoreTake
                0x0000000000003a84      0x180 _build_lpc40xx_freertos/obj/queue.o
                0x0000000000003a84                xQueueSemaphoreTake
 .text.xQueueReceiveFromISR
                0x0000000000003c04       0x9c _build_lpc40xx_freertos/obj/queue.o
                0x0000000000003c04                xQueueReceiveFromISR
 .text.uxQueueMessagesWaiting
                0x0000000000003ca0       0x24 _build_lpc40xx_freertos/obj/queue.o
                0x0000000000003ca0                uxQueueMessagesWaiting
 .text.vQueueDelete
                0x0000000000003cc4       0x24 _build_lpc40xx_freertos/obj/queue.o
                0x0000000000003cc4                vQueueDelete
 .text.prvAddNewTaskToReadyList
                0x0000000000003ce8       0xf4 _build_lpc40xx_freertos/obj/tasks.o
 .text.prvIdleTask
                0x0000000000003ddc       0x28 _build_lpc40xx_freertos/obj/tasks.o
 .text.prvResetNextTaskUnblockTime
                0x0000000000003e04       0x24 _build_lpc40xx_freertos/obj/tasks.o
 .text.prvInitialiseNewTask.isra.2
                0x0000000000003e28       0x98 _build_lpc40xx_freertos/obj/tasks.o
 .text.prvAddCurrentTaskToDelayedList
                0x0000000000003ec0       0x8c _build_lpc40xx_freertos/obj/tasks.o
 .text.xTaskCreateStatic
                0x0000000000003f4c       0x6c _build_lpc40xx_freertos/obj/tasks.o
                0x0000000000003f4c                xTaskCreateStatic
 .text.xTaskCreate
                0x0000000000003fb8       0x5a _build_lpc40xx_freertos/obj/tasks.o
                0x0000000000003fb8                xTaskCreate
 *fill*         0x0000000000004012        0x2 ff
 .text.vTaskStartScheduler
                0x0000000000004014       0x74 _build_lpc40xx_freertos/obj/tasks.o
                0x0000000000004014                vTaskStartScheduler
 .text.vTaskSuspendAll
                0x0000000000004088       0x10 _build_lpc40xx_freertos/obj/tasks.o
                0x0000000000004088                vTaskSuspendAll
 .text.xTaskIncrementTick
                0x0000000000004098      0x124 _build_lpc40xx_freertos/obj/tasks.o
                0x0000000000004098                xTaskIncrementTick
 .text.xTaskResumeAll
                0x00000000000041bc       0xec _build_lpc40xx_freertos/obj/tasks.o
                0x00000000000041bc                xTaskResumeAll
 .text.vTaskDelay
                0x00000000000042a8       0x48 _build_lpc40xx_freertos/obj/tasks.o
                0x00000000000042a8                vTaskDelay
 .text.vTaskSwitchContext
                0x00000000000042f0       0xbc _build_lpc40xx_freertos/obj/tasks.o
                0x00000000000042f0                vTaskSwitchContext
 .text.vTaskPlaceOnEventList
                0x00000000000043ac       0x30 _build_lpc40xx_freertos/obj/tasks.o
                0x00000000000043ac                vTaskPlaceOnEventList
 .text.xTaskRemoveFromEventList
                0x00000000000043dc       0x80 _build_lpc40xx_freertos/obj/tasks.o
                0x00000000000043dc                xTaskRemoveFromEventList
 .text.vTaskInternalSetTimeOutState
                0x000000000000445c       0x18 _build_lpc40xx_freertos/obj/tasks.o
                0x000000000000445c                vTaskInternalSetTimeOutState
 .text.xTaskCheckForTimeOut
                0x0000000000004474       0x74 _build_lpc40xx_freertos/obj/tasks.o
                0x0000000000004474                xTaskCheckForTimeOut
 .text.vTaskMissedYield
                0x00000000000044e8        0xc _build_lpc40xx_freertos/obj/tasks.o
                0x00000000000044e8                vTaskMissedYield
 .text.xTaskGetSchedulerState
                0x00000000000044f4       0x20 _build_lpc40xx_freertos/obj/tasks.o
                0x00000000000044f4                xTaskGetSchedulerState
 .text.xTaskPriorityInherit
                0x0000000000004514       0xa4 _build_lpc40xx_freertos/obj/tasks.o
                0x0000000000004514                xTaskPriorityInherit
 .text.xTaskPriorityDisinherit
                0x00000000000045b8       0x9c _build_lpc40xx_freertos/obj/tasks.o
                0x00000000000045b8                xTaskPriorityDisinherit
 .text.vTaskPriorityDisinheritAfterTimeout
                0x0000000000004654       0xb0 _build_lpc40xx_freertos/obj/tasks.o
                0x0000000000004654                vTaskPriorityDisinheritAfterTimeout
 .text.pvTaskIncrementMutexHeldCount
                0x0000000000004704       0x18 _build_lpc40xx_freertos/obj/tasks.o
                0x0000000000004704                pvTaskIncrementMutexHeldCount
 .text.vRunTimeStatIsrEntry
                0x000000000000471c       0x28 _build_lpc40xx_freertos/obj/tasks.o
                0x000000000000471c                vRunTimeStatIsrEntry
 .text.vRunTimeStatIsrExit
                0x0000000000004744       0x10 _build_lpc40xx_freertos/obj/tasks.o
                0x0000000000004744                vRunTimeStatIsrExit
 .text.board_io__initialize
                0x0000000000004754      0x104 _build_lpc40xx_freertos/obj/board_io.o
                0x0000000000004754                board_io__initialize
 .text.board_io__sd_card_cs
                0x0000000000004858       0x10 _build_lpc40xx_freertos/obj/board_io.o
                0x0000000000004858                board_io__sd_card_cs
 .text.board_io__sd_card_ds
                0x0000000000004868       0x10 _build_lpc40xx_freertos/obj/board_io.o
                0x0000000000004868                board_io__sd_card_ds
 .text.board_io__sd_card_is_present
                0x0000000000004878       0x14 _build_lpc40xx_freertos/obj/board_io.o
                0x0000000000004878                board_io__sd_card_is_present
 .text.board_io__get_led0
                0x000000000000488c        0xc _build_lpc40xx_freertos/obj/board_io.o
                0x000000000000488c                board_io__get_led0
 .text.board_io__get_led1
                0x0000000000004898        0xc _build_lpc40xx_freertos/obj/board_io.o
                0x0000000000004898                board_io__get_led1
 .text.board_io__get_led2
                0x00000000000048a4        0xc _build_lpc40xx_freertos/obj/board_io.o
                0x00000000000048a4                board_io__get_led2
 .text.board_io__get_led3
                0x00000000000048b0        0xc _build_lpc40xx_freertos/obj/board_io.o
                0x00000000000048b0                board_io__get_led3
 .text.gpio__set_function
                0x00000000000048bc       0x2a _build_lpc40xx_freertos/obj/gpio.o
                0x00000000000048bc                gpio__set_function
 .text.gpio__construct_with_function
                0x00000000000048e6       0x2a _build_lpc40xx_freertos/obj/gpio.o
                0x00000000000048e6                gpio__construct_with_function
 .text.gpio__enable_open_drain
                0x0000000000004910       0x20 _build_lpc40xx_freertos/obj/gpio.o
                0x0000000000004910                gpio__enable_open_drain
 .text.gpio__enable_pull_down_resistors
                0x0000000000004930       0x28 _build_lpc40xx_freertos/obj/gpio.o
                0x0000000000004930                gpio__enable_pull_down_resistors
 .text.gpio__set_as_input
                0x0000000000004958       0x24 _build_lpc40xx_freertos/obj/gpio.o
                0x0000000000004958                gpio__set_as_input
 .text.gpio__construct_as_input
                0x000000000000497c       0x28 _build_lpc40xx_freertos/obj/gpio.o
                0x000000000000497c                gpio__construct_as_input
 .text.gpio__set_as_output
                0x00000000000049a4       0x20 _build_lpc40xx_freertos/obj/gpio.o
                0x00000000000049a4                gpio__set_as_output
 .text.gpio__construct_as_output
                0x00000000000049c4       0x28 _build_lpc40xx_freertos/obj/gpio.o
                0x00000000000049c4                gpio__construct_as_output
 .text.gpio__get
                0x00000000000049ec       0x24 _build_lpc40xx_freertos/obj/gpio.o
                0x00000000000049ec                gpio__get
 .text.gpio__set
                0x0000000000004a10       0x1c _build_lpc40xx_freertos/obj/gpio.o
                0x0000000000004a10                gpio__set
 .text.gpio__reset
                0x0000000000004a2c       0x1c _build_lpc40xx_freertos/obj/gpio.o
                0x0000000000004a2c                gpio__reset
 .text.gpio__toggle
                0x0000000000004a48       0x1e _build_lpc40xx_freertos/obj/gpio.o
                0x0000000000004a48                gpio__toggle
 *fill*         0x0000000000004a66        0x2 ff
 .text.hw_timer__enable
                0x0000000000004a68       0x48 _build_lpc40xx_freertos/obj/hw_timer.o
                0x0000000000004a68                hw_timer__enable
 .text.hw_timer__enable_match_isr
                0x0000000000004ab0       0x24 _build_lpc40xx_freertos/obj/hw_timer.o
                0x0000000000004ab0                hw_timer__enable_match_isr
 .text.hw_timer__acknowledge_interrupt
                0x0000000000004ad4       0x18 _build_lpc40xx_freertos/obj/hw_timer.o
                0x0000000000004ad4                hw_timer__acknowledge_interrupt
 .text.hw_timer__get_value
                0x0000000000004aec       0x10 _build_lpc40xx_freertos/obj/hw_timer.o
                0x0000000000004aec                hw_timer__get_value
 .text.hw_timer__set_value
                0x0000000000004afc       0x10 _build_lpc40xx_freertos/obj/hw_timer.o
                0x0000000000004afc                hw_timer__set_value
 .text.i2c__transfer_unprotected
                0x0000000000004b0c       0x5e _build_lpc40xx_freertos/obj/i2c.o
 *fill*         0x0000000000004b6a        0x2 ff
 .text.i2c__handle_interrupt
                0x0000000000004b6c      0x128 _build_lpc40xx_freertos/obj/i2c.o
 .text.i2c2_isr
                0x0000000000004c94        0xc _build_lpc40xx_freertos/obj/i2c.o
 .text.i2c1_isr
                0x0000000000004ca0        0xc _build_lpc40xx_freertos/obj/i2c.o
 .text.i2c0_isr
                0x0000000000004cac        0xc _build_lpc40xx_freertos/obj/i2c.o
 .text.i2c__initialize
                0x0000000000004cb8       0xb0 _build_lpc40xx_freertos/obj/i2c.o
                0x0000000000004cb8                i2c__initialize
 .text.i2c__read_slave_data
                0x0000000000004d68       0x54 _build_lpc40xx_freertos/obj/i2c.o
                0x0000000000004d68                i2c__read_slave_data
 .text.i2c__read_single
                0x0000000000004dbc       0x1e _build_lpc40xx_freertos/obj/i2c.o
                0x0000000000004dbc                i2c__read_single
 *fill*         0x0000000000004dda        0x2 ff
 .text.i2c__write_slave_data
                0x0000000000004ddc       0x50 _build_lpc40xx_freertos/obj/i2c.o
                0x0000000000004ddc                i2c__write_slave_data
 .text.i2c__detect
                0x0000000000004e2c       0x18 _build_lpc40xx_freertos/obj/i2c.o
                0x0000000000004e2c                i2c__detect
 .text.i2c__write_single
                0x0000000000004e44       0x18 _build_lpc40xx_freertos/obj/i2c.o
                0x0000000000004e44                i2c__write_single
 .text.lpc_peripheral__halt_handler
                0x0000000000004e5c        0x2 _build_lpc40xx_freertos/obj/lpc_peripherals.o
 *fill*         0x0000000000004e5e        0x2 ff
 .text.lpc_peripheral__interrupt_dispatcher
                0x0000000000004e60       0x34 _build_lpc40xx_freertos/obj/lpc_peripherals.o
                0x0000000000004e60                lpc_peripheral__interrupt_dispatcher
 .text.lpc_peripheral__turn_on_power_to
                0x0000000000004e94       0x24 _build_lpc40xx_freertos/obj/lpc_peripherals.o
                0x0000000000004e94                lpc_peripheral__turn_on_power_to
 .text.lpc_peripheral__is_powered_on
                0x0000000000004eb8       0x24 _build_lpc40xx_freertos/obj/lpc_peripherals.o
                0x0000000000004eb8                lpc_peripheral__is_powered_on
 .text.lpc_peripheral__enable_interrupt
                0x0000000000004edc       0x30 _build_lpc40xx_freertos/obj/lpc_peripherals.o
                0x0000000000004edc                lpc_peripheral__enable_interrupt
 .text.mp3__set_xdcs
                0x0000000000004f0c        0xc _build_lpc40xx_freertos/obj/mp3_vs1053.o
                0x0000000000004f0c                mp3__set_xdcs
 .text.mp3__reset_xdcs
                0x0000000000004f18        0xc _build_lpc40xx_freertos/obj/mp3_vs1053.o
                0x0000000000004f18                mp3__reset_xdcs
 .text.data_request
                0x0000000000004f24        0xc _build_lpc40xx_freertos/obj/mp3_vs1053.o
                0x0000000000004f24                data_request
 .text.mp3__sci_write
                0x0000000000004f30       0x4c _build_lpc40xx_freertos/obj/mp3_vs1053.o
                0x0000000000004f30                mp3__sci_write
 .text.mp3__sci_read
                0x0000000000004f7c       0x54 _build_lpc40xx_freertos/obj/mp3_vs1053.o
                0x0000000000004f7c                mp3__sci_read
 .text.mp3__software_reset
                0x0000000000004fd0       0x16 _build_lpc40xx_freertos/obj/mp3_vs1053.o
                0x0000000000004fd0                mp3__software_reset
 *fill*         0x0000000000004fe6        0x2 ff
 .text.mp3__hardware_reset
                0x0000000000004fe8       0x78 _build_lpc40xx_freertos/obj/mp3_vs1053.o
                0x0000000000004fe8                mp3__hardware_reset
 .text.mp3__init
                0x0000000000005060       0xd0 _build_lpc40xx_freertos/obj/mp3_vs1053.o
                0x0000000000005060                mp3__init
 .text.mp3__sine_test
                0x0000000000005130       0xb0 _build_lpc40xx_freertos/obj/mp3_vs1053.o
                0x0000000000005130                mp3__sine_test
 .text.ssp2__dma_transfer_block
                0x00000000000051e0       0x98 _build_lpc40xx_freertos/obj/ssp2.o
 .text.ssp2__set_max_clock
                0x0000000000005278       0x2c _build_lpc40xx_freertos/obj/ssp2.o
                0x0000000000005278                ssp2__set_max_clock
 .text.ssp2__initialize
                0x00000000000052a4       0x44 _build_lpc40xx_freertos/obj/ssp2.o
                0x00000000000052a4                ssp2__initialize
 .text.ssp2__exchange_byte
                0x00000000000052e8       0x14 _build_lpc40xx_freertos/obj/ssp2.o
                0x00000000000052e8                ssp2__exchange_byte
 .text.ssp2__dma_write_block
                0x00000000000052fc        0x6 _build_lpc40xx_freertos/obj/ssp2.o
                0x00000000000052fc                ssp2__dma_write_block
 .text.ssp2__dma_read_block
                0x0000000000005302        0x6 _build_lpc40xx_freertos/obj/ssp2.o
                0x0000000000005302                ssp2__dma_read_block
 .text.uart__isr_common
                0x0000000000005308       0x94 _build_lpc40xx_freertos/obj/uart.o
 .text.uart3_isr
                0x000000000000539c        0xc _build_lpc40xx_freertos/obj/uart.o
 .text.uart2_isr
                0x00000000000053a8        0xc _build_lpc40xx_freertos/obj/uart.o
 .text.uart1_isr
                0x00000000000053b4        0xc _build_lpc40xx_freertos/obj/uart.o
 .text.uart0_isr
                0x00000000000053c0        0xc _build_lpc40xx_freertos/obj/uart.o
 .text.uart__init
                0x00000000000053cc       0x58 _build_lpc40xx_freertos/obj/uart.o
                0x00000000000053cc                uart__init
 .text.uart__is_initialized
                0x0000000000005424       0x28 _build_lpc40xx_freertos/obj/uart.o
                0x0000000000005424                uart__is_initialized
 .text.uart__is_transmit_queue_initialized
                0x000000000000544c       0x14 _build_lpc40xx_freertos/obj/uart.o
                0x000000000000544c                uart__is_transmit_queue_initialized
 .text.uart__enable_queues
                0x0000000000005460       0x78 _build_lpc40xx_freertos/obj/uart.o
                0x0000000000005460                uart__enable_queues
 .text.uart__polled_put
                0x00000000000054d8       0x24 _build_lpc40xx_freertos/obj/uart.o
                0x00000000000054d8                uart__polled_put
 .text.uart__get
                0x00000000000054fc       0x4c _build_lpc40xx_freertos/obj/uart.o
                0x00000000000054fc                uart__get
 .text.uart__polled_get
                0x0000000000005548       0x54 _build_lpc40xx_freertos/obj/uart.o
                0x0000000000005548                uart__polled_get
 .text.uart__put
                0x000000000000559c       0x7c _build_lpc40xx_freertos/obj/uart.o
                0x000000000000559c                uart__put
 .text          0x0000000000005618       0x30 /Users/sean/Projects/Playmate/sjtwo-c/toolchains/mac/gcc-arm-none-eabi-8-2019-q3-update/bin/../lib/gcc/arm-none-eabi/8.3.1/thumb/v7e-m+fp/hard/libgcc.a(_aeabi_uldivmod.o)
                0x0000000000005618                __aeabi_uldivmod
 .text          0x0000000000005648      0x2d0 /Users/sean/Projects/Playmate/sjtwo-c/toolchains/mac/gcc-arm-none-eabi-8-2019-q3-update/bin/../lib/gcc/arm-none-eabi/8.3.1/thumb/v7e-m+fp/hard/libgcc.a(_udivmoddi4.o)
                0x0000000000005648                __udivmoddi4
 .text          0x0000000000005918        0x4 /Users/sean/Projects/Playmate/sjtwo-c/toolchains/mac/gcc-arm-none-eabi-8-2019-q3-update/bin/../lib/gcc/arm-none-eabi/8.3.1/thumb/v7e-m+fp/hard/libgcc.a(_dvmd_tls.o)
                0x0000000000005918                __aeabi_ldiv0
                0x0000000000005918                __aeabi_idiv0
 .text.atoi     0x000000000000591c        0x8 /Users/sean/Projects/Playmate/sjtwo-c/toolchains/mac/gcc-arm-none-eabi-8-2019-q3-update/bin/../lib/gcc/arm-none-eabi/8.3.1/../../../../arm-none-eabi/lib/thumb/v7e-m+fp/hard/libg_nano.a(lib_a-atoi.o)
                0x000000000000591c                atoi
 .text.fprintf  0x0000000000005924       0x24 /Users/sean/Projects/Playmate/sjtwo-c/toolchains/mac/gcc-arm-none-eabi-8-2019-q3-update/bin/../lib/gcc/arm-none-eabi/8.3.1/../../../../arm-none-eabi/lib/thumb/v7e-m+fp/hard/libg_nano.a(lib_a-fprintf.o)
                0x0000000000005924                fprintf
                0x0000000000005924                fiprintf
 .text._fputs_r
                0x0000000000005948       0xcc /Users/sean/Projects/Playmate/sjtwo-c/toolchains/mac/gcc-arm-none-eabi-8-2019-q3-update/bin/../lib/gcc/arm-none-eabi/8.3.1/../../../../arm-none-eabi/lib/thumb/v7e-m+fp/hard/libg_nano.a(lib_a-fputs.o)
                0x0000000000005948                _fputs_r
 .text.fputs    0x0000000000005a14       0x10 /Users/sean/Projects/Playmate/sjtwo-c/toolchains/mac/gcc-arm-none-eabi-8-2019-q3-update/bin/../lib/gcc/arm-none-eabi/8.3.1/../../../../arm-none-eabi/lib/thumb/v7e-m+fp/hard/libg_nano.a(lib_a-fputs.o)
                0x0000000000005a14                fputs
 .text.getchar  0x0000000000005a24       0x24 /Users/sean/Projects/Playmate/sjtwo-c/toolchains/mac/gcc-arm-none-eabi-8-2019-q3-update/bin/../lib/gcc/arm-none-eabi/8.3.1/../../../../arm-none-eabi/lib/thumb/v7e-m+fp/hard/libg_nano.a(lib_a-getchar.o)
                0x0000000000005a24                getchar
 .text.__retarget_lock_init_recursive
                0x0000000000005a48        0x2 /Users/sean/Projects/Playmate/sjtwo-c/toolchains/mac/gcc-arm-none-eabi-8-2019-q3-update/bin/../lib/gcc/arm-none-eabi/8.3.1/../../../../arm-none-eabi/lib/thumb/v7e-m+fp/hard/libg_nano.a(lib_a-lock.o)
                0x0000000000005a48                __retarget_lock_init_recursive
 .text.__retarget_lock_acquire_recursive
                0x0000000000005a4a        0x2 /Users/sean/Projects/Playmate/sjtwo-c/toolchains/mac/gcc-arm-none-eabi-8-2019-q3-update/bin/../lib/gcc/arm-none-eabi/8.3.1/../../../../arm-none-eabi/lib/thumb/v7e-m+fp/hard/libg_nano.a(lib_a-lock.o)
                0x0000000000005a4a                __retarget_lock_acquire_recursive
 .text.__retarget_lock_release_recursive
                0x0000000000005a4c        0x2 /Users/sean/Projects/Playmate/sjtwo-c/toolchains/mac/gcc-arm-none-eabi-8-2019-q3-update/bin/../lib/gcc/arm-none-eabi/8.3.1/../../../../arm-none-eabi/lib/thumb/v7e-m+fp/hard/libg_nano.a(lib_a-lock.o)
                0x0000000000005a4c                __retarget_lock_release_recursive
 *fill*         0x0000000000005a4e        0x2 ff
 .text.malloc   0x0000000000005a50       0x10 /Users/sean/Projects/Playmate/sjtwo-c/toolchains/mac/gcc-arm-none-eabi-8-2019-q3-update/bin/../lib/gcc/arm-none-eabi/8.3.1/../../../../arm-none-eabi/lib/thumb/v7e-m+fp/hard/libg_nano.a(lib_a-malloc.o)
                0x0000000000005a50                malloc
 .text.free     0x0000000000005a60       0x10 /Users/sean/Projects/Playmate/sjtwo-c/toolchains/mac/gcc-arm-none-eabi-8-2019-q3-update/bin/../lib/gcc/arm-none-eabi/8.3.1/../../../../arm-none-eabi/lib/thumb/v7e-m+fp/hard/libg_nano.a(lib_a-malloc.o)
                0x0000000000005a60                free
 .text.memcpy   0x0000000000005a70       0x1c /Users/sean/Projects/Playmate/sjtwo-c/toolchains/mac/gcc-arm-none-eabi-8-2019-q3-update/bin/../lib/gcc/arm-none-eabi/8.3.1/../../../../arm-none-eabi/lib/thumb/v7e-m+fp/hard/libg_nano.a(lib_a-memcpy-stub.o)
                0x0000000000005a70                memcpy
 .text.memmove  0x0000000000005a8c       0x34 /Users/sean/Projects/Playmate/sjtwo-c/toolchains/mac/gcc-arm-none-eabi-8-2019-q3-update/bin/../lib/gcc/arm-none-eabi/8.3.1/../../../../arm-none-eabi/lib/thumb/v7e-m+fp/hard/libg_nano.a(lib_a-memmove.o)
                0x0000000000005a8c                memmove
 .text.memset   0x0000000000005ac0       0x10 /Users/sean/Projects/Playmate/sjtwo-c/toolchains/mac/gcc-arm-none-eabi-8-2019-q3-update/bin/../lib/gcc/arm-none-eabi/8.3.1/../../../../arm-none-eabi/lib/thumb/v7e-m+fp/hard/libg_nano.a(lib_a-memset.o)
                0x0000000000005ac0                memset
 .text._free_r  0x0000000000005ad0       0x9c /Users/sean/Projects/Playmate/sjtwo-c/toolchains/mac/gcc-arm-none-eabi-8-2019-q3-update/bin/../lib/gcc/arm-none-eabi/8.3.1/../../../../arm-none-eabi/lib/thumb/v7e-m+fp/hard/libg_nano.a(lib_a-nano-freer.o)
                0x0000000000005ad0                _free_r
 .text._malloc_r
                0x0000000000005b6c       0xb4 /Users/sean/Projects/Playmate/sjtwo-c/toolchains/mac/gcc-arm-none-eabi-8-2019-q3-update/bin/../lib/gcc/arm-none-eabi/8.3.1/../../../../arm-none-eabi/lib/thumb/v7e-m+fp/hard/libg_nano.a(lib_a-nano-mallocr.o)
                0x0000000000005b6c                _malloc_r
 .text.__sfputc_r
                0x0000000000005c20       0x2e /Users/sean/Projects/Playmate/sjtwo-c/toolchains/mac/gcc-arm-none-eabi-8-2019-q3-update/bin/../lib/gcc/arm-none-eabi/8.3.1/../../../../arm-none-eabi/lib/thumb/v7e-m+fp/hard/libg_nano.a(lib_a-nano-vfprintf.o)
 .text.__sfputs_r
                0x0000000000005c4e       0x24 /Users/sean/Projects/Playmate/sjtwo-c/toolchains/mac/gcc-arm-none-eabi-8-2019-q3-update/bin/../lib/gcc/arm-none-eabi/8.3.1/../../../../arm-none-eabi/lib/thumb/v7e-m+fp/hard/libg_nano.a(lib_a-nano-vfprintf.o)
                0x0000000000005c4e                __sfputs_r
 *fill*         0x0000000000005c72        0x2 ff
 .text._vfprintf_r
                0x0000000000005c74      0x250 /Users/sean/Projects/Playmate/sjtwo-c/toolchains/mac/gcc-arm-none-eabi-8-2019-q3-update/bin/../lib/gcc/arm-none-eabi/8.3.1/../../../../arm-none-eabi/lib/thumb/v7e-m+fp/hard/libg_nano.a(lib_a-nano-vfprintf.o)
                0x0000000000005c74                _vfiprintf_r
                0x0000000000005c74                _vfprintf_r
 .text.__cvt    0x0000000000005ec4       0xba /Users/sean/Projects/Playmate/sjtwo-c/toolchains/mac/gcc-arm-none-eabi-8-2019-q3-update/bin/../lib/gcc/arm-none-eabi/8.3.1/../../../../arm-none-eabi/lib/thumb/v7e-m+fp/hard/libg_nano.a(lib_a-nano-vfprintf_float.o)
                0x0000000000005ec4                __cvt
 .text.__exponent
                0x0000000000005f7e       0x64 /Users/sean/Projects/Playmate/sjtwo-c/toolchains/mac/gcc-arm-none-eabi-8-2019-q3-update/bin/../lib/gcc/arm-none-eabi/8.3.1/../../../../arm-none-eabi/lib/thumb/v7e-m+fp/hard/libg_nano.a(lib_a-nano-vfprintf_float.o)
                0x0000000000005f7e                __exponent
 *fill*         0x0000000000005fe2        0x2 ff
 .text._printf_float
                0x0000000000005fe4      0x454 /Users/sean/Projects/Playmate/sjtwo-c/toolchains/mac/gcc-arm-none-eabi-8-2019-q3-update/bin/../lib/gcc/arm-none-eabi/8.3.1/../../../../arm-none-eabi/lib/thumb/v7e-m+fp/hard/libg_nano.a(lib_a-nano-vfprintf_float.o)
                0x0000000000005fe4                _printf_float
 .text._printf_common
                0x0000000000006438       0xea /Users/sean/Projects/Playmate/sjtwo-c/toolchains/mac/gcc-arm-none-eabi-8-2019-q3-update/bin/../lib/gcc/arm-none-eabi/8.3.1/../../../../arm-none-eabi/lib/thumb/v7e-m+fp/hard/libg_nano.a(lib_a-nano-vfprintf_i.o)
                0x0000000000006438                _printf_common
 *fill*         0x0000000000006522        0x2 ff
 .text._printf_i
                0x0000000000006524      0x228 /Users/sean/Projects/Playmate/sjtwo-c/toolchains/mac/gcc-arm-none-eabi-8-2019-q3-update/bin/../lib/gcc/arm-none-eabi/8.3.1/../../../../arm-none-eabi/lib/thumb/v7e-m+fp/hard/libg_nano.a(lib_a-nano-vfprintf_i.o)
                0x0000000000006524                _printf_i
 .text._scanf_float
                0x000000000000674c      0x3c0 /Users/sean/Projects/Playmate/sjtwo-c/toolchains/mac/gcc-arm-none-eabi-8-2019-q3-update/bin/../lib/gcc/arm-none-eabi/8.3.1/../../../../arm-none-eabi/lib/thumb/v7e-m+fp/hard/libg_nano.a(lib_a-nano-vfscanf_float.o)
                0x000000000000674c                _scanf_float
 .text.printf   0x0000000000006b0c       0x30 /Users/sean/Projects/Playmate/sjtwo-c/toolchains/mac/gcc-arm-none-eabi-8-2019-q3-update/bin/../lib/gcc/arm-none-eabi/8.3.1/../../../../arm-none-eabi/lib/thumb/v7e-m+fp/hard/libg_nano.a(lib_a-printf.o)
                0x0000000000006b0c                printf
                0x0000000000006b0c                iprintf
 .text.putchar  0x0000000000006b3c       0x28 /Users/sean/Projects/Playmate/sjtwo-c/toolchains/mac/gcc-arm-none-eabi-8-2019-q3-update/bin/../lib/gcc/arm-none-eabi/8.3.1/../../../../arm-none-eabi/lib/thumb/v7e-m+fp/hard/libg_nano.a(lib_a-putchar.o)
                0x0000000000006b3c                putchar
 .text._puts_r  0x0000000000006b64       0xdc /Users/sean/Projects/Playmate/sjtwo-c/toolchains/mac/gcc-arm-none-eabi-8-2019-q3-update/bin/../lib/gcc/arm-none-eabi/8.3.1/../../../../arm-none-eabi/lib/thumb/v7e-m+fp/hard/libg_nano.a(lib_a-puts.o)
                0x0000000000006b64                _puts_r
 .text.puts     0x0000000000006c40       0x10 /Users/sean/Projects/Playmate/sjtwo-c/toolchains/mac/gcc-arm-none-eabi-8-2019-q3-update/bin/../lib/gcc/arm-none-eabi/8.3.1/../../../../arm-none-eabi/lib/thumb/v7e-m+fp/hard/libg_nano.a(lib_a-puts.o)
                0x0000000000006c40                puts
 .text._sbrk_r  0x0000000000006c50       0x20 /Users/sean/Projects/Playmate/sjtwo-c/toolchains/mac/gcc-arm-none-eabi-8-2019-q3-update/bin/../lib/gcc/arm-none-eabi/8.3.1/../../../../arm-none-eabi/lib/thumb/v7e-m+fp/hard/libg_nano.a(lib_a-sbrkr.o)
                0x0000000000006c50                _sbrk_r
 .text.setvbuf  0x0000000000006c70      0x184 /Users/sean/Projects/Playmate/sjtwo-c/toolchains/mac/gcc-arm-none-eabi-8-2019-q3-update/bin/../lib/gcc/arm-none-eabi/8.3.1/../../../../arm-none-eabi/lib/thumb/v7e-m+fp/hard/libg_nano.a(lib_a-setvbuf.o)
                0x0000000000006c70                setvbuf
 .text.nanf     0x0000000000006df4        0xc /Users/sean/Projects/Playmate/sjtwo-c/toolchains/mac/gcc-arm-none-eabi-8-2019-q3-update/bin/../lib/gcc/arm-none-eabi/8.3.1/../../../../arm-none-eabi/lib/thumb/v7e-m+fp/hard/libg_nano.a(lib_a-sf_nan.o)
                0x0000000000006df4                nanf
 .text.sprintf  0x0000000000006e00       0x40 /Users/sean/Projects/Playmate/sjtwo-c/toolchains/mac/gcc-arm-none-eabi-8-2019-q3-update/bin/../lib/gcc/arm-none-eabi/8.3.1/../../../../arm-none-eabi/lib/thumb/v7e-m+fp/hard/libg_nano.a(lib_a-sprintf.o)
                0x0000000000006e00                sprintf
                0x0000000000006e00                siprintf
 .text.strcasecmp
                0x0000000000006e40       0x38 /Users/sean/Projects/Playmate/sjtwo-c/toolchains/mac/gcc-arm-none-eabi-8-2019-q3-update/bin/../lib/gcc/arm-none-eabi/8.3.1/../../../../arm-none-eabi/lib/thumb/v7e-m+fp/hard/libg_nano.a(lib_a-strcasecmp.o)
                0x0000000000006e40                strcasecmp
 .text.strchr   0x0000000000006e78       0x1a /Users/sean/Projects/Playmate/sjtwo-c/toolchains/mac/gcc-arm-none-eabi-8-2019-q3-update/bin/../lib/gcc/arm-none-eabi/8.3.1/../../../../arm-none-eabi/lib/thumb/v7e-m+fp/hard/libg_nano.a(lib_a-strchr.o)
                0x0000000000006e78                strchr
 .text          0x0000000000006e92       0x10 /Users/sean/Projects/Playmate/sjtwo-c/toolchains/mac/gcc-arm-none-eabi-8-2019-q3-update/bin/../lib/gcc/arm-none-eabi/8.3.1/../../../../arm-none-eabi/lib/thumb/v7e-m+fp/hard/libg_nano.a(lib_a-strlen.o)
                0x0000000000006e92                strlen
 *fill*         0x0000000000006ea2        0x2 ff
 .text.strncasecmp
                0x0000000000006ea4       0x44 /Users/sean/Projects/Playmate/sjtwo-c/toolchains/mac/gcc-arm-none-eabi-8-2019-q3-update/bin/../lib/gcc/arm-none-eabi/8.3.1/../../../../arm-none-eabi/lib/thumb/v7e-m+fp/hard/libg_nano.a(lib_a-strncasecmp.o)
                0x0000000000006ea4                strncasecmp
 .text.strncmp  0x0000000000006ee8       0x24 /Users/sean/Projects/Playmate/sjtwo-c/toolchains/mac/gcc-arm-none-eabi-8-2019-q3-update/bin/../lib/gcc/arm-none-eabi/8.3.1/../../../../arm-none-eabi/lib/thumb/v7e-m+fp/hard/libg_nano.a(lib_a-strncmp.o)
                0x0000000000006ee8                strncmp
 .text.strncpy  0x0000000000006f0c       0x26 /Users/sean/Projects/Playmate/sjtwo-c/toolchains/mac/gcc-arm-none-eabi-8-2019-q3-update/bin/../lib/gcc/arm-none-eabi/8.3.1/../../../../arm-none-eabi/lib/thumb/v7e-m+fp/hard/libg_nano.a(lib_a-strncpy.o)
                0x0000000000006f0c                strncpy
 .text.strstr   0x0000000000006f32       0x2e /Users/sean/Projects/Playmate/sjtwo-c/toolchains/mac/gcc-arm-none-eabi-8-2019-q3-update/bin/../lib/gcc/arm-none-eabi/8.3.1/../../../../arm-none-eabi/lib/thumb/v7e-m+fp/hard/libg_nano.a(lib_a-strstr.o)
                0x0000000000006f32                strstr
 .text.sulp     0x0000000000006f60       0x38 /Users/sean/Projects/Playmate/sjtwo-c/toolchains/mac/gcc-arm-none-eabi-8-2019-q3-update/bin/../lib/gcc/arm-none-eabi/8.3.1/../../../../arm-none-eabi/lib/thumb/v7e-m+fp/hard/libg_nano.a(lib_a-strtod.o)
 .text._strtod_l
                0x0000000000006f98      0xb98 /Users/sean/Projects/Playmate/sjtwo-c/toolchains/mac/gcc-arm-none-eabi-8-2019-q3-update/bin/../lib/gcc/arm-none-eabi/8.3.1/../../../../arm-none-eabi/lib/thumb/v7e-m+fp/hard/libg_nano.a(lib_a-strtod.o)
                0x0000000000006f98                _strtod_l
 .text._strtod_r
                0x0000000000007b30        0xc /Users/sean/Projects/Playmate/sjtwo-c/toolchains/mac/gcc-arm-none-eabi-8-2019-q3-update/bin/../lib/gcc/arm-none-eabi/8.3.1/../../../../arm-none-eabi/lib/thumb/v7e-m+fp/hard/libg_nano.a(lib_a-strtod.o)
                0x0000000000007b30                _strtod_r
 .text._strtol_l.isra.0
                0x0000000000007b3c       0xf0 /Users/sean/Projects/Playmate/sjtwo-c/toolchains/mac/gcc-arm-none-eabi-8-2019-q3-update/bin/../lib/gcc/arm-none-eabi/8.3.1/../../../../arm-none-eabi/lib/thumb/v7e-m+fp/hard/libg_nano.a(lib_a-strtol.o)
 .text._strtol_r
                0x0000000000007c2c        0x4 /Users/sean/Projects/Playmate/sjtwo-c/toolchains/mac/gcc-arm-none-eabi-8-2019-q3-update/bin/../lib/gcc/arm-none-eabi/8.3.1/../../../../arm-none-eabi/lib/thumb/v7e-m+fp/hard/libg_nano.a(lib_a-strtol.o)
                0x0000000000007c2c                _strtol_r
 .text.strtol   0x0000000000007c30       0x14 /Users/sean/Projects/Playmate/sjtwo-c/toolchains/mac/gcc-arm-none-eabi-8-2019-q3-update/bin/../lib/gcc/arm-none-eabi/8.3.1/../../../../arm-none-eabi/lib/thumb/v7e-m+fp/hard/libg_nano.a(lib_a-strtol.o)
                0x0000000000007c30                strtol
 .text._vsnprintf_r
                0x0000000000007c44       0x58 /Users/sean/Projects/Playmate/sjtwo-c/toolchains/mac/gcc-arm-none-eabi-8-2019-q3-update/bin/../lib/gcc/arm-none-eabi/8.3.1/../../../../arm-none-eabi/lib/thumb/v7e-m+fp/hard/libg_nano.a(lib_a-vsnprintf.o)
                0x0000000000007c44                _vsnprintf_r
                0x0000000000007c44                _vsniprintf_r
 .text.vsnprintf
                0x0000000000007c9c       0x1c /Users/sean/Projects/Playmate/sjtwo-c/toolchains/mac/gcc-arm-none-eabi-8-2019-q3-update/bin/../lib/gcc/arm-none-eabi/8.3.1/../../../../arm-none-eabi/lib/thumb/v7e-m+fp/hard/libg_nano.a(lib_a-vsnprintf.o)
                0x0000000000007c9c                vsnprintf
                0x0000000000007c9c                vsniprintf
 .text._vsscanf_r
                0x0000000000007cb8       0x48 /Users/sean/Projects/Playmate/sjtwo-c/toolchains/mac/gcc-arm-none-eabi-8-2019-q3-update/bin/../lib/gcc/arm-none-eabi/8.3.1/../../../../arm-none-eabi/lib/thumb/v7e-m+fp/hard/libg_nano.a(lib_a-vsscanf.o)
                0x0000000000007cb8                _vsiscanf_r
                0x0000000000007cb8                _vsscanf_r
 .text.vsscanf  0x0000000000007d00       0x14 /Users/sean/Projects/Playmate/sjtwo-c/toolchains/mac/gcc-arm-none-eabi-8-2019-q3-update/bin/../lib/gcc/arm-none-eabi/8.3.1/../../../../arm-none-eabi/lib/thumb/v7e-m+fp/hard/libg_nano.a(lib_a-vsscanf.o)
                0x0000000000007d00                vsscanf
                0x0000000000007d00                vsiscanf
 .text.__swbuf_r
                0x0000000000007d14       0xa4 /Users/sean/Projects/Playmate/sjtwo-c/toolchains/mac/gcc-arm-none-eabi-8-2019-q3-update/bin/../lib/gcc/arm-none-eabi/8.3.1/../../../../arm-none-eabi/lib/thumb/v7e-m+fp/hard/libg_nano.a(lib_a-wbuf.o)
                0x0000000000007d14                __swbuf_r
 .text.__swsetup_r
                0x0000000000007db8       0xdc /Users/sean/Projects/Playmate/sjtwo-c/toolchains/mac/gcc-arm-none-eabi-8-2019-q3-update/bin/../lib/gcc/arm-none-eabi/8.3.1/../../../../arm-none-eabi/lib/thumb/v7e-m+fp/hard/libg_nano.a(lib_a-wsetup.o)
                0x0000000000007db8                __swsetup_r
 .text.quorem   0x0000000000007e94      0x112 /Users/sean/Projects/Playmate/sjtwo-c/toolchains/mac/gcc-arm-none-eabi-8-2019-q3-update/bin/../lib/gcc/arm-none-eabi/8.3.1/../../../../arm-none-eabi/lib/thumb/v7e-m+fp/hard/libg_nano.a(lib_a-dtoa.o)
 *fill*         0x0000000000007fa6        0x2 ff
 .text._dtoa_r  0x0000000000007fa8      0xb74 /Users/sean/Projects/Playmate/sjtwo-c/toolchains/mac/gcc-arm-none-eabi-8-2019-q3-update/bin/../lib/gcc/arm-none-eabi/8.3.1/../../../../arm-none-eabi/lib/thumb/v7e-m+fp/hard/libg_nano.a(lib_a-dtoa.o)
                0x0000000000007fa8                _dtoa_r
 .text.__sflush_r
                0x0000000000008b1c      0x10c /Users/sean/Projects/Playmate/sjtwo-c/toolchains/mac/gcc-arm-none-eabi-8-2019-q3-update/bin/../lib/gcc/arm-none-eabi/8.3.1/../../../../arm-none-eabi/lib/thumb/v7e-m+fp/hard/libg_nano.a(lib_a-fflush.o)
                0x0000000000008b1c                __sflush_r
 .text._fflush_r
                0x0000000000008c28       0x78 /Users/sean/Projects/Playmate/sjtwo-c/toolchains/mac/gcc-arm-none-eabi-8-2019-q3-update/bin/../lib/gcc/arm-none-eabi/8.3.1/../../../../arm-none-eabi/lib/thumb/v7e-m+fp/hard/libg_nano.a(lib_a-fflush.o)
                0x0000000000008c28                _fflush_r
 .text.fflush   0x0000000000008ca0       0x24 /Users/sean/Projects/Playmate/sjtwo-c/toolchains/mac/gcc-arm-none-eabi-8-2019-q3-update/bin/../lib/gcc/arm-none-eabi/8.3.1/../../../../arm-none-eabi/lib/thumb/v7e-m+fp/hard/libg_nano.a(lib_a-fflush.o)
                0x0000000000008ca0                fflush
 .text.std      0x0000000000008cc4       0x48 /Users/sean/Projects/Playmate/sjtwo-c/toolchains/mac/gcc-arm-none-eabi-8-2019-q3-update/bin/../lib/gcc/arm-none-eabi/8.3.1/../../../../arm-none-eabi/lib/thumb/v7e-m+fp/hard/libg_nano.a(lib_a-findfp.o)
 .text._cleanup_r
                0x0000000000008d0c        0xc /Users/sean/Projects/Playmate/sjtwo-c/toolchains/mac/gcc-arm-none-eabi-8-2019-q3-update/bin/../lib/gcc/arm-none-eabi/8.3.1/../../../../arm-none-eabi/lib/thumb/v7e-m+fp/hard/libg_nano.a(lib_a-findfp.o)
                0x0000000000008d0c                _cleanup_r
 .text.__sfmoreglue
                0x0000000000008d18       0x2c /Users/sean/Projects/Playmate/sjtwo-c/toolchains/mac/gcc-arm-none-eabi-8-2019-q3-update/bin/../lib/gcc/arm-none-eabi/8.3.1/../../../../arm-none-eabi/lib/thumb/v7e-m+fp/hard/libg_nano.a(lib_a-findfp.o)
                0x0000000000008d18                __sfmoreglue
 .text.__sfp_lock_acquire
                0x0000000000008d44        0xc /Users/sean/Projects/Playmate/sjtwo-c/toolchains/mac/gcc-arm-none-eabi-8-2019-q3-update/bin/../lib/gcc/arm-none-eabi/8.3.1/../../../../arm-none-eabi/lib/thumb/v7e-m+fp/hard/libg_nano.a(lib_a-findfp.o)
                0x0000000000008d44                __sfp_lock_acquire
 .text.__sfp_lock_release
                0x0000000000008d50        0xc /Users/sean/Projects/Playmate/sjtwo-c/toolchains/mac/gcc-arm-none-eabi-8-2019-q3-update/bin/../lib/gcc/arm-none-eabi/8.3.1/../../../../arm-none-eabi/lib/thumb/v7e-m+fp/hard/libg_nano.a(lib_a-findfp.o)
                0x0000000000008d50                __sfp_lock_release
 .text.__sinit_lock_acquire
                0x0000000000008d5c        0xc /Users/sean/Projects/Playmate/sjtwo-c/toolchains/mac/gcc-arm-none-eabi-8-2019-q3-update/bin/../lib/gcc/arm-none-eabi/8.3.1/../../../../arm-none-eabi/lib/thumb/v7e-m+fp/hard/libg_nano.a(lib_a-findfp.o)
                0x0000000000008d5c                __sinit_lock_acquire
 .text.__sinit_lock_release
                0x0000000000008d68        0xc /Users/sean/Projects/Playmate/sjtwo-c/toolchains/mac/gcc-arm-none-eabi-8-2019-q3-update/bin/../lib/gcc/arm-none-eabi/8.3.1/../../../../arm-none-eabi/lib/thumb/v7e-m+fp/hard/libg_nano.a(lib_a-findfp.o)
                0x0000000000008d68                __sinit_lock_release
 .text.__sinit  0x0000000000008d74       0x70 /Users/sean/Projects/Playmate/sjtwo-c/toolchains/mac/gcc-arm-none-eabi-8-2019-q3-update/bin/../lib/gcc/arm-none-eabi/8.3.1/../../../../arm-none-eabi/lib/thumb/v7e-m+fp/hard/libg_nano.a(lib_a-findfp.o)
                0x0000000000008d74                __sinit
 .text.__sfp    0x0000000000008de4       0x8c /Users/sean/Projects/Playmate/sjtwo-c/toolchains/mac/gcc-arm-none-eabi-8-2019-q3-update/bin/../lib/gcc/arm-none-eabi/8.3.1/../../../../arm-none-eabi/lib/thumb/v7e-m+fp/hard/libg_nano.a(lib_a-findfp.o)
                0x0000000000008de4                __sfp
 .text._fwalk   0x0000000000008e70       0x38 /Users/sean/Projects/Playmate/sjtwo-c/toolchains/mac/gcc-arm-none-eabi-8-2019-q3-update/bin/../lib/gcc/arm-none-eabi/8.3.1/../../../../arm-none-eabi/lib/thumb/v7e-m+fp/hard/libg_nano.a(lib_a-fwalk.o)
                0x0000000000008e70                _fwalk
 .text._fwalk_reent
                0x0000000000008ea8       0x3c /Users/sean/Projects/Playmate/sjtwo-c/toolchains/mac/gcc-arm-none-eabi-8-2019-q3-update/bin/../lib/gcc/arm-none-eabi/8.3.1/../../../../arm-none-eabi/lib/thumb/v7e-m+fp/hard/libg_nano.a(lib_a-fwalk.o)
                0x0000000000008ea8                _fwalk_reent
 .text.rshift   0x0000000000008ee4       0x74 /Users/sean/Projects/Playmate/sjtwo-c/toolchains/mac/gcc-arm-none-eabi-8-2019-q3-update/bin/../lib/gcc/arm-none-eabi/8.3.1/../../../../arm-none-eabi/lib/thumb/v7e-m+fp/hard/libg_nano.a(lib_a-gdtoa-gethex.o)
 .text.__hexdig_fun
                0x0000000000008f58       0x2a /Users/sean/Projects/Playmate/sjtwo-c/toolchains/mac/gcc-arm-none-eabi-8-2019-q3-update/bin/../lib/gcc/arm-none-eabi/8.3.1/../../../../arm-none-eabi/lib/thumb/v7e-m+fp/hard/libg_nano.a(lib_a-gdtoa-gethex.o)
                0x0000000000008f58                __hexdig_fun
 *fill*         0x0000000000008f82        0x2 ff
 .text.__gethex
                0x0000000000008f84      0x448 /Users/sean/Projects/Playmate/sjtwo-c/toolchains/mac/gcc-arm-none-eabi-8-2019-q3-update/bin/../lib/gcc/arm-none-eabi/8.3.1/../../../../arm-none-eabi/lib/thumb/v7e-m+fp/hard/libg_nano.a(lib_a-gdtoa-gethex.o)
                0x0000000000008f84                __gethex
 .text.L_shift  0x00000000000093cc       0x24 /Users/sean/Projects/Playmate/sjtwo-c/toolchains/mac/gcc-arm-none-eabi-8-2019-q3-update/bin/../lib/gcc/arm-none-eabi/8.3.1/../../../../arm-none-eabi/lib/thumb/v7e-m+fp/hard/libg_nano.a(lib_a-gdtoa-hexnan.o)
 .text.__match  0x00000000000093f0       0x28 /Users/sean/Projects/Playmate/sjtwo-c/toolchains/mac/gcc-arm-none-eabi-8-2019-q3-update/bin/../lib/gcc/arm-none-eabi/8.3.1/../../../../arm-none-eabi/lib/thumb/v7e-m+fp/hard/libg_nano.a(lib_a-gdtoa-hexnan.o)
                0x00000000000093f0                __match
 .text.__hexnan
                0x0000000000009418      0x120 /Users/sean/Projects/Playmate/sjtwo-c/toolchains/mac/gcc-arm-none-eabi-8-2019-q3-update/bin/../lib/gcc/arm-none-eabi/8.3.1/../../../../arm-none-eabi/lib/thumb/v7e-m+fp/hard/libg_nano.a(lib_a-gdtoa-hexnan.o)
                0x0000000000009418                __hexnan
 .text._getc_r  0x0000000000009538       0x80 /Users/sean/Projects/Playmate/sjtwo-c/toolchains/mac/gcc-arm-none-eabi-8-2019-q3-update/bin/../lib/gcc/arm-none-eabi/8.3.1/../../../../arm-none-eabi/lib/thumb/v7e-m+fp/hard/libg_nano.a(lib_a-getc.o)
                0x0000000000009538                _getc_r
 .text._localeconv_r
                0x00000000000095b8        0x8 /Users/sean/Projects/Playmate/sjtwo-c/toolchains/mac/gcc-arm-none-eabi-8-2019-q3-update/bin/../lib/gcc/arm-none-eabi/8.3.1/../../../../arm-none-eabi/lib/thumb/v7e-m+fp/hard/libg_nano.a(lib_a-localeconv.o)
                0x00000000000095b8                _localeconv_r
 .text.__swhatbuf_r
                0x00000000000095c0       0x48 /Users/sean/Projects/Playmate/sjtwo-c/toolchains/mac/gcc-arm-none-eabi-8-2019-q3-update/bin/../lib/gcc/arm-none-eabi/8.3.1/../../../../arm-none-eabi/lib/thumb/v7e-m+fp/hard/libg_nano.a(lib_a-makebuf.o)
                0x00000000000095c0                __swhatbuf_r
 .text.__smakebuf_r
                0x0000000000009608       0x80 /Users/sean/Projects/Playmate/sjtwo-c/toolchains/mac/gcc-arm-none-eabi-8-2019-q3-update/bin/../lib/gcc/arm-none-eabi/8.3.1/../../../../arm-none-eabi/lib/thumb/v7e-m+fp/hard/libg_nano.a(lib_a-makebuf.o)
                0x0000000000009608                __smakebuf_r
 .text.__ascii_mbtowc
                0x0000000000009688       0x24 /Users/sean/Projects/Playmate/sjtwo-c/toolchains/mac/gcc-arm-none-eabi-8-2019-q3-update/bin/../lib/gcc/arm-none-eabi/8.3.1/../../../../arm-none-eabi/lib/thumb/v7e-m+fp/hard/libg_nano.a(lib_a-mbtowc_r.o)
                0x0000000000009688                __ascii_mbtowc
 *fill*         0x00000000000096ac        0x4 ff
 .text          0x00000000000096b0       0xa0 /Users/sean/Projects/Playmate/sjtwo-c/toolchains/mac/gcc-arm-none-eabi-8-2019-q3-update/bin/../lib/gcc/arm-none-eabi/8.3.1/../../../../arm-none-eabi/lib/thumb/v7e-m+fp/hard/libg_nano.a(lib_a-memchr.o)
                0x00000000000096b0                memchr
 .text.__malloc_lock
                0x0000000000009750        0xc /Users/sean/Projects/Playmate/sjtwo-c/toolchains/mac/gcc-arm-none-eabi-8-2019-q3-update/bin/../lib/gcc/arm-none-eabi/8.3.1/../../../../arm-none-eabi/lib/thumb/v7e-m+fp/hard/libg_nano.a(lib_a-mlock.o)
                0x0000000000009750                __malloc_lock
 .text.__malloc_unlock
                0x000000000000975c        0xc /Users/sean/Projects/Playmate/sjtwo-c/toolchains/mac/gcc-arm-none-eabi-8-2019-q3-update/bin/../lib/gcc/arm-none-eabi/8.3.1/../../../../arm-none-eabi/lib/thumb/v7e-m+fp/hard/libg_nano.a(lib_a-mlock.o)
                0x000000000000975c                __malloc_unlock
 .text._Balloc  0x0000000000009768       0x68 /Users/sean/Projects/Playmate/sjtwo-c/toolchains/mac/gcc-arm-none-eabi-8-2019-q3-update/bin/../lib/gcc/arm-none-eabi/8.3.1/../../../../arm-none-eabi/lib/thumb/v7e-m+fp/hard/libg_nano.a(lib_a-mprec.o)
                0x0000000000009768                _Balloc
 .text._Bfree   0x00000000000097d0       0x2e /Users/sean/Projects/Playmate/sjtwo-c/toolchains/mac/gcc-arm-none-eabi-8-2019-q3-update/bin/../lib/gcc/arm-none-eabi/8.3.1/../../../../arm-none-eabi/lib/thumb/v7e-m+fp/hard/libg_nano.a(lib_a-mprec.o)
                0x00000000000097d0                _Bfree
 .text.__multadd
                0x00000000000097fe       0x76 /Users/sean/Projects/Playmate/sjtwo-c/toolchains/mac/gcc-arm-none-eabi-8-2019-q3-update/bin/../lib/gcc/arm-none-eabi/8.3.1/../../../../arm-none-eabi/lib/thumb/v7e-m+fp/hard/libg_nano.a(lib_a-mprec.o)
                0x00000000000097fe                __multadd
 .text.__s2b    0x0000000000009874       0x7c /Users/sean/Projects/Playmate/sjtwo-c/toolchains/mac/gcc-arm-none-eabi-8-2019-q3-update/bin/../lib/gcc/arm-none-eabi/8.3.1/../../../../arm-none-eabi/lib/thumb/v7e-m+fp/hard/libg_nano.a(lib_a-mprec.o)
                0x0000000000009874                __s2b
 .text.__hi0bits
                0x00000000000098f0       0x40 /Users/sean/Projects/Playmate/sjtwo-c/toolchains/mac/gcc-arm-none-eabi-8-2019-q3-update/bin/../lib/gcc/arm-none-eabi/8.3.1/../../../../arm-none-eabi/lib/thumb/v7e-m+fp/hard/libg_nano.a(lib_a-mprec.o)
                0x00000000000098f0                __hi0bits
 .text.__lo0bits
                0x0000000000009930       0x60 /Users/sean/Projects/Playmate/sjtwo-c/toolchains/mac/gcc-arm-none-eabi-8-2019-q3-update/bin/../lib/gcc/arm-none-eabi/8.3.1/../../../../arm-none-eabi/lib/thumb/v7e-m+fp/hard/libg_nano.a(lib_a-mprec.o)
                0x0000000000009930                __lo0bits
 .text.__i2b    0x0000000000009990       0x12 /Users/sean/Projects/Playmate/sjtwo-c/toolchains/mac/gcc-arm-none-eabi-8-2019-q3-update/bin/../lib/gcc/arm-none-eabi/8.3.1/../../../../arm-none-eabi/lib/thumb/v7e-m+fp/hard/libg_nano.a(lib_a-mprec.o)
                0x0000000000009990                __i2b
 .text.__multiply
                0x00000000000099a2      0x120 /Users/sean/Projects/Playmate/sjtwo-c/toolchains/mac/gcc-arm-none-eabi-8-2019-q3-update/bin/../lib/gcc/arm-none-eabi/8.3.1/../../../../arm-none-eabi/lib/thumb/v7e-m+fp/hard/libg_nano.a(lib_a-mprec.o)
                0x00000000000099a2                __multiply
 *fill*         0x0000000000009ac2        0x2 ff
 .text.__pow5mult
                0x0000000000009ac4       0x9c /Users/sean/Projects/Playmate/sjtwo-c/toolchains/mac/gcc-arm-none-eabi-8-2019-q3-update/bin/../lib/gcc/arm-none-eabi/8.3.1/../../../../arm-none-eabi/lib/thumb/v7e-m+fp/hard/libg_nano.a(lib_a-mprec.o)
                0x0000000000009ac4                __pow5mult
 .text.__lshift
                0x0000000000009b60       0xa6 /Users/sean/Projects/Playmate/sjtwo-c/toolchains/mac/gcc-arm-none-eabi-8-2019-q3-update/bin/../lib/gcc/arm-none-eabi/8.3.1/../../../../arm-none-eabi/lib/thumb/v7e-m+fp/hard/libg_nano.a(lib_a-mprec.o)
                0x0000000000009b60                __lshift
 .text.__mcmp   0x0000000000009c06       0x34 /Users/sean/Projects/Playmate/sjtwo-c/toolchains/mac/gcc-arm-none-eabi-8-2019-q3-update/bin/../lib/gcc/arm-none-eabi/8.3.1/../../../../arm-none-eabi/lib/thumb/v7e-m+fp/hard/libg_nano.a(lib_a-mprec.o)
                0x0000000000009c06                __mcmp
 .text.__mdiff  0x0000000000009c3a       0xba /Users/sean/Projects/Playmate/sjtwo-c/toolchains/mac/gcc-arm-none-eabi-8-2019-q3-update/bin/../lib/gcc/arm-none-eabi/8.3.1/../../../../arm-none-eabi/lib/thumb/v7e-m+fp/hard/libg_nano.a(lib_a-mprec.o)
                0x0000000000009c3a                __mdiff
 .text.__ulp    0x0000000000009cf4       0x4c /Users/sean/Projects/Playmate/sjtwo-c/toolchains/mac/gcc-arm-none-eabi-8-2019-q3-update/bin/../lib/gcc/arm-none-eabi/8.3.1/../../../../arm-none-eabi/lib/thumb/v7e-m+fp/hard/libg_nano.a(lib_a-mprec.o)
                0x0000000000009cf4                __ulp
 .text.__b2d    0x0000000000009d40       0xa0 /Users/sean/Projects/Playmate/sjtwo-c/toolchains/mac/gcc-arm-none-eabi-8-2019-q3-update/bin/../lib/gcc/arm-none-eabi/8.3.1/../../../../arm-none-eabi/lib/thumb/v7e-m+fp/hard/libg_nano.a(lib_a-mprec.o)
                0x0000000000009d40                __b2d
 .text.__d2b    0x0000000000009de0       0x9c /Users/sean/Projects/Playmate/sjtwo-c/toolchains/mac/gcc-arm-none-eabi-8-2019-q3-update/bin/../lib/gcc/arm-none-eabi/8.3.1/../../../../arm-none-eabi/lib/thumb/v7e-m+fp/hard/libg_nano.a(lib_a-mprec.o)
                0x0000000000009de0                __d2b
 .text.__ratio  0x0000000000009e7c       0x66 /Users/sean/Projects/Playmate/sjtwo-c/toolchains/mac/gcc-arm-none-eabi-8-2019-q3-update/bin/../lib/gcc/arm-none-eabi/8.3.1/../../../../arm-none-eabi/lib/thumb/v7e-m+fp/hard/libg_nano.a(lib_a-mprec.o)
                0x0000000000009e7c                __ratio
 .text.__copybits
                0x0000000000009ee2       0x34 /Users/sean/Projects/Playmate/sjtwo-c/toolchains/mac/gcc-arm-none-eabi-8-2019-q3-update/bin/../lib/gcc/arm-none-eabi/8.3.1/../../../../arm-none-eabi/lib/thumb/v7e-m+fp/hard/libg_nano.a(lib_a-mprec.o)
                0x0000000000009ee2                __copybits
 .text.__any_on
                0x0000000000009f16       0x42 /Users/sean/Projects/Playmate/sjtwo-c/toolchains/mac/gcc-arm-none-eabi-8-2019-q3-update/bin/../lib/gcc/arm-none-eabi/8.3.1/../../../../arm-none-eabi/lib/thumb/v7e-m+fp/hard/libg_nano.a(lib_a-mprec.o)
                0x0000000000009f16                __any_on
 .text._calloc_r
                0x0000000000009f58       0x1c /Users/sean/Projects/Playmate/sjtwo-c/toolchains/mac/gcc-arm-none-eabi-8-2019-q3-update/bin/../lib/gcc/arm-none-eabi/8.3.1/../../../../arm-none-eabi/lib/thumb/v7e-m+fp/hard/libg_nano.a(lib_a-nano-callocr.o)
                0x0000000000009f58                _calloc_r
 .text._realloc_r
                0x0000000000009f74       0x4c /Users/sean/Projects/Playmate/sjtwo-c/toolchains/mac/gcc-arm-none-eabi-8-2019-q3-update/bin/../lib/gcc/arm-none-eabi/8.3.1/../../../../arm-none-eabi/lib/thumb/v7e-m+fp/hard/libg_nano.a(lib_a-nano-reallocr.o)
                0x0000000000009f74                _realloc_r
 .text.__ssputs_r
                0x0000000000009fc0       0xb6 /Users/sean/Projects/Playmate/sjtwo-c/toolchains/mac/gcc-arm-none-eabi-8-2019-q3-update/bin/../lib/gcc/arm-none-eabi/8.3.1/../../../../arm-none-eabi/lib/thumb/v7e-m+fp/hard/libg_nano.a(lib_a-nano-svfprintf.o)
                0x0000000000009fc0                __ssputs_r
 *fill*         0x000000000000a076        0x2 ff
 .text._svfprintf_r
                0x000000000000a078      0x1f0 /Users/sean/Projects/Playmate/sjtwo-c/toolchains/mac/gcc-arm-none-eabi-8-2019-q3-update/bin/../lib/gcc/arm-none-eabi/8.3.1/../../../../arm-none-eabi/lib/thumb/v7e-m+fp/hard/libg_nano.a(lib_a-nano-svfprintf.o)
                0x000000000000a078                _svfprintf_r
                0x000000000000a078                _svfiprintf_r
 .text._sungetc_r
                0x000000000000a268       0x7a /Users/sean/Projects/Playmate/sjtwo-c/toolchains/mac/gcc-arm-none-eabi-8-2019-q3-update/bin/../lib/gcc/arm-none-eabi/8.3.1/../../../../arm-none-eabi/lib/thumb/v7e-m+fp/hard/libg_nano.a(lib_a-nano-svfscanf.o)
                0x000000000000a268                _sungetc_r
 .text.__ssrefill_r
                0x000000000000a2e2       0x3a /Users/sean/Projects/Playmate/sjtwo-c/toolchains/mac/gcc-arm-none-eabi-8-2019-q3-update/bin/../lib/gcc/arm-none-eabi/8.3.1/../../../../arm-none-eabi/lib/thumb/v7e-m+fp/hard/libg_nano.a(lib_a-nano-svfscanf.o)
                0x000000000000a2e2                __ssrefill_r
 .text.__ssvfscanf_r
                0x000000000000a31c      0x290 /Users/sean/Projects/Playmate/sjtwo-c/toolchains/mac/gcc-arm-none-eabi-8-2019-q3-update/bin/../lib/gcc/arm-none-eabi/8.3.1/../../../../arm-none-eabi/lib/thumb/v7e-m+fp/hard/libg_nano.a(lib_a-nano-svfscanf.o)
                0x000000000000a31c                __ssvfscanf_r
                0x000000000000a31c                __ssvfiscanf_r
 .text._scanf_chars
                0x000000000000a5ac       0xb0 /Users/sean/Projects/Playmate/sjtwo-c/toolchains/mac/gcc-arm-none-eabi-8-2019-q3-update/bin/../lib/gcc/arm-none-eabi/8.3.1/../../../../arm-none-eabi/lib/thumb/v7e-m+fp/hard/libg_nano.a(lib_a-nano-vfscanf_i.o)
                0x000000000000a5ac                _scanf_chars
 .text._scanf_i
                0x000000000000a65c      0x1e8 /Users/sean/Projects/Playmate/sjtwo-c/toolchains/mac/gcc-arm-none-eabi-8-2019-q3-update/bin/../lib/gcc/arm-none-eabi/8.3.1/../../../../arm-none-eabi/lib/thumb/v7e-m+fp/hard/libg_nano.a(lib_a-nano-vfscanf_i.o)
                0x000000000000a65c                _scanf_i
 .text._putc_r  0x000000000000a844       0x90 /Users/sean/Projects/Playmate/sjtwo-c/toolchains/mac/gcc-arm-none-eabi-8-2019-q3-update/bin/../lib/gcc/arm-none-eabi/8.3.1/../../../../arm-none-eabi/lib/thumb/v7e-m+fp/hard/libg_nano.a(lib_a-putc.o)
                0x000000000000a844                _putc_r
 .text.__srget_r
                0x000000000000a8d4       0x58 /Users/sean/Projects/Playmate/sjtwo-c/toolchains/mac/gcc-arm-none-eabi-8-2019-q3-update/bin/../lib/gcc/arm-none-eabi/8.3.1/../../../../arm-none-eabi/lib/thumb/v7e-m+fp/hard/libg_nano.a(lib_a-rget.o)
                0x000000000000a8d4                __srget_r
 *fill*         0x000000000000a92c        0x4 ff
 .text.nan      0x000000000000a930       0x10 /Users/sean/Projects/Playmate/sjtwo-c/toolchains/mac/gcc-arm-none-eabi-8-2019-q3-update/bin/../lib/gcc/arm-none-eabi/8.3.1/../../../../arm-none-eabi/lib/thumb/v7e-m+fp/hard/libg_nano.a(lib_a-s_nan.o)
                0x000000000000a930                nan
 .text.__sccl   0x000000000000a940       0x64 /Users/sean/Projects/Playmate/sjtwo-c/toolchains/mac/gcc-arm-none-eabi-8-2019-q3-update/bin/../lib/gcc/arm-none-eabi/8.3.1/../../../../arm-none-eabi/lib/thumb/v7e-m+fp/hard/libg_nano.a(lib_a-sccl.o)
                0x000000000000a940                __sccl
 .text.__sread  0x000000000000a9a4       0x22 /Users/sean/Projects/Playmate/sjtwo-c/toolchains/mac/gcc-arm-none-eabi-8-2019-q3-update/bin/../lib/gcc/arm-none-eabi/8.3.1/../../../../arm-none-eabi/lib/thumb/v7e-m+fp/hard/libg_nano.a(lib_a-stdio.o)
                0x000000000000a9a4                __sread
 .text.__seofread
                0x000000000000a9c6        0x4 /Users/sean/Projects/Playmate/sjtwo-c/toolchains/mac/gcc-arm-none-eabi-8-2019-q3-update/bin/../lib/gcc/arm-none-eabi/8.3.1/../../../../arm-none-eabi/lib/thumb/v7e-m+fp/hard/libg_nano.a(lib_a-stdio.o)
                0x000000000000a9c6                __seofread
 .text.__swrite
                0x000000000000a9ca       0x38 /Users/sean/Projects/Playmate/sjtwo-c/toolchains/mac/gcc-arm-none-eabi-8-2019-q3-update/bin/../lib/gcc/arm-none-eabi/8.3.1/../../../../arm-none-eabi/lib/thumb/v7e-m+fp/hard/libg_nano.a(lib_a-stdio.o)
                0x000000000000a9ca                __swrite
 .text.__sseek  0x000000000000aa02       0x24 /Users/sean/Projects/Playmate/sjtwo-c/toolchains/mac/gcc-arm-none-eabi-8-2019-q3-update/bin/../lib/gcc/arm-none-eabi/8.3.1/../../../../arm-none-eabi/lib/thumb/v7e-m+fp/hard/libg_nano.a(lib_a-stdio.o)
                0x000000000000aa02                __sseek
 .text.__sclose
                0x000000000000aa26        0x8 /Users/sean/Projects/Playmate/sjtwo-c/toolchains/mac/gcc-arm-none-eabi-8-2019-q3-update/bin/../lib/gcc/arm-none-eabi/8.3.1/../../../../arm-none-eabi/lib/thumb/v7e-m+fp/hard/libg_nano.a(lib_a-stdio.o)
                0x000000000000aa26                __sclose
 *fill*         0x000000000000aa2e        0x2 ff
 .text._strtoul_l.isra.0
                0x000000000000aa30       0xec /Users/sean/Projects/Playmate/sjtwo-c/toolchains/mac/gcc-arm-none-eabi-8-2019-q3-update/bin/../lib/gcc/arm-none-eabi/8.3.1/../../../../arm-none-eabi/lib/thumb/v7e-m+fp/hard/libg_nano.a(lib_a-strtoul.o)
 .text._strtoul_r
                0x000000000000ab1c        0x4 /Users/sean/Projects/Playmate/sjtwo-c/toolchains/mac/gcc-arm-none-eabi-8-2019-q3-update/bin/../lib/gcc/arm-none-eabi/8.3.1/../../../../arm-none-eabi/lib/thumb/v7e-m+fp/hard/libg_nano.a(lib_a-strtoul.o)
                0x000000000000ab1c                _strtoul_r
 .text.__submore
                0x000000000000ab20       0x74 /Users/sean/Projects/Playmate/sjtwo-c/toolchains/mac/gcc-arm-none-eabi-8-2019-q3-update/bin/../lib/gcc/arm-none-eabi/8.3.1/../../../../arm-none-eabi/lib/thumb/v7e-m+fp/hard/libg_nano.a(lib_a-ungetc.o)
                0x000000000000ab20                __submore
 .text.__ascii_wctomb
                0x000000000000ab94       0x1a /Users/sean/Projects/Playmate/sjtwo-c/toolchains/mac/gcc-arm-none-eabi-8-2019-q3-update/bin/../lib/gcc/arm-none-eabi/8.3.1/../../../../arm-none-eabi/lib/thumb/v7e-m+fp/hard/libg_nano.a(lib_a-wctomb_r.o)
                0x000000000000ab94                __ascii_wctomb
 *fill*         0x000000000000abae        0x2 ff
 .text._write_r
                0x000000000000abb0       0x24 /Users/sean/Projects/Playmate/sjtwo-c/toolchains/mac/gcc-arm-none-eabi-8-2019-q3-update/bin/../lib/gcc/arm-none-eabi/8.3.1/../../../../arm-none-eabi/lib/thumb/v7e-m+fp/hard/libg_nano.a(lib_a-writer.o)
                0x000000000000abb0                _write_r
 .text._close_r
                0x000000000000abd4       0x20 /Users/sean/Projects/Playmate/sjtwo-c/toolchains/mac/gcc-arm-none-eabi-8-2019-q3-update/bin/../lib/gcc/arm-none-eabi/8.3.1/../../../../arm-none-eabi/lib/thumb/v7e-m+fp/hard/libg_nano.a(lib_a-closer.o)
                0x000000000000abd4                _close_r
 .text._fstat_r
                0x000000000000abf4       0x24 /Users/sean/Projects/Playmate/sjtwo-c/toolchains/mac/gcc-arm-none-eabi-8-2019-q3-update/bin/../lib/gcc/arm-none-eabi/8.3.1/../../../../arm-none-eabi/lib/thumb/v7e-m+fp/hard/libg_nano.a(lib_a-fstatr.o)
                0x000000000000abf4                _fstat_r
 .text._isatty_r
                0x000000000000ac18       0x20 /Users/sean/Projects/Playmate/sjtwo-c/toolchains/mac/gcc-arm-none-eabi-8-2019-q3-update/bin/../lib/gcc/arm-none-eabi/8.3.1/../../../../arm-none-eabi/lib/thumb/v7e-m+fp/hard/libg_nano.a(lib_a-isattyr.o)
                0x000000000000ac18                _isatty_r
 .text._lseek_r
                0x000000000000ac38       0x24 /Users/sean/Projects/Playmate/sjtwo-c/toolchains/mac/gcc-arm-none-eabi-8-2019-q3-update/bin/../lib/gcc/arm-none-eabi/8.3.1/../../../../arm-none-eabi/lib/thumb/v7e-m+fp/hard/libg_nano.a(lib_a-lseekr.o)
                0x000000000000ac38                _lseek_r
 .text._malloc_usable_size_r
                0x000000000000ac5c       0x10 /Users/sean/Projects/Playmate/sjtwo-c/toolchains/mac/gcc-arm-none-eabi-8-2019-q3-update/bin/../lib/gcc/arm-none-eabi/8.3.1/../../../../arm-none-eabi/lib/thumb/v7e-m+fp/hard/libg_nano.a(lib_a-nano-msizer.o)
                0x000000000000ac5c                _malloc_usable_size_r
 .text._read_r  0x000000000000ac6c       0x24 /Users/sean/Projects/Playmate/sjtwo-c/toolchains/mac/gcc-arm-none-eabi-8-2019-q3-update/bin/../lib/gcc/arm-none-eabi/8.3.1/../../../../arm-none-eabi/lib/thumb/v7e-m+fp/hard/libg_nano.a(lib_a-readr.o)
                0x000000000000ac6c                _read_r
 .text.lflush   0x000000000000ac90       0x12 /Users/sean/Projects/Playmate/sjtwo-c/toolchains/mac/gcc-arm-none-eabi-8-2019-q3-update/bin/../lib/gcc/arm-none-eabi/8.3.1/../../../../arm-none-eabi/lib/thumb/v7e-m+fp/hard/libg_nano.a(lib_a-refill.o)
 *fill*         0x000000000000aca2        0x2 ff
 .text.__srefill_r
                0x000000000000aca4      0x118 /Users/sean/Projects/Playmate/sjtwo-c/toolchains/mac/gcc-arm-none-eabi-8-2019-q3-update/bin/../lib/gcc/arm-none-eabi/8.3.1/../../../../arm-none-eabi/lib/thumb/v7e-m+fp/hard/libg_nano.a(lib_a-refill.o)
                0x000000000000aca4                __srefill_r
 .text          0x000000000000adbc      0x378 /Users/sean/Projects/Playmate/sjtwo-c/toolchains/mac/gcc-arm-none-eabi-8-2019-q3-update/bin/../lib/gcc/arm-none-eabi/8.3.1/thumb/v7e-m+fp/hard/libgcc.a(_arm_addsubdf3.o)
                0x000000000000adbc                __aeabi_drsub
                0x000000000000adc4                __subdf3
                0x000000000000adc4                __aeabi_dsub
                0x000000000000adc8                __aeabi_dadd
                0x000000000000adc8                __adddf3
                0x000000000000b040                __aeabi_ui2d
                0x000000000000b040                __floatunsidf
                0x000000000000b060                __floatsidf
                0x000000000000b060                __aeabi_i2d
                0x000000000000b084                __extendsfdf2
                0x000000000000b084                __aeabi_f2d
                0x000000000000b0c8                __aeabi_ul2d
                0x000000000000b0c8                __floatundidf
                0x000000000000b0d8                __aeabi_l2d
                0x000000000000b0d8                __floatdidf
 .text          0x000000000000b134      0x424 /Users/sean/Projects/Playmate/sjtwo-c/toolchains/mac/gcc-arm-none-eabi-8-2019-q3-update/bin/../lib/gcc/arm-none-eabi/8.3.1/thumb/v7e-m+fp/hard/libgcc.a(_arm_muldivdf3.o)
                0x000000000000b134                __aeabi_dmul
                0x000000000000b134                __muldf3
                0x000000000000b388                __aeabi_ddiv
                0x000000000000b388                __divdf3