Archive member included to satisfy reference by file (symbol)

/Users/sean/Projects/Playmate/sjtwo-c/toolchains/mac/gcc-arm-none-eabi-8-2019-q3-update/bin/../lib/gcc/arm-none-eabi/8.3.1/thumb/v7e-m+fp/hard/libgcc.a(_aeabi_ldivmod.o)
                              _build_lpc40xx_freertos/obj/tasks.o (__aeabi_ldivmod)
/Users/sean/Projects/Playmate/sjtwo-c/toolchains/mac/gcc-arm-none-eabi-8-2019-q3-update/bin/../lib/gcc/arm-none-eabi/8.3.1/thumb/v7e-m+fp/hard/libgcc.a(_aeabi_uldivmod.o)
                              _build_lpc40xx_freertos/obj/delay.o (__aeabi_uldivmod)
/Users/sean/Projects/Playmate/sjtwo-c/toolchains/mac/gcc-arm-none-eabi-8-2019-q3-update/bin/../lib/gcc/arm-none-eabi/8.3.1/thumb/v7e-m+fp/hard/libgcc.a(_udivmoddi4.o)
                              /Users/sean/Projects/Playmate/sjtwo-c/toolchains/mac/gcc-arm-none-eabi-8-2019-q3-update/bin/../lib/gcc/arm-none-eabi/8.3.1/thumb/v7e-m+fp/hard/libgcc.a(_aeabi_ldivmod.o) (__udivmoddi4)
/Users/sean/Projects/Playmate/sjtwo-c/toolchains/mac/gcc-arm-none-eabi-8-2019-q3-update/bin/../lib/gcc/arm-none-eabi/8.3.1/thumb/v7e-m+fp/hard/libgcc.a(_dvmd_tls.o)
                              /Users/sean/Projects/Playmate/sjtwo-c/toolchains/mac/gcc-arm-none-eabi-8-2019-q3-update/bin/../lib/gcc/arm-none-eabi/8.3.1/thumb/v7e-m+fp/hard/libgcc.a(_aeabi_ldivmod.o) (__aeabi_ldiv0)
/Users/sean/Projects/Playmate/sjtwo-c/toolchains/mac/gcc-arm-none-eabi-8-2019-q3-update/bin/../lib/gcc/arm-none-eabi/8.3.1/../../../../arm-none-eabi/lib/thumb/v7e-m+fp/hard/libg_nano.a(lib_a-atof.o)
                              _build_lpc40xx_freertos/obj/sl_string.o (atof)
/Users/sean/Projects/Playmate/sjtwo-c/toolchains/mac/gcc-arm-none-eabi-8-2019-q3-update/bin/../lib/gcc/arm-none-eabi/8.3.1/../../../../arm-none-eabi/lib/thumb/v7e-m+fp/hard/libg_nano.a(lib_a-atoi.o)
                              _build_lpc40xx_freertos/obj/sl_string.o (atoi)
/Users/sean/Projects/Playmate/sjtwo-c/toolchains/mac/gcc-arm-none-eabi-8-2019-q3-update/bin/../lib/gcc/arm-none-eabi/8.3.1/../../../../arm-none-eabi/lib/thumb/v7e-m+fp/hard/libg_nano.a(lib_a-ctype_.o)
                              _build_lpc40xx_freertos/obj/sl_string.o (_ctype_)
/Users/sean/Projects/Playmate/sjtwo-c/toolchains/mac/gcc-arm-none-eabi-8-2019-q3-update/bin/../lib/gcc/arm-none-eabi/8.3.1/../../../../arm-none-eabi/lib/thumb/v7e-m+fp/hard/libg_nano.a(lib_a-fprintf.o)
                              _build_lpc40xx_freertos/obj/interrupt_vector_table.o (fprintf)
/Users/sean/Projects/Playmate/sjtwo-c/toolchains/mac/gcc-arm-none-eabi-8-2019-q3-update/bin/../lib/gcc/arm-none-eabi/8.3.1/../../../../arm-none-eabi/lib/thumb/v7e-m+fp/hard/libg_nano.a(lib_a-fputs.o)
                              _build_lpc40xx_freertos/obj/entry_point.o (fputs)
/Users/sean/Projects/Playmate/sjtwo-c/toolchains/mac/gcc-arm-none-eabi-8-2019-q3-update/bin/../lib/gcc/arm-none-eabi/8.3.1/../../../../arm-none-eabi/lib/thumb/v7e-m+fp/hard/libg_nano.a(lib_a-getchar.o)
                              _build_lpc40xx_freertos/obj/sj2_cli.o (getchar)
/Users/sean/Projects/Playmate/sjtwo-c/toolchains/mac/gcc-arm-none-eabi-8-2019-q3-update/bin/../lib/gcc/arm-none-eabi/8.3.1/../../../../arm-none-eabi/lib/thumb/v7e-m+fp/hard/libg_nano.a(lib_a-impure.o)
                              _build_lpc40xx_freertos/obj/entry_point.o (_impure_ptr)
/Users/sean/Projects/Playmate/sjtwo-c/toolchains/mac/gcc-arm-none-eabi-8-2019-q3-update/bin/../lib/gcc/arm-none-eabi/8.3.1/../../../../arm-none-eabi/lib/thumb/v7e-m+fp/hard/libg_nano.a(lib_a-lock.o)
                              /Users/sean/Projects/Playmate/sjtwo-c/toolchains/mac/gcc-arm-none-eabi-8-2019-q3-update/bin/../lib/gcc/arm-none-eabi/8.3.1/../../../../arm-none-eabi/lib/thumb/v7e-m+fp/hard/libg_nano.a(lib_a-fputs.o) (__retarget_lock_acquire_recursive)
/Users/sean/Projects/Playmate/sjtwo-c/toolchains/mac/gcc-arm-none-eabi-8-2019-q3-update/bin/../lib/gcc/arm-none-eabi/8.3.1/../../../../arm-none-eabi/lib/thumb/v7e-m+fp/hard/libg_nano.a(lib_a-malloc.o)
                              _build_lpc40xx_freertos/obj/heap_3.o (malloc)
/Users/sean/Projects/Playmate/sjtwo-c/toolchains/mac/gcc-arm-none-eabi-8-2019-q3-update/bin/../lib/gcc/arm-none-eabi/8.3.1/../../../../arm-none-eabi/lib/thumb/v7e-m+fp/hard/libg_nano.a(lib_a-memcpy-stub.o)
                              _build_lpc40xx_freertos/obj/sl_string.o (memcpy)
/Users/sean/Projects/Playmate/sjtwo-c/toolchains/mac/gcc-arm-none-eabi-8-2019-q3-update/bin/../lib/gcc/arm-none-eabi/8.3.1/../../../../arm-none-eabi/lib/thumb/v7e-m+fp/hard/libg_nano.a(lib_a-memmove.o)
                              _build_lpc40xx_freertos/obj/sl_string.o (memmove)
/Users/sean/Projects/Playmate/sjtwo-c/toolchains/mac/gcc-arm-none-eabi-8-2019-q3-update/bin/../lib/gcc/arm-none-eabi/8.3.1/../../../../arm-none-eabi/lib/thumb/v7e-m+fp/hard/libg_nano.a(lib_a-memset.o)
                              _build_lpc40xx_freertos/obj/handler_i2c.o (memset)
[...]
Memory Configuration

Name             Origin             Length             Attributes
flash_512k       0x0000000000000000 0x0000000000080000 xr
ram_64k          0x0000000010000000 0x0000000000010000 xrw
ram_32k          0x0000000020000000 0x0000000000008000 xrw
*default*        0x0000000000000000 0xffffffffffffffff

Linker script and memory map

LOAD _build_lpc40xx_freertos/obj/entry_point.o
LOAD _build_lpc40xx_freertos/obj/interrupt_vector_table.o
LOAD _build_lpc40xx_freertos/obj/clock.o
LOAD _build_lpc40xx_freertos/obj/crash.o
LOAD _build_lpc40xx_freertos/obj/syscall.o
LOAD _build_lpc40xx_freertos/obj/startup.o
LOAD _build_lpc40xx_freertos/obj/acceleration.o
LOAD _build_lpc40xx_freertos/obj/sensors.o
LOAD _build_lpc40xx_freertos/obj/ff.o
LOAD _build_lpc40xx_freertos/obj/ffsystem.o
LOAD _build_lpc40xx_freertos/obj/ffunicode.o
LOAD _build_lpc40xx_freertos/obj/disk_glue_logic.o
LOAD _build_lpc40xx_freertos/obj/fatfs_time.o
LOAD _build_lpc40xx_freertos/obj/sd_card.o
LOAD _build_lpc40xx_freertos/obj/system_calls.o
LOAD _build_lpc40xx_freertos/obj/app_cli.o
LOAD _build_lpc40xx_freertos/obj/sj2_cli.o
LOAD _build_lpc40xx_freertos/obj/handler_i2c.o
LOAD _build_lpc40xx_freertos/obj/handlers_general.o
LOAD _build_lpc40xx_freertos/obj/file_io_example.o
LOAD _build_lpc40xx_freertos/obj/delay.o
LOAD _build_lpc40xx_freertos/obj/peripherals_init.o
LOAD _build_lpc40xx_freertos/obj/ssp2_mutex.o
LOAD _build_lpc40xx_freertos/obj/sys_time.o
LOAD _build_lpc40xx_freertos/obj/uart_printf.o
LOAD _build_lpc40xx_freertos/obj/main.o
LOAD _build_lpc40xx_freertos/obj/rtos_hooks.o
LOAD _build_lpc40xx_freertos/obj/periodic_callbacks.o
LOAD _build_lpc40xx_freertos/obj/periodic_scheduler.o
LOAD _build_lpc40xx_freertos/obj/leightweight_lock.o
LOAD _build_lpc40xx_freertos/obj/sl_string.o
LOAD _build_lpc40xx_freertos/obj/freertos_interrupt_handlers.o
LOAD _build_lpc40xx_freertos/obj/trcKernelPort.o
LOAD _build_lpc40xx_freertos/obj/trcSnapshotRecorder.o
LOAD _build_lpc40xx_freertos/obj/trcStreamingPort.o
LOAD _build_lpc40xx_freertos/obj/trcStreamingRecorder.o
LOAD _build_lpc40xx_freertos/obj/port.o
LOAD _build_lpc40xx_freertos/obj/heap_3.o
LOAD _build_lpc40xx_freertos/obj/croutine.o
LOAD _build_lpc40xx_freertos/obj/event_groups.o
LOAD _build_lpc40xx_freertos/obj/list.o
LOAD _build_lpc40xx_freertos/obj/queue.o
LOAD _build_lpc40xx_freertos/obj/stream_buffer.o
LOAD _build_lpc40xx_freertos/obj/tasks.o
LOAD _build_lpc40xx_freertos/obj/timers.o
LOAD _build_lpc40xx_freertos/obj/adc.o
LOAD _build_lpc40xx_freertos/obj/board_io.o
LOAD _build_lpc40xx_freertos/obj/can_bus.o
LOAD _build_lpc40xx_freertos/obj/gpio.o
LOAD _build_lpc40xx_freertos/obj/hw_timer.o
LOAD _build_lpc40xx_freertos/obj/i2c.o
LOAD _build_lpc40xx_freertos/obj/lpc_peripherals.o
LOAD _build_lpc40xx_freertos/obj/pwm1.o
LOAD _build_lpc40xx_freertos/obj/ssp2.o
LOAD _build_lpc40xx_freertos/obj/uart.o
LOAD /Users/sean/Projects/Playmate/sjtwo-c/toolchains/mac/gcc-arm-none-eabi-8-2019-q3-update/bin/../lib/gcc/arm-none-eabi/8.3.1/../../../../arm-none-eabi/lib/thumb/v7e-m+fp/hard/libm.a
START GROUP
LOAD /Users/sean/Projects/Playmate/sjtwo-c/toolchains/mac/gcc-arm-none-eabi-8-2019-q3-update/bin/../lib/gcc/arm-none-eabi/8.3.1/thumb/v7e-m+fp/hard/libgcc.a
LOAD /Users/sean/Projects/Playmate/sjtwo-c/toolchains/mac/gcc-arm-none-eabi-8-2019-q3-update/bin/../lib/gcc/arm-none-eabi/8.3.1/../../../../arm-none-eabi/lib/thumb/v7e-m+fp/hard/libg_nano.a
LOAD /Users/sean/Projects/Playmate/sjtwo-c/toolchains/mac/gcc-arm-none-eabi-8-2019-q3-update/bin/../lib/gcc/arm-none-eabi/8.3.1/../../../../arm-none-eabi/lib/thumb/v7e-m+fp/hard/libc_nano.a
END GROUP
START GROUP
LOAD /Users/sean/Projects/Playmate/sjtwo-c/toolchains/mac/gcc-arm-none-eabi-8-2019-q3-update/bin/../lib/gcc/arm-none-eabi/8.3.1/thumb/v7e-m+fp/hard/libgcc.a
LOAD /Users/sean/Projects/Playmate/sjtwo-c/toolchains/mac/gcc-arm-none-eabi-8-2019-q3-update/bin/../lib/gcc/arm-none-eabi/8.3.1/../../../../arm-none-eabi/lib/thumb/v7e-m+fp/hard/libc_nano.a
LOAD /Users/sean/Projects/Playmate/sjtwo-c/toolchains/mac/gcc-arm-none-eabi-8-2019-q3-update/bin/../lib/gcc/arm-none-eabi/8.3.1/../../../../arm-none-eabi/lib/thumb/v7e-m+fp/hard/libnosys.a
END GROUP
START GROUP
LOAD /Users/sean/Projects/Playmate/sjtwo-c/toolchains/mac/gcc-arm-none-eabi-8-2019-q3-update/bin/../lib/gcc/arm-none-eabi/8.3.1/thumb/v7e-m+fp/hard/libgcc.a
LOAD /Users/sean/Projects/Playmate/sjtwo-c/toolchains/mac/gcc-arm-none-eabi-8-2019-q3-update/bin/../lib/gcc/arm-none-eabi/8.3.1/../../../../arm-none-eabi/lib/thumb/v7e-m+fp/hard/libc_nano.a
LOAD /Users/sean/Projects/Playmate/sjtwo-c/toolchains/mac/gcc-arm-none-eabi-8-2019-q3-update/bin/../lib/gcc/arm-none-eabi/8.3.1/../../../../arm-none-eabi/lib/thumb/v7e-m+fp/hard/libnosys.a
END GROUP
                0x0000000000000000                __base_flash = ORIGIN (flash_512k)
                0x0000000000080000                __top_flash = (__base_flash + LENGTH (flash_512k))
                0x0000000010000000                __base_ram_64k = ORIGIN (ram_64k)
                0x0000000010010000                __top_ram_64k = (__base_ram_64k + LENGTH (ram_64k))
                0x0000000020000000                __base_ram_32k = ORIGIN (ram_32k)
                0x0000000020008000                __top_ram_32k = (__base_ram_32k + LENGTH (ram_32k))

.text           0x0000000000000000     0xb4d4
 FILL mask 0xff
 *(.interrupt_vector_table)
 .interrupt_vector_table
                0x0000000000000000       0xe4 _build_lpc40xx_freertos/obj/interrupt_vector_table.o
                0x0000000000000000                interrupt_vector_table
                0x00000000000000e4                . = ALIGN (0x4)
 *(.init)
                0x00000000000000e4                . = ALIGN (0x4)
                0x00000000000000e4                __preinit_array_start = .
 *(.preinit_array)
                0x00000000000000e4                __preinit_array_end = .
                0x00000000000000e4                . = ALIGN (0x4)
                0x00000000000000e4                __init_array_start = .
 *(SORT_BY_NAME(.init_array.*))
 *(.init_array)
                0x00000000000000e4                __init_array_end = .
 *(.fini)
                0x00000000000000e4                . = ALIGN (0x4)
 *crtbegin.o(.ctors)
 *(EXCLUDE_FILE(*crtend.o) .ctors)
 *(SORT_BY_NAME(.ctors.*))
 *crtend.o(.ctors)
                0x00000000000000e4                . = ALIGN (0x4)
 *crtbegin.o(.dtors)
 *(EXCLUDE_FILE(*crtend.o) .dtors)
 *(SORT_BY_NAME(.dtors.*))
 *crtend.o(.dtors)
 *(.text*)
 .text.entry_point
                0x00000000000000e4       0x74 _build_lpc40xx_freertos/obj/entry_point.o
                0x00000000000000e4                entry_point
 .text.isr_hard_fault
                0x0000000000000158       0x1a _build_lpc40xx_freertos/obj/interrupt_vector_table.o
 *fill*         0x0000000000000172        0x2 ff
 .text.halt     0x0000000000000174       0x5c _build_lpc40xx_freertos/obj/interrupt_vector_table.o
 .text.isr_hard_fault_handler
                0x00000000000001d0       0x4c _build_lpc40xx_freertos/obj/interrupt_vector_table.o
                0x00000000000001d0                isr_hard_fault_handler
 .text.clock__get_core_clock_hz
                0x000000000000021c        0x8 _build_lpc40xx_freertos/obj/clock.o
                0x000000000000021c                clock__get_core_clock_hz
 .text.clock__get_peripheral_clock_hz
                0x0000000000000224        0x8 _build_lpc40xx_freertos/obj/clock.o
                0x0000000000000224                clock__get_peripheral_clock_hz
 .text.clock__initialize_system_clock_96mhz
                0x000000000000022c       0x40 _build_lpc40xx_freertos/obj/clock.o
                0x000000000000022c                clock__initialize_system_clock_96mhz
 .text.crash__record_get
                0x000000000000026c       0x18 _build_lpc40xx_freertos/obj/crash.o
                0x000000000000026c                crash__record_get
 .text.crash__report_if_occurred
                0x0000000000000284       0xc0 _build_lpc40xx_freertos/obj/crash.o
                0x0000000000000284                crash__report_if_occurred
 .text._sbrk    0x0000000000000344       0x54 _build_lpc40xx_freertos/obj/syscall.o
                0x0000000000000344                _sbrk
 .text.startup__initialize_ram
                0x0000000000000398       0x3c _build_lpc40xx_freertos/obj/startup.o
                0x0000000000000398                startup__initialize_ram
 .text.startup__initialize_fpu
                0x00000000000003d4       0x14 _build_lpc40xx_freertos/obj/startup.o
                0x00000000000003d4                startup__initialize_fpu
 .text.startup__initialize_interrupts
                0x00000000000003e8       0x18 _build_lpc40xx_freertos/obj/startup.o
                0x00000000000003e8                startup__initialize_interrupts
 .text.acceleration__init
                0x0000000000000400       0x22 _build_lpc40xx_freertos/obj/acceleration.o
                0x0000000000000400                acceleration__init
 .text.sensors__init
                0x0000000000000422        0x4 _build_lpc40xx_freertos/obj/sensors.o
                0x0000000000000422                sensors__init
 .text.ld_dword
                0x0000000000000426       0x10 _build_lpc40xx_freertos/obj/ff.o
 .text.mem_cmp  0x0000000000000436       0x1c _build_lpc40xx_freertos/obj/ff.o
 .text.get_ldnumber
                0x0000000000000452       0x2a _build_lpc40xx_freertos/obj/ff.o
 .text.sync_window.part.6
                0x000000000000047c       0x40 _build_lpc40xx_freertos/obj/ff.o
 .text.move_window
                0x00000000000004bc       0x44 _build_lpc40xx_freertos/obj/ff.o
 .text.check_fs
                0x0000000000000500       0x74 _build_lpc40xx_freertos/obj/ff.o
 .text.find_volume
                0x0000000000000574      0x2c0 _build_lpc40xx_freertos/obj/ff.o
 .text.unlock_fs
                0x0000000000000834       0x16 _build_lpc40xx_freertos/obj/ff.o
 *fill*         0x000000000000084a        0x2 ff
 .text.f_mount  0x000000000000084c       0x70 _build_lpc40xx_freertos/obj/ff.o
                0x000000000000084c                f_mount
 .text.ff_cre_syncobj
                0x00000000000008bc       0x14 _build_lpc40xx_freertos/obj/ffsystem.o
                0x00000000000008bc                ff_cre_syncobj
 .text.ff_del_syncobj
                0x00000000000008d0        0xa _build_lpc40xx_freertos/obj/ffsystem.o
                0x00000000000008d0                ff_del_syncobj
 .text.ff_req_grant
                0x00000000000008da       0x12 _build_lpc40xx_freertos/obj/ffsystem.o
                0x00000000000008da                ff_req_grant
 .text.ff_rel_grant
                0x00000000000008ec        0xa _build_lpc40xx_freertos/obj/ffsystem.o
                0x00000000000008ec                ff_rel_grant
 .text.disk_initialize
                0x00000000000008f6       0x1c _build_lpc40xx_freertos/obj/disk_glue_logic.o
                0x00000000000008f6                disk_initialize
 .text.disk_status
                0x0000000000000912        0xa _build_lpc40xx_freertos/obj/disk_glue_logic.o
                0x0000000000000912                disk_status
 .text.disk_read
                0x000000000000091c       0x28 _build_lpc40xx_freertos/obj/disk_glue_logic.o
                0x000000000000091c                disk_read
 .text.disk_write
                0x0000000000000944       0x28 _build_lpc40xx_freertos/obj/disk_glue_logic.o
                0x0000000000000944                disk_write
 .text.sd_card__wait_for_ready
                0x000000000000096c       0x28 _build_lpc40xx_freertos/obj/sd_card.o
 .text.sd_card__power_off
                0x0000000000000994       0x20 _build_lpc40xx_freertos/obj/sd_card.o
 .text.sd_card__transmit_datablock
                0x00000000000009b4       0x5a _build_lpc40xx_freertos/obj/sd_card.o
 .text.sd_card__send_command
                0x0000000000000a0e       0x86 _build_lpc40xx_freertos/obj/sd_card.o
 .text.sd_card__read_datablock
                0x0000000000000a94       0x42 _build_lpc40xx_freertos/obj/sd_card.o
 *fill*         0x0000000000000ad6        0x2 ff
 .text.sd_card__update_status
                0x0000000000000ad8       0x20 _build_lpc40xx_freertos/obj/sd_card.o
                0x0000000000000ad8                sd_card__update_status
 .text.sd_card__initialize
                0x0000000000000af8      0x13c _build_lpc40xx_freertos/obj/sd_card.o
                0x0000000000000af8                sd_card__initialize
 .text.sd_card__status
                0x0000000000000c34       0x10 _build_lpc40xx_freertos/obj/sd_card.o
                0x0000000000000c34                sd_card__status
 .text.sd_card__read
                0x0000000000000c44       0x8c _build_lpc40xx_freertos/obj/sd_card.o
                0x0000000000000c44                sd_card__read
 .text.sd_card__write
                0x0000000000000cd0       0xa8 _build_lpc40xx_freertos/obj/sd_card.o
                0x0000000000000cd0                sd_card__write
 .text.system_calls__print_and_halt
                0x0000000000000d78       0x1e _build_lpc40xx_freertos/obj/system_calls.o
 *fill*         0x0000000000000d96        0x2 ff
 .text._isatty  0x0000000000000d98       0x28 _build_lpc40xx_freertos/obj/system_calls.o
                0x0000000000000d98                _isatty
 .text._write   0x0000000000000dc0       0x70 _build_lpc40xx_freertos/obj/system_calls.o
                0x0000000000000dc0                _write
 .text._read    0x0000000000000e30       0x1c _build_lpc40xx_freertos/obj/system_calls.o
                0x0000000000000e30                _read
 .text.app_cli__private_print_list_of_all_commands
                0x0000000000000e4c       0x98 _build_lpc40xx_freertos/obj/app_cli.o
 .text.app_cli__initialize
                0x0000000000000ee4       0x16 _build_lpc40xx_freertos/obj/app_cli.o
                0x0000000000000ee4                app_cli__initialize
 .text.app_cli__add_command_handler
                0x0000000000000efa        0xa _build_lpc40xx_freertos/obj/app_cli.o
                0x0000000000000efa                app_cli__add_command_handler
 .text.app_cli__process_input
                0x0000000000000f04      0x134 _build_lpc40xx_freertos/obj/app_cli.o
                0x0000000000000f04                app_cli__process_input
 .text.sj2_cli__output_function
                0x0000000000001038       0x12 _build_lpc40xx_freertos/obj/sj2_cli.o
 *fill*         0x000000000000104a        0x2 ff
 .text.sj2_cli__task
                0x000000000000104c       0x78 _build_lpc40xx_freertos/obj/sj2_cli.o
 .text.sj2_cli__init
                0x00000000000010c4       0x7c _build_lpc40xx_freertos/obj/sj2_cli.o
                0x00000000000010c4                sj2_cli__init
 .text.cli__i2c_read
                0x0000000000001140       0xc8 _build_lpc40xx_freertos/obj/handler_i2c.o
 .text.cli__i2c_write
                0x0000000000001208       0xe8 _build_lpc40xx_freertos/obj/handler_i2c.o
 .text.cli__i2c
                0x00000000000012f0       0x48 _build_lpc40xx_freertos/obj/handler_i2c.o
                0x00000000000012f0                cli__i2c
 .text.cli__crash_me
                0x0000000000001338       0x10 _build_lpc40xx_freertos/obj/handlers_general.o
                0x0000000000001338                cli__crash_me
 .text.cli__task_list
                0x0000000000001348       0x10 _build_lpc40xx_freertos/obj/handlers_general.o
                0x0000000000001348                cli__task_list
 .text.delay__us
                0x0000000000001358       0x40 _build_lpc40xx_freertos/obj/delay.o
                0x0000000000001358                delay__us
 .text.delay__ms
                0x0000000000001398        0xc _build_lpc40xx_freertos/obj/delay.o
                0x0000000000001398                delay__ms
 .text.peripherals_init
                0x00000000000013a4      0x120 _build_lpc40xx_freertos/obj/peripherals_init.o
                0x00000000000013a4                peripherals_init
 .text.spi2_mutex__acquire
                0x00000000000014c4       0x34 _build_lpc40xx_freertos/obj/ssp2_mutex.o
                0x00000000000014c4                spi2_mutex__acquire
 .text.spi2_mutex__release
                0x00000000000014f8       0x24 _build_lpc40xx_freertos/obj/ssp2_mutex.o
                0x00000000000014f8                spi2_mutex__release
 .text.sys_time__one_minute_isr
                0x000000000000151c       0x24 _build_lpc40xx_freertos/obj/sys_time.o
 .text.sys_time__init
                0x0000000000001540       0x2c _build_lpc40xx_freertos/obj/sys_time.o
                0x0000000000001540                sys_time__init
 .text.sys_time__get_uptime_us
                0x000000000000156c       0x2c _build_lpc40xx_freertos/obj/sys_time.o
                0x000000000000156c                sys_time__get_uptime_us
 .text.sys_time__get_uptime_ms
                0x0000000000001598       0x12 _build_lpc40xx_freertos/obj/sys_time.o
                0x0000000000001598                sys_time__get_uptime_ms
 .text.uart_puts__polled
                0x00000000000015aa       0x2a _build_lpc40xx_freertos/obj/uart_printf.o
                0x00000000000015aa                uart_puts__polled
 .text.blink_task
                0x00000000000015d4       0x14 _build_lpc40xx_freertos/obj/main.o
 .text.startup.main
                0x00000000000015e8       0x6c _build_lpc40xx_freertos/obj/main.o
                0x00000000000015e8                main
 .text.vApplicationStackOverflowHook
                0x0000000000001654       0x1c _build_lpc40xx_freertos/obj/rtos_hooks.o
                0x0000000000001654                vApplicationStackOverflowHook
 .text.vApplicationMallocFailedHook
                0x0000000000001670       0x10 _build_lpc40xx_freertos/obj/rtos_hooks.o
                0x0000000000001670                vApplicationMallocFailedHook
 .text.vApplicationIdleHook
                0x0000000000001680       0x10 _build_lpc40xx_freertos/obj/rtos_hooks.o
                0x0000000000001680                vApplicationIdleHook
 .text.configASSERT_callback
                0x0000000000001690       0x40 _build_lpc40xx_freertos/obj/rtos_hooks.o
                0x0000000000001690                configASSERT_callback
 .text.vApplicationGetIdleTaskMemory
                0x00000000000016d0       0x18 _build_lpc40xx_freertos/obj/rtos_hooks.o
                0x00000000000016d0                vApplicationGetIdleTaskMemory
 .text.freertos_hooks__get_run_time_counter_value
                0x00000000000016e8       0x14 _build_lpc40xx_freertos/obj/rtos_hooks.o
                0x00000000000016e8                freertos_hooks__get_run_time_counter_value
 .text.sl_string__initialize
                0x00000000000016fc       0x28 _build_lpc40xx_freertos/obj/sl_string.o
                0x00000000000016fc                sl_string__initialize
 .text.sl_string__get_capacity
                0x0000000000001724       0x12 _build_lpc40xx_freertos/obj/sl_string.o
                0x0000000000001724                sl_string__get_capacity
 .text.sl_string__get_capacity_including_null_char
                0x0000000000001736        0xc _build_lpc40xx_freertos/obj/sl_string.o
                0x0000000000001736                sl_string__get_capacity_including_null_char
 .text.sl_string__get_length
                0x0000000000001742        0xc _build_lpc40xx_freertos/obj/sl_string.o
                0x0000000000001742                sl_string__get_length
 .text.sl_string__is_full
                0x000000000000174e       0x1a _build_lpc40xx_freertos/obj/sl_string.o
                0x000000000000174e                sl_string__is_full
 .text.sl_string__clear
                0x0000000000001768        0x6 _build_lpc40xx_freertos/obj/sl_string.o
                0x0000000000001768                sl_string__clear
 .text.sl_string__vprintf
                0x000000000000176e       0x1c _build_lpc40xx_freertos/obj/sl_string.o
                0x000000000000176e                sl_string__vprintf
 .text.sl_string__printf
                0x000000000000178a       0x1a _build_lpc40xx_freertos/obj/sl_string.o
                0x000000000000178a                sl_string__printf
 .text.sl_string__scanf
                0x00000000000017a4       0x22 _build_lpc40xx_freertos/obj/sl_string.o
                0x00000000000017a4                sl_string__scanf
 .text.sl_string__set
                0x00000000000017c6       0x2e _build_lpc40xx_freertos/obj/sl_string.o
                0x00000000000017c6                sl_string__set
 .text.sl_string__initialize_from
                0x00000000000017f4       0x16 _build_lpc40xx_freertos/obj/sl_string.o
                0x00000000000017f4                sl_string__initialize_from
 .text.sl_string__insert_at
                0x000000000000180a       0x54 _build_lpc40xx_freertos/obj/sl_string.o
                0x000000000000180a                sl_string__insert_at
 .text.sl_string__append
                0x000000000000185e       0x38 _build_lpc40xx_freertos/obj/sl_string.o
                0x000000000000185e                sl_string__append
 .text.sl_string__append_char
                0x0000000000001896       0x18 _build_lpc40xx_freertos/obj/sl_string.o
                0x0000000000001896                sl_string__append_char
 .text.sl_string__equals_to_ignore_case
                0x00000000000018ae       0x14 _build_lpc40xx_freertos/obj/sl_string.o
                0x00000000000018ae                sl_string__equals_to_ignore_case
 .text.sl_string__begins_with_limited_chars
                0x00000000000018c2       0x28 _build_lpc40xx_freertos/obj/sl_string.o
                0x00000000000018c2                sl_string__begins_with_limited_chars
 .text.sl_string__begins_with_ignore_case
                0x00000000000018ea       0x2e _build_lpc40xx_freertos/obj/sl_string.o
                0x00000000000018ea                sl_string__begins_with_ignore_case
 .text.sl_string__begins_with_whole_word
                0x0000000000001918       0x44 _build_lpc40xx_freertos/obj/sl_string.o
                0x0000000000001918                sl_string__begins_with_whole_word
 .text.sl_string__ends_with_newline
                0x000000000000195c       0x22 _build_lpc40xx_freertos/obj/sl_string.o
                0x000000000000195c                sl_string__ends_with_newline
 .text.sl_string__erase_after
                0x000000000000197e       0x38 _build_lpc40xx_freertos/obj/sl_string.o
                0x000000000000197e                sl_string__erase_after
 .text.sl_string__erase_first
                0x00000000000019b6        0x8 _build_lpc40xx_freertos/obj/sl_string.o
                0x00000000000019b6                sl_string__erase_first
 .text.sl_string__erase_last
                0x00000000000019be       0x22 _build_lpc40xx_freertos/obj/sl_string.o
                0x00000000000019be                sl_string__erase_last
 .text.sl_string__erase_at_substring
                0x00000000000019e0       0x1c _build_lpc40xx_freertos/obj/sl_string.o
                0x00000000000019e0                sl_string__erase_at_substring
 .text.sl_string__erase_first_word
                0x00000000000019fc       0x1c _build_lpc40xx_freertos/obj/sl_string.o
                0x00000000000019fc                sl_string__erase_first_word
 .text.sl_string__erase_int
                0x0000000000001a18       0x50 _build_lpc40xx_freertos/obj/sl_string.o
                0x0000000000001a18                sl_string__erase_int
 .text.sl_string__trim_end
                0x0000000000001a68       0x40 _build_lpc40xx_freertos/obj/sl_string.o
                0x0000000000001a68                sl_string__trim_end
 .text.vPortSVCHandler_wrapper
                0x0000000000001aa8        0x4 _build_lpc40xx_freertos/obj/freertos_interrupt_handlers.o
                0x0000000000001aa8                vPortSVCHandler_wrapper
 .text.xPortPendSVHandler_wrapper
                0x0000000000001aac        0x4 _build_lpc40xx_freertos/obj/freertos_interrupt_handlers.o
                0x0000000000001aac                xPortPendSVHandler_wrapper
 .text.xPortSysTickHandler_wrapper
                0x0000000000001ab0        0x4 _build_lpc40xx_freertos/obj/freertos_interrupt_handlers.o
                0x0000000000001ab0                xPortSysTickHandler_wrapper
 .text.prvPortStartFirstTask
                0x0000000000001ab4       0x28 _build_lpc40xx_freertos/obj/port.o
 .text.vPortEnableVFP
                0x0000000000001adc       0x14 _build_lpc40xx_freertos/obj/port.o
 .text.prvTaskExitError
                0x0000000000001af0       0x3c _build_lpc40xx_freertos/obj/port.o
 .text.pxPortInitialiseStack
                0x0000000000001b2c       0x2c _build_lpc40xx_freertos/obj/port.o
                0x0000000000001b2c                pxPortInitialiseStack
 *fill*         0x0000000000001b58        0x8 ff
 .text.vPortSVCHandler
                0x0000000000001b60       0x24 _build_lpc40xx_freertos/obj/port.o
                0x0000000000001b60                vPortSVCHandler
 .text.vPortEnterCritical
                0x0000000000001b84       0x44 _build_lpc40xx_freertos/obj/port.o
                0x0000000000001b84                vPortEnterCritical
 .text.vPortExitCritical
                0x0000000000001bc8       0x28 _build_lpc40xx_freertos/obj/port.o
                0x0000000000001bc8                vPortExitCritical
 .text.xPortPendSVHandler
                0x0000000000001bf0       0x64 _build_lpc40xx_freertos/obj/port.o
                0x0000000000001bf0                xPortPendSVHandler
 .text.xPortSysTickHandler
                0x0000000000001c54       0x2c _build_lpc40xx_freertos/obj/port.o
                0x0000000000001c54                xPortSysTickHandler
 .text.vPortSetupTimerInterrupt
                0x0000000000001c80       0x30 _build_lpc40xx_freertos/obj/port.o
                0x0000000000001c80                vPortSetupTimerInterrupt
 .text.xPortStartScheduler
                0x0000000000001cb0      0x100 _build_lpc40xx_freertos/obj/port.o
                0x0000000000001cb0                xPortStartScheduler
 .text.vPortValidateInterruptPriority
                0x0000000000001db0       0x58 _build_lpc40xx_freertos/obj/port.o
                0x0000000000001db0                vPortValidateInterruptPriority
 .text.pvPortMalloc
                0x0000000000001e08       0x1e _build_lpc40xx_freertos/obj/heap_3.o
                0x0000000000001e08                pvPortMalloc
 .text.vPortFree
                0x0000000000001e26       0x1a _build_lpc40xx_freertos/obj/heap_3.o
                0x0000000000001e26                vPortFree
 .text.vListInitialise
                0x0000000000001e40       0x16 _build_lpc40xx_freertos/obj/list.o
                0x0000000000001e40                vListInitialise
 .text.vListInitialiseItem
                0x0000000000001e56        0x6 _build_lpc40xx_freertos/obj/list.o
                0x0000000000001e56                vListInitialiseItem
 .text.vListInsertEnd
                0x0000000000001e5c       0x18 _build_lpc40xx_freertos/obj/list.o
                0x0000000000001e5c                vListInsertEnd
 .text.vListInsert
                0x0000000000001e74       0x2e _build_lpc40xx_freertos/obj/list.o
                0x0000000000001e74                vListInsert
 .text.uxListRemove
                0x0000000000001ea2       0x20 _build_lpc40xx_freertos/obj/list.o
                0x0000000000001ea2                uxListRemove
 .text.prvIsQueueEmpty
                0x0000000000001ec2       0x16 _build_lpc40xx_freertos/obj/queue.o
 .text.prvCopyDataToQueue
                0x0000000000001ed8       0x6a _build_lpc40xx_freertos/obj/queue.o
 .text.prvCopyDataFromQueue
                0x0000000000001f42       0x2a _build_lpc40xx_freertos/obj/queue.o
 .text.prvUnlockQueue
                0x0000000000001f6c       0x70 _build_lpc40xx_freertos/obj/queue.o
 .text.xQueueGenericReset
                0x0000000000001fdc       0x7c _build_lpc40xx_freertos/obj/queue.o
                0x0000000000001fdc                xQueueGenericReset
 .text.xQueueGenericCreateStatic
                0x0000000000002058       0x8c _build_lpc40xx_freertos/obj/queue.o
                0x0000000000002058                xQueueGenericCreateStatic
 .text.xQueueGenericCreate
                0x00000000000020e4       0x48 _build_lpc40xx_freertos/obj/queue.o
                0x00000000000020e4                xQueueGenericCreate
 .text.xQueueGenericSend
                0x000000000000212c      0x15c _build_lpc40xx_freertos/obj/queue.o
                0x000000000000212c                xQueueGenericSend
 .text.xQueueCreateMutexStatic
                0x0000000000002288       0x2a _build_lpc40xx_freertos/obj/queue.o
                0x0000000000002288                xQueueCreateMutexStatic
 .text.xQueueCreateMutex
                0x00000000000022b2       0x24 _build_lpc40xx_freertos/obj/queue.o
                0x00000000000022b2                xQueueCreateMutex
 *fill*         0x00000000000022d6        0x2 ff
 .text.xQueueGenericSendFromISR
                0x00000000000022d8       0xbc _build_lpc40xx_freertos/obj/queue.o
                0x00000000000022d8                xQueueGenericSendFromISR
 .text.xQueueGiveFromISR
                0x0000000000002394       0xa4 _build_lpc40xx_freertos/obj/queue.o
                0x0000000000002394                xQueueGiveFromISR
 .text.xQueueReceive
                0x0000000000002438      0x13c _build_lpc40xx_freertos/obj/queue.o
                0x0000000000002438                xQueueReceive
 .text.xQueueSemaphoreTake
                0x0000000000002574      0x180 _build_lpc40xx_freertos/obj/queue.o
                0x0000000000002574                xQueueSemaphoreTake
 .text.xQueueReceiveFromISR
                0x00000000000026f4       0x9c _build_lpc40xx_freertos/obj/queue.o
                0x00000000000026f4                xQueueReceiveFromISR
 .text.vQueueDelete
                0x0000000000002790       0x24 _build_lpc40xx_freertos/obj/queue.o
                0x0000000000002790                vQueueDelete
 .text.prvAddNewTaskToReadyList
                0x00000000000027b4       0xf4 _build_lpc40xx_freertos/obj/tasks.o
 .text.prvIdleTask
                0x00000000000028a8       0x28 _build_lpc40xx_freertos/obj/tasks.o
 .text.prvResetNextTaskUnblockTime
                0x00000000000028d0       0x24 _build_lpc40xx_freertos/obj/tasks.o
 .text.prvInitialiseNewTask.isra.2
                0x00000000000028f4       0x98 _build_lpc40xx_freertos/obj/tasks.o
 .text.prvAddCurrentTaskToDelayedList
                0x000000000000298c       0x8c _build_lpc40xx_freertos/obj/tasks.o
 .text.xTaskCreateStatic
                0x0000000000002a18       0x6c _build_lpc40xx_freertos/obj/tasks.o
                0x0000000000002a18                xTaskCreateStatic
 .text.xTaskCreate
                0x0000000000002a84       0x5a _build_lpc40xx_freertos/obj/tasks.o
                0x0000000000002a84                xTaskCreate
 *fill*         0x0000000000002ade        0x2 ff
 .text.vTaskStartScheduler
                0x0000000000002ae0       0x74 _build_lpc40xx_freertos/obj/tasks.o
                0x0000000000002ae0                vTaskStartScheduler
 .text.vTaskSuspendAll
                0x0000000000002b54       0x10 _build_lpc40xx_freertos/obj/tasks.o
                0x0000000000002b54                vTaskSuspendAll
 .text.xTaskIncrementTick
                0x0000000000002b64      0x124 _build_lpc40xx_freertos/obj/tasks.o
                0x0000000000002b64                xTaskIncrementTick
 .text.xTaskResumeAll
                0x0000000000002c88       0xec _build_lpc40xx_freertos/obj/tasks.o
                0x0000000000002c88                xTaskResumeAll
 .text.vTaskDelay
                0x0000000000002d74       0x48 _build_lpc40xx_freertos/obj/tasks.o
                0x0000000000002d74                vTaskDelay
 .text.vTaskSwitchContext
                0x0000000000002dbc       0xbc _build_lpc40xx_freertos/obj/tasks.o
                0x0000000000002dbc                vTaskSwitchContext
 .text.vTaskPlaceOnEventList
                0x0000000000002e78       0x30 _build_lpc40xx_freertos/obj/tasks.o
                0x0000000000002e78                vTaskPlaceOnEventList
 .text.xTaskRemoveFromEventList
                0x0000000000002ea8       0x80 _build_lpc40xx_freertos/obj/tasks.o
                0x0000000000002ea8                xTaskRemoveFromEventList
 .text.vTaskInternalSetTimeOutState
                0x0000000000002f28       0x18 _build_lpc40xx_freertos/obj/tasks.o
                0x0000000000002f28                vTaskInternalSetTimeOutState
 .text.xTaskCheckForTimeOut
                0x0000000000002f40       0x74 _build_lpc40xx_freertos/obj/tasks.o
                0x0000000000002f40                xTaskCheckForTimeOut
 .text.vTaskMissedYield
                0x0000000000002fb4        0xc _build_lpc40xx_freertos/obj/tasks.o
                0x0000000000002fb4                vTaskMissedYield
 .text.xTaskGetSchedulerState
                0x0000000000002fc0       0x20 _build_lpc40xx_freertos/obj/tasks.o
                0x0000000000002fc0                xTaskGetSchedulerState
 .text.xTaskPriorityInherit
                0x0000000000002fe0       0xa4 _build_lpc40xx_freertos/obj/tasks.o
                0x0000000000002fe0                xTaskPriorityInherit
 .text.xTaskPriorityDisinherit
                0x0000000000003084       0x9c _build_lpc40xx_freertos/obj/tasks.o
                0x0000000000003084                xTaskPriorityDisinherit
 .text.vTaskPriorityDisinheritAfterTimeout
                0x0000000000003120       0xb0 _build_lpc40xx_freertos/obj/tasks.o
                0x0000000000003120                vTaskPriorityDisinheritAfterTimeout
 .text.pvTaskIncrementMutexHeldCount
                0x00000000000031d0       0x18 _build_lpc40xx_freertos/obj/tasks.o
                0x00000000000031d0                pvTaskIncrementMutexHeldCount
 .text.vRunTimeStatIsrEntry
                0x00000000000031e8       0x28 _build_lpc40xx_freertos/obj/tasks.o
                0x00000000000031e8                vRunTimeStatIsrEntry
 .text.vRunTimeStatIsrExit
                0x0000000000003210       0x10 _build_lpc40xx_freertos/obj/tasks.o
                0x0000000000003210                vRunTimeStatIsrExit
 .text.board_io__initialize
                0x0000000000003220      0x104 _build_lpc40xx_freertos/obj/board_io.o
                0x0000000000003220                board_io__initialize
 .text.board_io__sd_card_cs
                0x0000000000003324       0x10 _build_lpc40xx_freertos/obj/board_io.o
                0x0000000000003324                board_io__sd_card_cs
 .text.board_io__sd_card_ds
                0x0000000000003334       0x10 _build_lpc40xx_freertos/obj/board_io.o
                0x0000000000003334                board_io__sd_card_ds
 .text.board_io__sd_card_is_present
                0x0000000000003344       0x14 _build_lpc40xx_freertos/obj/board_io.o
                0x0000000000003344                board_io__sd_card_is_present
 .text.board_io__get_led0
                0x0000000000003358        0xc _build_lpc40xx_freertos/obj/board_io.o
                0x0000000000003358                board_io__get_led0
 .text.board_io__get_led1
                0x0000000000003364        0xc _build_lpc40xx_freertos/obj/board_io.o
                0x0000000000003364                board_io__get_led1
 .text.board_io__get_led2
                0x0000000000003370        0xc _build_lpc40xx_freertos/obj/board_io.o
                0x0000000000003370                board_io__get_led2
 .text.board_io__get_led3
                0x000000000000337c        0xc _build_lpc40xx_freertos/obj/board_io.o
                0x000000000000337c                board_io__get_led3
 .text.gpio__set_function
                0x0000000000003388       0x2a _build_lpc40xx_freertos/obj/gpio.o
                0x0000000000003388                gpio__set_function
 .text.gpio__construct_with_function
                0x00000000000033b2       0x2a _build_lpc40xx_freertos/obj/gpio.o
                0x00000000000033b2                gpio__construct_with_function
 .text.gpio__enable_open_drain
                0x00000000000033dc       0x20 _build_lpc40xx_freertos/obj/gpio.o
                0x00000000000033dc                gpio__enable_open_drain
 .text.gpio__enable_pull_down_resistors
                0x00000000000033fc       0x28 _build_lpc40xx_freertos/obj/gpio.o
                0x00000000000033fc                gpio__enable_pull_down_resistors
 .text.gpio__set_as_input
                0x0000000000003424       0x24 _build_lpc40xx_freertos/obj/gpio.o
                0x0000000000003424                gpio__set_as_input
 .text.gpio__construct_as_input
                0x0000000000003448       0x28 _build_lpc40xx_freertos/obj/gpio.o
                0x0000000000003448                gpio__construct_as_input
 .text.gpio__set_as_output
                0x0000000000003470       0x20 _build_lpc40xx_freertos/obj/gpio.o
                0x0000000000003470                gpio__set_as_output
 .text.gpio__construct_as_output
                0x0000000000003490       0x28 _build_lpc40xx_freertos/obj/gpio.o
                0x0000000000003490                gpio__construct_as_output
 .text.gpio__get
                0x00000000000034b8       0x24 _build_lpc40xx_freertos/obj/gpio.o
                0x00000000000034b8                gpio__get
 .text.gpio__set
                0x00000000000034dc       0x1c _build_lpc40xx_freertos/obj/gpio.o
                0x00000000000034dc                gpio__set
 .text.gpio__reset
                0x00000000000034f8       0x1c _build_lpc40xx_freertos/obj/gpio.o
                0x00000000000034f8                gpio__reset
 .text.gpio__toggle
                0x0000000000003514       0x1e _build_lpc40xx_freertos/obj/gpio.o
                0x0000000000003514                gpio__toggle
 *fill*         0x0000000000003532        0x2 ff
 .text.hw_timer__enable
                0x0000000000003534       0x48 _build_lpc40xx_freertos/obj/hw_timer.o
                0x0000000000003534                hw_timer__enable
 .text.hw_timer__enable_match_isr
                0x000000000000357c       0x24 _build_lpc40xx_freertos/obj/hw_timer.o
                0x000000000000357c                hw_timer__enable_match_isr
 .text.hw_timer__acknowledge_interrupt
                0x00000000000035a0       0x18 _build_lpc40xx_freertos/obj/hw_timer.o
                0x00000000000035a0                hw_timer__acknowledge_interrupt
 .text.hw_timer__get_value
                0x00000000000035b8       0x10 _build_lpc40xx_freertos/obj/hw_timer.o
                0x00000000000035b8                hw_timer__get_value
 .text.hw_timer__set_value
                0x00000000000035c8       0x10 _build_lpc40xx_freertos/obj/hw_timer.o
                0x00000000000035c8                hw_timer__set_value
 .text.i2c__transfer_unprotected
                0x00000000000035d8       0x5e _build_lpc40xx_freertos/obj/i2c.o
 *fill*         0x0000000000003636        0x2 ff
 .text.i2c__handle_interrupt
                0x0000000000003638      0x128 _build_lpc40xx_freertos/obj/i2c.o
 .text.i2c2_isr
                0x0000000000003760        0xc _build_lpc40xx_freertos/obj/i2c.o
 .text.i2c1_isr
                0x000000000000376c        0xc _build_lpc40xx_freertos/obj/i2c.o
 .text.i2c0_isr
                0x0000000000003778        0xc _build_lpc40xx_freertos/obj/i2c.o
 .text.i2c__initialize
                0x0000000000003784       0xb0 _build_lpc40xx_freertos/obj/i2c.o
                0x0000000000003784                i2c__initialize
 .text.i2c__read_slave_data
                0x0000000000003834       0x54 _build_lpc40xx_freertos/obj/i2c.o
                0x0000000000003834                i2c__read_slave_data
 .text.i2c__read_single
                0x0000000000003888       0x1e _build_lpc40xx_freertos/obj/i2c.o
                0x0000000000003888                i2c__read_single
 *fill*         0x00000000000038a6        0x2 ff
 .text.i2c__write_slave_data
                0x00000000000038a8       0x50 _build_lpc40xx_freertos/obj/i2c.o
                0x00000000000038a8                i2c__write_slave_data
 .text.i2c__detect
                0x00000000000038f8       0x18 _build_lpc40xx_freertos/obj/i2c.o
                0x00000000000038f8                i2c__detect
 .text.i2c__write_single
                0x0000000000003910       0x18 _build_lpc40xx_freertos/obj/i2c.o
                0x0000000000003910                i2c__write_single
 .text.lpc_peripheral__halt_handler
                0x0000000000003928        0x2 _build_lpc40xx_freertos/obj/lpc_peripherals.o
 *fill*         0x000000000000392a        0x2 ff
 .text.lpc_peripheral__interrupt_dispatcher
                0x000000000000392c       0x34 _build_lpc40xx_freertos/obj/lpc_peripherals.o
                0x000000000000392c                lpc_peripheral__interrupt_dispatcher
 .text.lpc_peripheral__turn_on_power_to
                0x0000000000003960       0x24 _build_lpc40xx_freertos/obj/lpc_peripherals.o
                0x0000000000003960                lpc_peripheral__turn_on_power_to
 .text.lpc_peripheral__is_powered_on
                0x0000000000003984       0x24 _build_lpc40xx_freertos/obj/lpc_peripherals.o
                0x0000000000003984                lpc_peripheral__is_powered_on
 .text.lpc_peripheral__enable_interrupt
                0x00000000000039a8       0x30 _build_lpc40xx_freertos/obj/lpc_peripherals.o
                0x00000000000039a8                lpc_peripheral__enable_interrupt
 .text.ssp2__dma_transfer_block
                0x00000000000039d8       0x98 _build_lpc40xx_freertos/obj/ssp2.o
 .text.ssp2__set_max_clock
                0x0000000000003a70       0x2c _build_lpc40xx_freertos/obj/ssp2.o
                0x0000000000003a70                ssp2__set_max_clock
 .text.ssp2__initialize
                0x0000000000003a9c       0x44 _build_lpc40xx_freertos/obj/ssp2.o
                0x0000000000003a9c                ssp2__initialize
 .text.ssp2__exchange_byte
                0x0000000000003ae0       0x14 _build_lpc40xx_freertos/obj/ssp2.o
                0x0000000000003ae0                ssp2__exchange_byte
 .text.ssp2__dma_write_block
                0x0000000000003af4        0x6 _build_lpc40xx_freertos/obj/ssp2.o
                0x0000000000003af4                ssp2__dma_write_block
 .text.ssp2__dma_read_block
                0x0000000000003afa        0x6 _build_lpc40xx_freertos/obj/ssp2.o
                0x0000000000003afa                ssp2__dma_read_block
 .text.uart__isr_common
                0x0000000000003b00       0x94 _build_lpc40xx_freertos/obj/uart.o
 .text.uart3_isr
                0x0000000000003b94        0xc _build_lpc40xx_freertos/obj/uart.o
 .text.uart2_isr
                0x0000000000003ba0        0xc _build_lpc40xx_freertos/obj/uart.o
 .text.uart1_isr
                0x0000000000003bac        0xc _build_lpc40xx_freertos/obj/uart.o
 .text.uart0_isr
                0x0000000000003bb8        0xc _build_lpc40xx_freertos/obj/uart.o
 .text.uart__init
                0x0000000000003bc4       0x58 _build_lpc40xx_freertos/obj/uart.o
                0x0000000000003bc4                uart__init
 .text.uart__is_initialized
                0x0000000000003c1c       0x28 _build_lpc40xx_freertos/obj/uart.o
                0x0000000000003c1c                uart__is_initialized
 .text.uart__is_transmit_queue_initialized
                0x0000000000003c44       0x14 _build_lpc40xx_freertos/obj/uart.o
                0x0000000000003c44                uart__is_transmit_queue_initialized
 .text.uart__enable_queues
                0x0000000000003c58       0x78 _build_lpc40xx_freertos/obj/uart.o
                0x0000000000003c58                uart__enable_queues
 .text.uart__polled_put
                0x0000000000003cd0       0x24 _build_lpc40xx_freertos/obj/uart.o
                0x0000000000003cd0                uart__polled_put
 .text.uart__get
                0x0000000000003cf4       0x4c _build_lpc40xx_freertos/obj/uart.o
                0x0000000000003cf4                uart__get
 .text.uart__polled_get
                0x0000000000003d40       0x54 _build_lpc40xx_freertos/obj/uart.o
                0x0000000000003d40                uart__polled_get
 .text.uart__put
                0x0000000000003d94       0x7c _build_lpc40xx_freertos/obj/uart.o
                0x0000000000003d94                uart__put
 .text          0x0000000000003e10       0x30 /Users/sean/Projects/Playmate/sjtwo-c/toolchains/mac/gcc-arm-none-eabi-8-2019-q3-update/bin/../lib/gcc/arm-none-eabi/8.3.1/thumb/v7e-m+fp/hard/libgcc.a(_aeabi_uldivmod.o)
                0x0000000000003e10                __aeabi_uldivmod
 .text          0x0000000000003e40      0x2d0 /Users/sean/Projects/Playmate/sjtwo-c/toolchains/mac/gcc-arm-none-eabi-8-2019-q3-update/bin/../lib/gcc/arm-none-eabi/8.3.1/thumb/v7e-m+fp/hard/libgcc.a(_udivmoddi4.o)
                0x0000000000003e40                __udivmoddi4
 .text          0x0000000000004110        0x4 /Users/sean/Projects/Playmate/sjtwo-c/toolchains/mac/gcc-arm-none-eabi-8-2019-q3-update/bin/../lib/gcc/arm-none-eabi/8.3.1/thumb/v7e-m+fp/hard/libgcc.a(_dvmd_tls.o)
                0x0000000000004110                __aeabi_ldiv0
                0x0000000000004110                __aeabi_idiv0
 .text.atoi     0x0000000000004114        0x8 /Users/sean/Projects/Playmate/sjtwo-c/toolchains/mac/gcc-arm-none-eabi-8-2019-q3-update/bin/../lib/gcc/arm-none-eabi/8.3.1/../../../../arm-none-eabi/lib/thumb/v7e-m+fp/hard/libg_nano.a(lib_a-atoi.o)
                0x0000000000004114                atoi
 .text.fprintf  0x000000000000411c       0x24 /Users/sean/Projects/Playmate/sjtwo-c/toolchains/mac/gcc-arm-none-eabi-8-2019-q3-update/bin/../lib/gcc/arm-none-eabi/8.3.1/../../../../arm-none-eabi/lib/thumb/v7e-m+fp/hard/libg_nano.a(lib_a-fprintf.o)
                0x000000000000411c                fprintf
                0x000000000000411c                fiprintf
 .text._fputs_r
                0x0000000000004140       0xcc /Users/sean/Projects/Playmate/sjtwo-c/toolchains/mac/gcc-arm-none-eabi-8-2019-q3-update/bin/../lib/gcc/arm-none-eabi/8.3.1/../../../../arm-none-eabi/lib/thumb/v7e-m+fp/hard/libg_nano.a(lib_a-fputs.o)
                0x0000000000004140                _fputs_r
 .text.fputs    0x000000000000420c       0x10 /Users/sean/Projects/Playmate/sjtwo-c/toolchains/mac/gcc-arm-none-eabi-8-2019-q3-update/bin/../lib/gcc/arm-none-eabi/8.3.1/../../../../arm-none-eabi/lib/thumb/v7e-m+fp/hard/libg_nano.a(lib_a-fputs.o)
                0x000000000000420c                fputs
 .text.getchar  0x000000000000421c       0x24 /Users/sean/Projects/Playmate/sjtwo-c/toolchains/mac/gcc-arm-none-eabi-8-2019-q3-update/bin/../lib/gcc/arm-none-eabi/8.3.1/../../../../arm-none-eabi/lib/thumb/v7e-m+fp/hard/libg_nano.a(lib_a-getchar.o)
                0x000000000000421c                getchar
 .text.__retarget_lock_init_recursive
                0x0000000000004240        0x2 /Users/sean/Projects/Playmate/sjtwo-c/toolchains/mac/gcc-arm-none-eabi-8-2019-q3-update/bin/../lib/gcc/arm-none-eabi/8.3.1/../../../../arm-none-eabi/lib/thumb/v7e-m+fp/hard/libg_nano.a(lib_a-lock.o)
                0x0000000000004240                __retarget_lock_init_recursive
 .text.__retarget_lock_acquire_recursive
                0x0000000000004242        0x2 /Users/sean/Projects/Playmate/sjtwo-c/toolchains/mac/gcc-arm-none-eabi-8-2019-q3-update/bin/../lib/gcc/arm-none-eabi/8.3.1/../../../../arm-none-eabi/lib/thumb/v7e-m+fp/hard/libg_nano.a(lib_a-lock.o)
                0x0000000000004242                __retarget_lock_acquire_recursive
 .text.__retarget_lock_release_recursive
                0x0000000000004244        0x2 /Users/sean/Projects/Playmate/sjtwo-c/toolchains/mac/gcc-arm-none-eabi-8-2019-q3-update/bin/../lib/gcc/arm-none-eabi/8.3.1/../../../../arm-none-eabi/lib/thumb/v7e-m+fp/hard/libg_nano.a(lib_a-lock.o)
                0x0000000000004244                __retarget_lock_release_recursive
 *fill*         0x0000000000004246        0x2 ff
 .text.malloc   0x0000000000004248       0x10 /Users/sean/Projects/Playmate/sjtwo-c/toolchains/mac/gcc-arm-none-eabi-8-2019-q3-update/bin/../lib/gcc/arm-none-eabi/8.3.1/../../../../arm-none-eabi/lib/thumb/v7e-m+fp/hard/libg_nano.a(lib_a-malloc.o)
                0x0000000000004248                malloc
 .text.free     0x0000000000004258       0x10 /Users/sean/Projects/Playmate/sjtwo-c/toolchains/mac/gcc-arm-none-eabi-8-2019-q3-update/bin/../lib/gcc/arm-none-eabi/8.3.1/../../../../arm-none-eabi/lib/thumb/v7e-m+fp/hard/libg_nano.a(lib_a-malloc.o)
                0x0000000000004258                free
 .text.memcpy   0x0000000000004268       0x1c /Users/sean/Projects/Playmate/sjtwo-c/toolchains/mac/gcc-arm-none-eabi-8-2019-q3-update/bin/../lib/gcc/arm-none-eabi/8.3.1/../../../../arm-none-eabi/lib/thumb/v7e-m+fp/hard/libg_nano.a(lib_a-memcpy-stub.o)
                0x0000000000004268                memcpy
 .text.memmove  0x0000000000004284       0x34 /Users/sean/Projects/Playmate/sjtwo-c/toolchains/mac/gcc-arm-none-eabi-8-2019-q3-update/bin/../lib/gcc/arm-none-eabi/8.3.1/../../../../arm-none-eabi/lib/thumb/v7e-m+fp/hard/libg_nano.a(lib_a-memmove.o)
                0x0000000000004284                memmove
 .text.memset   0x00000000000042b8       0x10 /Users/sean/Projects/Playmate/sjtwo-c/toolchains/mac/gcc-arm-none-eabi-8-2019-q3-update/bin/../lib/gcc/arm-none-eabi/8.3.1/../../../../arm-none-eabi/lib/thumb/v7e-m+fp/hard/libg_nano.a(lib_a-memset.o)
                0x00000000000042b8                memset
 .text._free_r  0x00000000000042c8       0x9c /Users/sean/Projects/Playmate/sjtwo-c/toolchains/mac/gcc-arm-none-eabi-8-2019-q3-update/bin/../lib/gcc/arm-none-eabi/8.3.1/../../../../arm-none-eabi/lib/thumb/v7e-m+fp/hard/libg_nano.a(lib_a-nano-freer.o)
                0x00000000000042c8                _free_r
 .text._malloc_r
                0x0000000000004364       0xb4 /Users/sean/Projects/Playmate/sjtwo-c/toolchains/mac/gcc-arm-none-eabi-8-2019-q3-update/bin/../lib/gcc/arm-none-eabi/8.3.1/../../../../arm-none-eabi/lib/thumb/v7e-m+fp/hard/libg_nano.a(lib_a-nano-mallocr.o)
                0x0000000000004364                _malloc_r
 .text.__sfputc_r
                0x0000000000004418       0x2e /Users/sean/Projects/Playmate/sjtwo-c/toolchains/mac/gcc-arm-none-eabi-8-2019-q3-update/bin/../lib/gcc/arm-none-eabi/8.3.1/../../../../arm-none-eabi/lib/thumb/v7e-m+fp/hard/libg_nano.a(lib_a-nano-vfprintf.o)
 .text.__sfputs_r
                0x0000000000004446       0x24 /Users/sean/Projects/Playmate/sjtwo-c/toolchains/mac/gcc-arm-none-eabi-8-2019-q3-update/bin/../lib/gcc/arm-none-eabi/8.3.1/../../../../arm-none-eabi/lib/thumb/v7e-m+fp/hard/libg_nano.a(lib_a-nano-vfprintf.o)
                0x0000000000004446                __sfputs_r
 *fill*         0x000000000000446a        0x2 ff
 .text._vfprintf_r
                0x000000000000446c      0x250 /Users/sean/Projects/Playmate/sjtwo-c/toolchains/mac/gcc-arm-none-eabi-8-2019-q3-update/bin/../lib/gcc/arm-none-eabi/8.3.1/../../../../arm-none-eabi/lib/thumb/v7e-m+fp/hard/libg_nano.a(lib_a-nano-vfprintf.o)
                0x000000000000446c                _vfiprintf_r
                0x000000000000446c                _vfprintf_r
 .text.__cvt    0x00000000000046bc       0xba /Users/sean/Projects/Playmate/sjtwo-c/toolchains/mac/gcc-arm-none-eabi-8-2019-q3-update/bin/../lib/gcc/arm-none-eabi/8.3.1/../../../../arm-none-eabi/lib/thumb/v7e-m+fp/hard/libg_nano.a(lib_a-nano-vfprintf_float.o)
                0x00000000000046bc                __cvt
 .text.__exponent
                0x0000000000004776       0x64 /Users/sean/Projects/Playmate/sjtwo-c/toolchains/mac/gcc-arm-none-eabi-8-2019-q3-update/bin/../lib/gcc/arm-none-eabi/8.3.1/../../../../arm-none-eabi/lib/thumb/v7e-m+fp/hard/libg_nano.a(lib_a-nano-vfprintf_float.o)
                0x0000000000004776                __exponent
 *fill*         0x00000000000047da        0x2 ff
 .text._printf_float
                0x00000000000047dc      0x454 /Users/sean/Projects/Playmate/sjtwo-c/toolchains/mac/gcc-arm-none-eabi-8-2019-q3-update/bin/../lib/gcc/arm-none-eabi/8.3.1/../../../../arm-none-eabi/lib/thumb/v7e-m+fp/hard/libg_nano.a(lib_a-nano-vfprintf_float.o)
                0x00000000000047dc                _printf_float
 .text._printf_common
                0x0000000000004c30       0xea /Users/sean/Projects/Playmate/sjtwo-c/toolchains/mac/gcc-arm-none-eabi-8-2019-q3-update/bin/../lib/gcc/arm-none-eabi/8.3.1/../../../../arm-none-eabi/lib/thumb/v7e-m+fp/hard/libg_nano.a(lib_a-nano-vfprintf_i.o)
                0x0000000000004c30                _printf_common
 *fill*         0x0000000000004d1a        0x2 ff
 .text._printf_i
                0x0000000000004d1c      0x228 /Users/sean/Projects/Playmate/sjtwo-c/toolchains/mac/gcc-arm-none-eabi-8-2019-q3-update/bin/../lib/gcc/arm-none-eabi/8.3.1/../../../../arm-none-eabi/lib/thumb/v7e-m+fp/hard/libg_nano.a(lib_a-nano-vfprintf_i.o)
                0x0000000000004d1c                _printf_i
 .text._scanf_float
                0x0000000000004f44      0x3c0 /Users/sean/Projects/Playmate/sjtwo-c/toolchains/mac/gcc-arm-none-eabi-8-2019-q3-update/bin/../lib/gcc/arm-none-eabi/8.3.1/../../../../arm-none-eabi/lib/thumb/v7e-m+fp/hard/libg_nano.a(lib_a-nano-vfscanf_float.o)
                0x0000000000004f44                _scanf_float
 .text.printf   0x0000000000005304       0x30 /Users/sean/Projects/Playmate/sjtwo-c/toolchains/mac/gcc-arm-none-eabi-8-2019-q3-update/bin/../lib/gcc/arm-none-eabi/8.3.1/../../../../arm-none-eabi/lib/thumb/v7e-m+fp/hard/libg_nano.a(lib_a-printf.o)
                0x0000000000005304                printf
                0x0000000000005304                iprintf
 .text.putchar  0x0000000000005334       0x28 /Users/sean/Projects/Playmate/sjtwo-c/toolchains/mac/gcc-arm-none-eabi-8-2019-q3-update/bin/../lib/gcc/arm-none-eabi/8.3.1/../../../../arm-none-eabi/lib/thumb/v7e-m+fp/hard/libg_nano.a(lib_a-putchar.o)
                0x0000000000005334                putchar
 .text._puts_r  0x000000000000535c       0xdc /Users/sean/Projects/Playmate/sjtwo-c/toolchains/mac/gcc-arm-none-eabi-8-2019-q3-update/bin/../lib/gcc/arm-none-eabi/8.3.1/../../../../arm-none-eabi/lib/thumb/v7e-m+fp/hard/libg_nano.a(lib_a-puts.o)
                0x000000000000535c                _puts_r
 .text.puts     0x0000000000005438       0x10 /Users/sean/Projects/Playmate/sjtwo-c/toolchains/mac/gcc-arm-none-eabi-8-2019-q3-update/bin/../lib/gcc/arm-none-eabi/8.3.1/../../../../arm-none-eabi/lib/thumb/v7e-m+fp/hard/libg_nano.a(lib_a-puts.o)
                0x0000000000005438                puts
 .text._sbrk_r  0x0000000000005448       0x20 /Users/sean/Projects/Playmate/sjtwo-c/toolchains/mac/gcc-arm-none-eabi-8-2019-q3-update/bin/../lib/gcc/arm-none-eabi/8.3.1/../../../../arm-none-eabi/lib/thumb/v7e-m+fp/hard/libg_nano.a(lib_a-sbrkr.o)
                0x0000000000005448                _sbrk_r
 .text.setvbuf  0x0000000000005468      0x184 /Users/sean/Projects/Playmate/sjtwo-c/toolchains/mac/gcc-arm-none-eabi-8-2019-q3-update/bin/../lib/gcc/arm-none-eabi/8.3.1/../../../../arm-none-eabi/lib/thumb/v7e-m+fp/hard/libg_nano.a(lib_a-setvbuf.o)
                0x0000000000005468                setvbuf
 .text.nanf     0x00000000000055ec        0xc /Users/sean/Projects/Playmate/sjtwo-c/toolchains/mac/gcc-arm-none-eabi-8-2019-q3-update/bin/../lib/gcc/arm-none-eabi/8.3.1/../../../../arm-none-eabi/lib/thumb/v7e-m+fp/hard/libg_nano.a(lib_a-sf_nan.o)
                0x00000000000055ec                nanf
 .text.sprintf  0x00000000000055f8       0x40 /Users/sean/Projects/Playmate/sjtwo-c/toolchains/mac/gcc-arm-none-eabi-8-2019-q3-update/bin/../lib/gcc/arm-none-eabi/8.3.1/../../../../arm-none-eabi/lib/thumb/v7e-m+fp/hard/libg_nano.a(lib_a-sprintf.o)
                0x00000000000055f8                sprintf
                0x00000000000055f8                siprintf
 .text.strcasecmp
                0x0000000000005638       0x38 /Users/sean/Projects/Playmate/sjtwo-c/toolchains/mac/gcc-arm-none-eabi-8-2019-q3-update/bin/../lib/gcc/arm-none-eabi/8.3.1/../../../../arm-none-eabi/lib/thumb/v7e-m+fp/hard/libg_nano.a(lib_a-strcasecmp.o)
                0x0000000000005638                strcasecmp
 .text.strchr   0x0000000000005670       0x1a /Users/sean/Projects/Playmate/sjtwo-c/toolchains/mac/gcc-arm-none-eabi-8-2019-q3-update/bin/../lib/gcc/arm-none-eabi/8.3.1/../../../../arm-none-eabi/lib/thumb/v7e-m+fp/hard/libg_nano.a(lib_a-strchr.o)
                0x0000000000005670                strchr
 .text          0x000000000000568a       0x10 /Users/sean/Projects/Playmate/sjtwo-c/toolchains/mac/gcc-arm-none-eabi-8-2019-q3-update/bin/../lib/gcc/arm-none-eabi/8.3.1/../../../../arm-none-eabi/lib/thumb/v7e-m+fp/hard/libg_nano.a(lib_a-strlen.o)
                0x000000000000568a                strlen
 *fill*         0x000000000000569a        0x2 ff
 .text.strncasecmp
                0x000000000000569c       0x44 /Users/sean/Projects/Playmate/sjtwo-c/toolchains/mac/gcc-arm-none-eabi-8-2019-q3-update/bin/../lib/gcc/arm-none-eabi/8.3.1/../../../../arm-none-eabi/lib/thumb/v7e-m+fp/hard/libg_nano.a(lib_a-strncasecmp.o)
                0x000000000000569c                strncasecmp
 .text.strncmp  0x00000000000056e0       0x24 /Users/sean/Projects/Playmate/sjtwo-c/toolchains/mac/gcc-arm-none-eabi-8-2019-q3-update/bin/../lib/gcc/arm-none-eabi/8.3.1/../../../../arm-none-eabi/lib/thumb/v7e-m+fp/hard/libg_nano.a(lib_a-strncmp.o)
                0x00000000000056e0                strncmp
 .text.strncpy  0x0000000000005704       0x26 /Users/sean/Projects/Playmate/sjtwo-c/toolchains/mac/gcc-arm-none-eabi-8-2019-q3-update/bin/../lib/gcc/arm-none-eabi/8.3.1/../../../../arm-none-eabi/lib/thumb/v7e-m+fp/hard/libg_nano.a(lib_a-strncpy.o)
                0x0000000000005704                strncpy
 .text.strstr   0x000000000000572a       0x2e /Users/sean/Projects/Playmate/sjtwo-c/toolchains/mac/gcc-arm-none-eabi-8-2019-q3-update/bin/../lib/gcc/arm-none-eabi/8.3.1/../../../../arm-none-eabi/lib/thumb/v7e-m+fp/hard/libg_nano.a(lib_a-strstr.o)
                0x000000000000572a                strstr
 .text.sulp     0x0000000000005758       0x38 /Users/sean/Projects/Playmate/sjtwo-c/toolchains/mac/gcc-arm-none-eabi-8-2019-q3-update/bin/../lib/gcc/arm-none-eabi/8.3.1/../../../../arm-none-eabi/lib/thumb/v7e-m+fp/hard/libg_nano.a(lib_a-strtod.o)
 .text._strtod_l
                0x0000000000005790      0xb98 /Users/sean/Projects/Playmate/sjtwo-c/toolchains/mac/gcc-arm-none-eabi-8-2019-q3-update/bin/../lib/gcc/arm-none-eabi/8.3.1/../../../../arm-none-eabi/lib/thumb/v7e-m+fp/hard/libg_nano.a(lib_a-strtod.o)
                0x0000000000005790                _strtod_l
 .text._strtod_r
                0x0000000000006328        0xc /Users/sean/Projects/Playmate/sjtwo-c/toolchains/mac/gcc-arm-none-eabi-8-2019-q3-update/bin/../lib/gcc/arm-none-eabi/8.3.1/../../../../arm-none-eabi/lib/thumb/v7e-m+fp/hard/libg_nano.a(lib_a-strtod.o)
                0x0000000000006328                _strtod_r
 .text._strtol_l.isra.0
                0x0000000000006334       0xf0 /Users/sean/Projects/Playmate/sjtwo-c/toolchains/mac/gcc-arm-none-eabi-8-2019-q3-update/bin/../lib/gcc/arm-none-eabi/8.3.1/../../../../arm-none-eabi/lib/thumb/v7e-m+fp/hard/libg_nano.a(lib_a-strtol.o)
 .text._strtol_r
                0x0000000000006424        0x4 /Users/sean/Projects/Playmate/sjtwo-c/toolchains/mac/gcc-arm-none-eabi-8-2019-q3-update/bin/../lib/gcc/arm-none-eabi/8.3.1/../../../../arm-none-eabi/lib/thumb/v7e-m+fp/hard/libg_nano.a(lib_a-strtol.o)
                0x0000000000006424                _strtol_r
 .text.strtol   0x0000000000006428       0x14 /Users/sean/Projects/Playmate/sjtwo-c/toolchains/mac/gcc-arm-none-eabi-8-2019-q3-update/bin/../lib/gcc/arm-none-eabi/8.3.1/../../../../arm-none-eabi/lib/thumb/v7e-m+fp/hard/libg_nano.a(lib_a-strtol.o)
                0x0000000000006428                strtol
 .text._vsnprintf_r
                0x000000000000643c       0x58 /Users/sean/Projects/Playmate/sjtwo-c/toolchains/mac/gcc-arm-none-eabi-8-2019-q3-update/bin/../lib/gcc/arm-none-eabi/8.3.1/../../../../arm-none-eabi/lib/thumb/v7e-m+fp/hard/libg_nano.a(lib_a-vsnprintf.o)
                0x000000000000643c                _vsnprintf_r
                0x000000000000643c                _vsniprintf_r
 .text.vsnprintf
                0x0000000000006494       0x1c /Users/sean/Projects/Playmate/sjtwo-c/toolchains/mac/gcc-arm-none-eabi-8-2019-q3-update/bin/../lib/gcc/arm-none-eabi/8.3.1/../../../../arm-none-eabi/lib/thumb/v7e-m+fp/hard/libg_nano.a(lib_a-vsnprintf.o)
                0x0000000000006494                vsnprintf
                0x0000000000006494                vsniprintf
 .text._vsscanf_r
                0x00000000000064b0       0x48 /Users/sean/Projects/Playmate/sjtwo-c/toolchains/mac/gcc-arm-none-eabi-8-2019-q3-update/bin/../lib/gcc/arm-none-eabi/8.3.1/../../../../arm-none-eabi/lib/thumb/v7e-m+fp/hard/libg_nano.a(lib_a-vsscanf.o)
                0x00000000000064b0                _vsiscanf_r
                0x00000000000064b0                _vsscanf_r
 .text.vsscanf  0x00000000000064f8       0x14 /Users/sean/Projects/Playmate/sjtwo-c/toolchains/mac/gcc-arm-none-eabi-8-2019-q3-update/bin/../lib/gcc/arm-none-eabi/8.3.1/../../../../arm-none-eabi/lib/thumb/v7e-m+fp/hard/libg_nano.a(lib_a-vsscanf.o)
                0x00000000000064f8                vsscanf
                0x00000000000064f8                vsiscanf
 .text.__swbuf_r
                0x000000000000650c       0xa4 /Users/sean/Projects/Playmate/sjtwo-c/toolchains/mac/gcc-arm-none-eabi-8-2019-q3-update/bin/../lib/gcc/arm-none-eabi/8.3.1/../../../../arm-none-eabi/lib/thumb/v7e-m+fp/hard/libg_nano.a(lib_a-wbuf.o)
                0x000000000000650c                __swbuf_r
 .text.__swsetup_r
                0x00000000000065b0       0xdc /Users/sean/Projects/Playmate/sjtwo-c/toolchains/mac/gcc-arm-none-eabi-8-2019-q3-update/bin/../lib/gcc/arm-none-eabi/8.3.1/../../../../arm-none-eabi/lib/thumb/v7e-m+fp/hard/libg_nano.a(lib_a-wsetup.o)
                0x00000000000065b0                __swsetup_r
 .text.quorem   0x000000000000668c      0x112 /Users/sean/Projects/Playmate/sjtwo-c/toolchains/mac/gcc-arm-none-eabi-8-2019-q3-update/bin/../lib/gcc/arm-none-eabi/8.3.1/../../../../arm-none-eabi/lib/thumb/v7e-m+fp/hard/libg_nano.a(lib_a-dtoa.o)
 *fill*         0x000000000000679e        0x2 ff
 .text._dtoa_r  0x00000000000067a0      0xb74 /Users/sean/Projects/Playmate/sjtwo-c/toolchains/mac/gcc-arm-none-eabi-8-2019-q3-update/bin/../lib/gcc/arm-none-eabi/8.3.1/../../../../arm-none-eabi/lib/thumb/v7e-m+fp/hard/libg_nano.a(lib_a-dtoa.o)
                0x00000000000067a0                _dtoa_r
 .text.__sflush_r
                0x0000000000007314      0x10c /Users/sean/Projects/Playmate/sjtwo-c/toolchains/mac/gcc-arm-none-eabi-8-2019-q3-update/bin/../lib/gcc/arm-none-eabi/8.3.1/../../../../arm-none-eabi/lib/thumb/v7e-m+fp/hard/libg_nano.a(lib_a-fflush.o)
                0x0000000000007314                __sflush_r
 .text._fflush_r
                0x0000000000007420       0x78 /Users/sean/Projects/Playmate/sjtwo-c/toolchains/mac/gcc-arm-none-eabi-8-2019-q3-update/bin/../lib/gcc/arm-none-eabi/8.3.1/../../../../arm-none-eabi/lib/thumb/v7e-m+fp/hard/libg_nano.a(lib_a-fflush.o)
                0x0000000000007420                _fflush_r
 .text.fflush   0x0000000000007498       0x24 /Users/sean/Projects/Playmate/sjtwo-c/toolchains/mac/gcc-arm-none-eabi-8-2019-q3-update/bin/../lib/gcc/arm-none-eabi/8.3.1/../../../../arm-none-eabi/lib/thumb/v7e-m+fp/hard/libg_nano.a(lib_a-fflush.o)
                0x0000000000007498                fflush
 .text.std      0x00000000000074bc       0x48 /Users/sean/Projects/Playmate/sjtwo-c/toolchains/mac/gcc-arm-none-eabi-8-2019-q3-update/bin/../lib/gcc/arm-none-eabi/8.3.1/../../../../arm-none-eabi/lib/thumb/v7e-m+fp/hard/libg_nano.a(lib_a-findfp.o)
 .text._cleanup_r
                0x0000000000007504        0xc /Users/sean/Projects/Playmate/sjtwo-c/toolchains/mac/gcc-arm-none-eabi-8-2019-q3-update/bin/../lib/gcc/arm-none-eabi/8.3.1/../../../../arm-none-eabi/lib/thumb/v7e-m+fp/hard/libg_nano.a(lib_a-findfp.o)
                0x0000000000007504                _cleanup_r
 .text.__sfmoreglue
                0x0000000000007510       0x2c /Users/sean/Projects/Playmate/sjtwo-c/toolchains/mac/gcc-arm-none-eabi-8-2019-q3-update/bin/../lib/gcc/arm-none-eabi/8.3.1/../../../../arm-none-eabi/lib/thumb/v7e-m+fp/hard/libg_nano.a(lib_a-findfp.o)
                0x0000000000007510                __sfmoreglue
 .text.__sfp_lock_acquire
                0x000000000000753c        0xc /Users/sean/Projects/Playmate/sjtwo-c/toolchains/mac/gcc-arm-none-eabi-8-2019-q3-update/bin/../lib/gcc/arm-none-eabi/8.3.1/../../../../arm-none-eabi/lib/thumb/v7e-m+fp/hard/libg_nano.a(lib_a-findfp.o)
                0x000000000000753c                __sfp_lock_acquire
 .text.__sfp_lock_release
                0x0000000000007548        0xc /Users/sean/Projects/Playmate/sjtwo-c/toolchains/mac/gcc-arm-none-eabi-8-2019-q3-update/bin/../lib/gcc/arm-none-eabi/8.3.1/../../../../arm-none-eabi/lib/thumb/v7e-m+fp/hard/libg_nano.a(lib_a-findfp.o)
                0x0000000000007548                __sfp_lock_release
 .text.__sinit_lock_acquire
                0x0000000000007554        0xc /Users/sean/Projects/Playmate/sjtwo-c/toolchains/mac/gcc-arm-none-eabi-8-2019-q3-update/bin/../lib/gcc/arm-none-eabi/8.3.1/../../../../arm-none-eabi/lib/thumb/v7e-m+fp/hard/libg_nano.a(lib_a-findfp.o)
                0x0000000000007554                __sinit_lock_acquire
 .text.__sinit_lock_release
                0x0000000000007560        0xc /Users/sean/Projects/Playmate/sjtwo-c/toolchains/mac/gcc-arm-none-eabi-8-2019-q3-update/bin/../lib/gcc/arm-none-eabi/8.3.1/../../../../arm-none-eabi/lib/thumb/v7e-m+fp/hard/libg_nano.a(lib_a-findfp.o)
                0x0000000000007560                __sinit_lock_release
 .text.__sinit  0x000000000000756c       0x70 /Users/sean/Projects/Playmate/sjtwo-c/toolchains/mac/gcc-arm-none-eabi-8-2019-q3-update/bin/../lib/gcc/arm-none-eabi/8.3.1/../../../../arm-none-eabi/lib/thumb/v7e-m+fp/hard/libg_nano.a(lib_a-findfp.o)
                0x000000000000756c                __sinit
 .text.__sfp    0x00000000000075dc       0x8c /Users/sean/Projects/Playmate/sjtwo-c/toolchains/mac/gcc-arm-none-eabi-8-2019-q3-update/bin/../lib/gcc/arm-none-eabi/8.3.1/../../../../arm-none-eabi/lib/thumb/v7e-m+fp/hard/libg_nano.a(lib_a-findfp.o)
                0x00000000000075dc                __sfp
 .text._fwalk   0x0000000000007668       0x38 /Users/sean/Projects/Playmate/sjtwo-c/toolchains/mac/gcc-arm-none-eabi-8-2019-q3-update/bin/../lib/gcc/arm-none-eabi/8.3.1/../../../../arm-none-eabi/lib/thumb/v7e-m+fp/hard/libg_nano.a(lib_a-fwalk.o)
                0x0000000000007668                _fwalk
 .text._fwalk_reent
                0x00000000000076a0       0x3c /Users/sean/Projects/Playmate/sjtwo-c/toolchains/mac/gcc-arm-none-eabi-8-2019-q3-update/bin/../lib/gcc/arm-none-eabi/8.3.1/../../../../arm-none-eabi/lib/thumb/v7e-m+fp/hard/libg_nano.a(lib_a-fwalk.o)
                0x00000000000076a0                _fwalk_reent
 .text.rshift   0x00000000000076dc       0x74 /Users/sean/Projects/Playmate/sjtwo-c/toolchains/mac/gcc-arm-none-eabi-8-2019-q3-update/bin/../lib/gcc/arm-none-eabi/8.3.1/../../../../arm-none-eabi/lib/thumb/v7e-m+fp/hard/libg_nano.a(lib_a-gdtoa-gethex.o)
 .text.__hexdig_fun
                0x0000000000007750       0x2a /Users/sean/Projects/Playmate/sjtwo-c/toolchains/mac/gcc-arm-none-eabi-8-2019-q3-update/bin/../lib/gcc/arm-none-eabi/8.3.1/../../../../arm-none-eabi/lib/thumb/v7e-m+fp/hard/libg_nano.a(lib_a-gdtoa-gethex.o)
                0x0000000000007750                __hexdig_fun
 *fill*         0x000000000000777a        0x2 ff
 .text.__gethex
                0x000000000000777c      0x448 /Users/sean/Projects/Playmate/sjtwo-c/toolchains/mac/gcc-arm-none-eabi-8-2019-q3-update/bin/../lib/gcc/arm-none-eabi/8.3.1/../../../../arm-none-eabi/lib/thumb/v7e-m+fp/hard/libg_nano.a(lib_a-gdtoa-gethex.o)
                0x000000000000777c                __gethex
 .text.L_shift  0x0000000000007bc4       0x24 /Users/sean/Projects/Playmate/sjtwo-c/toolchains/mac/gcc-arm-none-eabi-8-2019-q3-update/bin/../lib/gcc/arm-none-eabi/8.3.1/../../../../arm-none-eabi/lib/thumb/v7e-m+fp/hard/libg_nano.a(lib_a-gdtoa-hexnan.o)
 .text.__match  0x0000000000007be8       0x28 /Users/sean/Projects/Playmate/sjtwo-c/toolchains/mac/gcc-arm-none-eabi-8-2019-q3-update/bin/../lib/gcc/arm-none-eabi/8.3.1/../../../../arm-none-eabi/lib/thumb/v7e-m+fp/hard/libg_nano.a(lib_a-gdtoa-hexnan.o)
                0x0000000000007be8                __match
 .text.__hexnan
                0x0000000000007c10      0x120 /Users/sean/Projects/Playmate/sjtwo-c/toolchains/mac/gcc-arm-none-eabi-8-2019-q3-update/bin/../lib/gcc/arm-none-eabi/8.3.1/../../../../arm-none-eabi/lib/thumb/v7e-m+fp/hard/libg_nano.a(lib_a-gdtoa-hexnan.o)
                0x0000000000007c10                __hexnan
 .text._getc_r  0x0000000000007d30       0x80 /Users/sean/Projects/Playmate/sjtwo-c/toolchains/mac/gcc-arm-none-eabi-8-2019-q3-update/bin/../lib/gcc/arm-none-eabi/8.3.1/../../../../arm-none-eabi/lib/thumb/v7e-m+fp/hard/libg_nano.a(lib_a-getc.o)
                0x0000000000007d30                _getc_r
 .text._localeconv_r
                0x0000000000007db0        0x8 /Users/sean/Projects/Playmate/sjtwo-c/toolchains/mac/gcc-arm-none-eabi-8-2019-q3-update/bin/../lib/gcc/arm-none-eabi/8.3.1/../../../../arm-none-eabi/lib/thumb/v7e-m+fp/hard/libg_nano.a(lib_a-localeconv.o)
                0x0000000000007db0                _localeconv_r
 .text.__swhatbuf_r
                0x0000000000007db8       0x48 /Users/sean/Projects/Playmate/sjtwo-c/toolchains/mac/gcc-arm-none-eabi-8-2019-q3-update/bin/../lib/gcc/arm-none-eabi/8.3.1/../../../../arm-none-eabi/lib/thumb/v7e-m+fp/hard/libg_nano.a(lib_a-makebuf.o)
                0x0000000000007db8                __swhatbuf_r
 .text.__smakebuf_r
                0x0000000000007e00       0x80 /Users/sean/Projects/Playmate/sjtwo-c/toolchains/mac/gcc-arm-none-eabi-8-2019-q3-update/bin/../lib/gcc/arm-none-eabi/8.3.1/../../../../arm-none-eabi/lib/thumb/v7e-m+fp/hard/libg_nano.a(lib_a-makebuf.o)
                0x0000000000007e00                __smakebuf_r
 .text.__ascii_mbtowc
                0x0000000000007e80       0x24 /Users/sean/Projects/Playmate/sjtwo-c/toolchains/mac/gcc-arm-none-eabi-8-2019-q3-update/bin/../lib/gcc/arm-none-eabi/8.3.1/../../../../arm-none-eabi/lib/thumb/v7e-m+fp/hard/libg_nano.a(lib_a-mbtowc_r.o)
                0x0000000000007e80                __ascii_mbtowc
 *fill*         0x0000000000007ea4        0xc ff
 .text          0x0000000000007eb0       0xa0 /Users/sean/Projects/Playmate/sjtwo-c/toolchains/mac/gcc-arm-none-eabi-8-2019-q3-update/bin/../lib/gcc/arm-none-eabi/8.3.1/../../../../arm-none-eabi/lib/thumb/v7e-m+fp/hard/libg_nano.a(lib_a-memchr.o)
                0x0000000000007eb0                memchr
 .text.__malloc_lock
                0x0000000000007f50        0xc /Users/sean/Projects/Playmate/sjtwo-c/toolchains/mac/gcc-arm-none-eabi-8-2019-q3-update/bin/../lib/gcc/arm-none-eabi/8.3.1/../../../../arm-none-eabi/lib/thumb/v7e-m+fp/hard/libg_nano.a(lib_a-mlock.o)
                0x0000000000007f50                __malloc_lock
 .text.__malloc_unlock
                0x0000000000007f5c        0xc /Users/sean/Projects/Playmate/sjtwo-c/toolchains/mac/gcc-arm-none-eabi-8-2019-q3-update/bin/../lib/gcc/arm-none-eabi/8.3.1/../../../../arm-none-eabi/lib/thumb/v7e-m+fp/hard/libg_nano.a(lib_a-mlock.o)
                0x0000000000007f5c                __malloc_unlock
 .text._Balloc  0x0000000000007f68       0x68 /Users/sean/Projects/Playmate/sjtwo-c/toolchains/mac/gcc-arm-none-eabi-8-2019-q3-update/bin/../lib/gcc/arm-none-eabi/8.3.1/../../../../arm-none-eabi/lib/thumb/v7e-m+fp/hard/libg_nano.a(lib_a-mprec.o)
                0x0000000000007f68                _Balloc
 .text._Bfree   0x0000000000007fd0       0x2e /Users/sean/Projects/Playmate/sjtwo-c/toolchains/mac/gcc-arm-none-eabi-8-2019-q3-update/bin/../lib/gcc/arm-none-eabi/8.3.1/../../../../arm-none-eabi/lib/thumb/v7e-m+fp/hard/libg_nano.a(lib_a-mprec.o)
                0x0000000000007fd0                _Bfree
 .text.__multadd
                0x0000000000007ffe       0x76 /Users/sean/Projects/Playmate/sjtwo-c/toolchains/mac/gcc-arm-none-eabi-8-2019-q3-update/bin/../lib/gcc/arm-none-eabi/8.3.1/../../../../arm-none-eabi/lib/thumb/v7e-m+fp/hard/libg_nano.a(lib_a-mprec.o)
                0x0000000000007ffe                __multadd
 .text.__s2b    0x0000000000008074       0x7c /Users/sean/Projects/Playmate/sjtwo-c/toolchains/mac/gcc-arm-none-eabi-8-2019-q3-update/bin/../lib/gcc/arm-none-eabi/8.3.1/../../../../arm-none-eabi/lib/thumb/v7e-m+fp/hard/libg_nano.a(lib_a-mprec.o)
                0x0000000000008074                __s2b
 .text.__hi0bits
                0x00000000000080f0       0x40 /Users/sean/Projects/Playmate/sjtwo-c/toolchains/mac/gcc-arm-none-eabi-8-2019-q3-update/bin/../lib/gcc/arm-none-eabi/8.3.1/../../../../arm-none-eabi/lib/thumb/v7e-m+fp/hard/libg_nano.a(lib_a-mprec.o)
                0x00000000000080f0                __hi0bits
 .text.__lo0bits
                0x0000000000008130       0x60 /Users/sean/Projects/Playmate/sjtwo-c/toolchains/mac/gcc-arm-none-eabi-8-2019-q3-update/bin/../lib/gcc/arm-none-eabi/8.3.1/../../../../arm-none-eabi/lib/thumb/v7e-m+fp/hard/libg_nano.a(lib_a-mprec.o)
                0x0000000000008130                __lo0bits
 .text.__i2b    0x0000000000008190       0x12 /Users/sean/Projects/Playmate/sjtwo-c/toolchains/mac/gcc-arm-none-eabi-8-2019-q3-update/bin/../lib/gcc/arm-none-eabi/8.3.1/../../../../arm-none-eabi/lib/thumb/v7e-m+fp/hard/libg_nano.a(lib_a-mprec.o)
                0x0000000000008190                __i2b
 .text.__multiply
                0x00000000000081a2      0x120 /Users/sean/Projects/Playmate/sjtwo-c/toolchains/mac/gcc-arm-none-eabi-8-2019-q3-update/bin/../lib/gcc/arm-none-eabi/8.3.1/../../../../arm-none-eabi/lib/thumb/v7e-m+fp/hard/libg_nano.a(lib_a-mprec.o)
                0x00000000000081a2                __multiply
 *fill*         0x00000000000082c2        0x2 ff
 .text.__pow5mult
                0x00000000000082c4       0x9c /Users/sean/Projects/Playmate/sjtwo-c/toolchains/mac/gcc-arm-none-eabi-8-2019-q3-update/bin/../lib/gcc/arm-none-eabi/8.3.1/../../../../arm-none-eabi/lib/thumb/v7e-m+fp/hard/libg_nano.a(lib_a-mprec.o)
                0x00000000000082c4                __pow5mult
 .text.__lshift
                0x0000000000008360       0xa6 /Users/sean/Projects/Playmate/sjtwo-c/toolchains/mac/gcc-arm-none-eabi-8-2019-q3-update/bin/../lib/gcc/arm-none-eabi/8.3.1/../../../../arm-none-eabi/lib/thumb/v7e-m+fp/hard/libg_nano.a(lib_a-mprec.o)
                0x0000000000008360                __lshift
 .text.__mcmp   0x0000000000008406       0x34 /Users/sean/Projects/Playmate/sjtwo-c/toolchains/mac/gcc-arm-none-eabi-8-2019-q3-update/bin/../lib/gcc/arm-none-eabi/8.3.1/../../../../arm-none-eabi/lib/thumb/v7e-m+fp/hard/libg_nano.a(lib_a-mprec.o)
                0x0000000000008406                __mcmp
 .text.__mdiff  0x000000000000843a       0xba /Users/sean/Projects/Playmate/sjtwo-c/toolchains/mac/gcc-arm-none-eabi-8-2019-q3-update/bin/../lib/gcc/arm-none-eabi/8.3.1/../../../../arm-none-eabi/lib/thumb/v7e-m+fp/hard/libg_nano.a(lib_a-mprec.o)
                0x000000000000843a                __mdiff
 .text.__ulp    0x00000000000084f4       0x4c /Users/sean/Projects/Playmate/sjtwo-c/toolchains/mac/gcc-arm-none-eabi-8-2019-q3-update/bin/../lib/gcc/arm-none-eabi/8.3.1/../../../../arm-none-eabi/lib/thumb/v7e-m+fp/hard/libg_nano.a(lib_a-mprec.o)
                0x00000000000084f4                __ulp
 .text.__b2d    0x0000000000008540       0xa0 /Users/sean/Projects/Playmate/sjtwo-c/toolchains/mac/gcc-arm-none-eabi-8-2019-q3-update/bin/../lib/gcc/arm-none-eabi/8.3.1/../../../../arm-none-eabi/lib/thumb/v7e-m+fp/hard/libg_nano.a(lib_a-mprec.o)
                0x0000000000008540                __b2d
 .text.__d2b    0x00000000000085e0       0x9c /Users/sean/Projects/Playmate/sjtwo-c/toolchains/mac/gcc-arm-none-eabi-8-2019-q3-update/bin/../lib/gcc/arm-none-eabi/8.3.1/../../../../arm-none-eabi/lib/thumb/v7e-m+fp/hard/libg_nano.a(lib_a-mprec.o)
                0x00000000000085e0                __d2b
 .text.__ratio  0x000000000000867c       0x66 /Users/sean/Projects/Playmate/sjtwo-c/toolchains/mac/gcc-arm-none-eabi-8-2019-q3-update/bin/../lib/gcc/arm-none-eabi/8.3.1/../../../../arm-none-eabi/lib/thumb/v7e-m+fp/hard/libg_nano.a(lib_a-mprec.o)
                0x000000000000867c                __ratio
 .text.__copybits
                0x00000000000086e2       0x34 /Users/sean/Projects/Playmate/sjtwo-c/toolchains/mac/gcc-arm-none-eabi-8-2019-q3-update/bin/../lib/gcc/arm-none-eabi/8.3.1/../../../../arm-none-eabi/lib/thumb/v7e-m+fp/hard/libg_nano.a(lib_a-mprec.o)
                0x00000000000086e2                __copybits
 .text.__any_on
                0x0000000000008716       0x42 /Users/sean/Projects/Playmate/sjtwo-c/toolchains/mac/gcc-arm-none-eabi-8-2019-q3-update/bin/../lib/gcc/arm-none-eabi/8.3.1/../../../../arm-none-eabi/lib/thumb/v7e-m+fp/hard/libg_nano.a(lib_a-mprec.o)
                0x0000000000008716                __any_on
 .text._calloc_r
                0x0000000000008758       0x1c /Users/sean/Projects/Playmate/sjtwo-c/toolchains/mac/gcc-arm-none-eabi-8-2019-q3-update/bin/../lib/gcc/arm-none-eabi/8.3.1/../../../../arm-none-eabi/lib/thumb/v7e-m+fp/hard/libg_nano.a(lib_a-nano-callocr.o)
                0x0000000000008758                _calloc_r
 .text._realloc_r
                0x0000000000008774       0x4c /Users/sean/Projects/Playmate/sjtwo-c/toolchains/mac/gcc-arm-none-eabi-8-2019-q3-update/bin/../lib/gcc/arm-none-eabi/8.3.1/../../../../arm-none-eabi/lib/thumb/v7e-m+fp/hard/libg_nano.a(lib_a-nano-reallocr.o)
                0x0000000000008774                _realloc_r
 .text.__ssputs_r
                0x00000000000087c0       0xb6 /Users/sean/Projects/Playmate/sjtwo-c/toolchains/mac/gcc-arm-none-eabi-8-2019-q3-update/bin/../lib/gcc/arm-none-eabi/8.3.1/../../../../arm-none-eabi/lib/thumb/v7e-m+fp/hard/libg_nano.a(lib_a-nano-svfprintf.o)
                0x00000000000087c0                __ssputs_r
 *fill*         0x0000000000008876        0x2 ff
 .text._svfprintf_r
                0x0000000000008878      0x1f0 /Users/sean/Projects/Playmate/sjtwo-c/toolchains/mac/gcc-arm-none-eabi-8-2019-q3-update/bin/../lib/gcc/arm-none-eabi/8.3.1/../../../../arm-none-eabi/lib/thumb/v7e-m+fp/hard/libg_nano.a(lib_a-nano-svfprintf.o)
                0x0000000000008878                _svfprintf_r
                0x0000000000008878                _svfiprintf_r
 .text._sungetc_r
                0x0000000000008a68       0x7a /Users/sean/Projects/Playmate/sjtwo-c/toolchains/mac/gcc-arm-none-eabi-8-2019-q3-update/bin/../lib/gcc/arm-none-eabi/8.3.1/../../../../arm-none-eabi/lib/thumb/v7e-m+fp/hard/libg_nano.a(lib_a-nano-svfscanf.o)
                0x0000000000008a68                _sungetc_r
 .text.__ssrefill_r
                0x0000000000008ae2       0x3a /Users/sean/Projects/Playmate/sjtwo-c/toolchains/mac/gcc-arm-none-eabi-8-2019-q3-update/bin/../lib/gcc/arm-none-eabi/8.3.1/../../../../arm-none-eabi/lib/thumb/v7e-m+fp/hard/libg_nano.a(lib_a-nano-svfscanf.o)
                0x0000000000008ae2                __ssrefill_r
 .text.__ssvfscanf_r
                0x0000000000008b1c      0x290 /Users/sean/Projects/Playmate/sjtwo-c/toolchains/mac/gcc-arm-none-eabi-8-2019-q3-update/bin/../lib/gcc/arm-none-eabi/8.3.1/../../../../arm-none-eabi/lib/thumb/v7e-m+fp/hard/libg_nano.a(lib_a-nano-svfscanf.o)
                0x0000000000008b1c                __ssvfscanf_r
                0x0000000000008b1c                __ssvfiscanf_r
 .text._scanf_chars
                0x0000000000008dac       0xb0 /Users/sean/Projects/Playmate/sjtwo-c/toolchains/mac/gcc-arm-none-eabi-8-2019-q3-update/bin/../lib/gcc/arm-none-eabi/8.3.1/../../../../arm-none-eabi/lib/thumb/v7e-m+fp/hard/libg_nano.a(lib_a-nano-vfscanf_i.o)
                0x0000000000008dac                _scanf_chars
 .text._scanf_i
                0x0000000000008e5c      0x1e8 /Users/sean/Projects/Playmate/sjtwo-c/toolchains/mac/gcc-arm-none-eabi-8-2019-q3-update/bin/../lib/gcc/arm-none-eabi/8.3.1/../../../../arm-none-eabi/lib/thumb/v7e-m+fp/hard/libg_nano.a(lib_a-nano-vfscanf_i.o)
                0x0000000000008e5c                _scanf_i
 .text._putc_r  0x0000000000009044       0x90 /Users/sean/Projects/Playmate/sjtwo-c/toolchains/mac/gcc-arm-none-eabi-8-2019-q3-update/bin/../lib/gcc/arm-none-eabi/8.3.1/../../../../arm-none-eabi/lib/thumb/v7e-m+fp/hard/libg_nano.a(lib_a-putc.o)
                0x0000000000009044                _putc_r
 .text.__srget_r
                0x00000000000090d4       0x58 /Users/sean/Projects/Playmate/sjtwo-c/toolchains/mac/gcc-arm-none-eabi-8-2019-q3-update/bin/../lib/gcc/arm-none-eabi/8.3.1/../../../../arm-none-eabi/lib/thumb/v7e-m+fp/hard/libg_nano.a(lib_a-rget.o)
                0x00000000000090d4                __srget_r
 *fill*         0x000000000000912c        0x4 ff
 .text.nan      0x0000000000009130       0x10 /Users/sean/Projects/Playmate/sjtwo-c/toolchains/mac/gcc-arm-none-eabi-8-2019-q3-update/bin/../lib/gcc/arm-none-eabi/8.3.1/../../../../arm-none-eabi/lib/thumb/v7e-m+fp/hard/libg_nano.a(lib_a-s_nan.o)
                0x0000000000009130                nan
 .text.__sccl   0x0000000000009140       0x64 /Users/sean/Projects/Playmate/sjtwo-c/toolchains/mac/gcc-arm-none-eabi-8-2019-q3-update/bin/../lib/gcc/arm-none-eabi/8.3.1/../../../../arm-none-eabi/lib/thumb/v7e-m+fp/hard/libg_nano.a(lib_a-sccl.o)
                0x0000000000009140                __sccl
 .text.__sread  0x00000000000091a4       0x22 /Users/sean/Projects/Playmate/sjtwo-c/toolchains/mac/gcc-arm-none-eabi-8-2019-q3-update/bin/../lib/gcc/arm-none-eabi/8.3.1/../../../../arm-none-eabi/lib/thumb/v7e-m+fp/hard/libg_nano.a(lib_a-stdio.o)
                0x00000000000091a4                __sread
 .text.__seofread
                0x00000000000091c6        0x4 /Users/sean/Projects/Playmate/sjtwo-c/toolchains/mac/gcc-arm-none-eabi-8-2019-q3-update/bin/../lib/gcc/arm-none-eabi/8.3.1/../../../../arm-none-eabi/lib/thumb/v7e-m+fp/hard/libg_nano.a(lib_a-stdio.o)
                0x00000000000091c6                __seofread
 .text.__swrite
                0x00000000000091ca       0x38 /Users/sean/Projects/Playmate/sjtwo-c/toolchains/mac/gcc-arm-none-eabi-8-2019-q3-update/bin/../lib/gcc/arm-none-eabi/8.3.1/../../../../arm-none-eabi/lib/thumb/v7e-m+fp/hard/libg_nano.a(lib_a-stdio.o)
                0x00000000000091ca                __swrite
 .text.__sseek  0x0000000000009202       0x24 /Users/sean/Projects/Playmate/sjtwo-c/toolchains/mac/gcc-arm-none-eabi-8-2019-q3-update/bin/../lib/gcc/arm-none-eabi/8.3.1/../../../../arm-none-eabi/lib/thumb/v7e-m+fp/hard/libg_nano.a(lib_a-stdio.o)
                0x0000000000009202                __sseek
 .text.__sclose
                0x0000000000009226        0x8 /Users/sean/Projects/Playmate/sjtwo-c/toolchains/mac/gcc-arm-none-eabi-8-2019-q3-update/bin/../lib/gcc/arm-none-eabi/8.3.1/../../../../arm-none-eabi/lib/thumb/v7e-m+fp/hard/libg_nano.a(lib_a-stdio.o)
                0x0000000000009226                __sclose
 *fill*         0x000000000000922e        0x2 ff
 .text._strtoul_l.isra.0
                0x0000000000009230       0xec /Users/sean/Projects/Playmate/sjtwo-c/toolchains/mac/gcc-arm-none-eabi-8-2019-q3-update/bin/../lib/gcc/arm-none-eabi/8.3.1/../../../../arm-none-eabi/lib/thumb/v7e-m+fp/hard/libg_nano.a(lib_a-strtoul.o)
 .text._strtoul_r
                0x000000000000931c        0x4 /Users/sean/Projects/Playmate/sjtwo-c/toolchains/mac/gcc-arm-none-eabi-8-2019-q3-update/bin/../lib/gcc/arm-none-eabi/8.3.1/../../../../arm-none-eabi/lib/thumb/v7e-m+fp/hard/libg_nano.a(lib_a-strtoul.o)
                0x000000000000931c                _strtoul_r
 .text.__submore
                0x0000000000009320       0x74 /Users/sean/Projects/Playmate/sjtwo-c/toolchains/mac/gcc-arm-none-eabi-8-2019-q3-update/bin/../lib/gcc/arm-none-eabi/8.3.1/../../../../arm-none-eabi/lib/thumb/v7e-m+fp/hard/libg_nano.a(lib_a-ungetc.o)
                0x0000000000009320                __submore
 .text.__ascii_wctomb
                0x0000000000009394       0x1a /Users/sean/Projects/Playmate/sjtwo-c/toolchains/mac/gcc-arm-none-eabi-8-2019-q3-update/bin/../lib/gcc/arm-none-eabi/8.3.1/../../../../arm-none-eabi/lib/thumb/v7e-m+fp/hard/libg_nano.a(lib_a-wctomb_r.o)
                0x0000000000009394                __ascii_wctomb
 *fill*         0x00000000000093ae        0x2 ff
 .text._write_r
                0x00000000000093b0       0x24 /Users/sean/Projects/Playmate/sjtwo-c/toolchains/mac/gcc-arm-none-eabi-8-2019-q3-update/bin/../lib/gcc/arm-none-eabi/8.3.1/../../../../arm-none-eabi/lib/thumb/v7e-m+fp/hard/libg_nano.a(lib_a-writer.o)
                0x00000000000093b0                _write_r
 .text._close_r
                0x00000000000093d4       0x20 /Users/sean/Projects/Playmate/sjtwo-c/toolchains/mac/gcc-arm-none-eabi-8-2019-q3-update/bin/../lib/gcc/arm-none-eabi/8.3.1/../../../../arm-none-eabi/lib/thumb/v7e-m+fp/hard/libg_nano.a(lib_a-closer.o)
                0x00000000000093d4                _close_r
 .text._fstat_r
                0x00000000000093f4       0x24 /Users/sean/Projects/Playmate/sjtwo-c/toolchains/mac/gcc-arm-none-eabi-8-2019-q3-update/bin/../lib/gcc/arm-none-eabi/8.3.1/../../../../arm-none-eabi/lib/thumb/v7e-m+fp/hard/libg_nano.a(lib_a-fstatr.o)
                0x00000000000093f4                _fstat_r
 .text._isatty_r
                0x0000000000009418       0x20 /Users/sean/Projects/Playmate/sjtwo-c/toolchains/mac/gcc-arm-none-eabi-8-2019-q3-update/bin/../lib/gcc/arm-none-eabi/8.3.1/../../../../arm-none-eabi/lib/thumb/v7e-m+fp/hard/libg_nano.a(lib_a-isattyr.o)
                0x0000000000009418                _isatty_r
 .text._lseek_r
                0x0000000000009438       0x24 /Users/sean/Projects/Playmate/sjtwo-c/toolchains/mac/gcc-arm-none-eabi-8-2019-q3-update/bin/../lib/gcc/arm-none-eabi/8.3.1/../../../../arm-none-eabi/lib/thumb/v7e-m+fp/hard/libg_nano.a(lib_a-lseekr.o)
                0x0000000000009438                _lseek_r
 .text._malloc_usable_size_r
                0x000000000000945c       0x10 /Users/sean/Projects/Playmate/sjtwo-c/toolchains/mac/gcc-arm-none-eabi-8-2019-q3-update/bin/../lib/gcc/arm-none-eabi/8.3.1/../../../../arm-none-eabi/lib/thumb/v7e-m+fp/hard/libg_nano.a(lib_a-nano-msizer.o)
                0x000000000000945c                _malloc_usable_size_r
 .text._read_r  0x000000000000946c       0x24 /Users/sean/Projects/Playmate/sjtwo-c/toolchains/mac/gcc-arm-none-eabi-8-2019-q3-update/bin/../lib/gcc/arm-none-eabi/8.3.1/../../../../arm-none-eabi/lib/thumb/v7e-m+fp/hard/libg_nano.a(lib_a-readr.o)
                0x000000000000946c                _read_r
 .text.lflush   0x0000000000009490       0x12 /Users/sean/Projects/Playmate/sjtwo-c/toolchains/mac/gcc-arm-none-eabi-8-2019-q3-update/bin/../lib/gcc/arm-none-eabi/8.3.1/../../../../arm-none-eabi/lib/thumb/v7e-m+fp/hard/libg_nano.a(lib_a-refill.o)
 *fill*         0x00000000000094a2        0x2 ff
 .text.__srefill_r
                0x00000000000094a4      0x118 /Users/sean/Projects/Playmate/sjtwo-c/toolchains/mac/gcc-arm-none-eabi-8-2019-q3-update/bin/../lib/gcc/arm-none-eabi/8.3.1/../../../../arm-none-eabi/lib/thumb/v7e-m+fp/hard/libg_nano.a(lib_a-refill.o)
                0x00000000000094a4                __srefill_r
 .text          0x00000000000095bc      0x378 /Users/sean/Projects/Playmate/sjtwo-c/toolchains/mac/gcc-arm-none-eabi-8-2019-q3-update/bin/../lib/gcc/arm-none-eabi/8.3.1/thumb/v7e-m+fp/hard/libgcc.a(_arm_addsubdf3.o)
                0x00000000000095bc                __aeabi_drsub
                0x00000000000095c4                __subdf3
                0x00000000000095c4                __aeabi_dsub
                0x00000000000095c8                __aeabi_dadd
                0x00000000000095c8                __adddf3
                0x0000000000009840                __aeabi_ui2d
                0x0000000000009840                __floatunsidf
                0x0000000000009860                __floatsidf
                0x0000000000009860                __aeabi_i2d
                0x0000000000009884                __extendsfdf2
                0x0000000000009884                __aeabi_f2d
                0x00000000000098c8                __aeabi_ul2d
                0x00000000000098c8                __floatundidf
                0x00000000000098d8                __aeabi_l2d
                0x00000000000098d8                __floatdidf
 .text          0x0000000000009934      0x424 /Users/sean/Projects/Playmate/sjtwo-c/toolchains/mac/gcc-arm-none-eabi-8-2019-q3-update/bin/../lib/gcc/arm-none-eabi/8.3.1/thumb/v7e-m+fp/hard/libgcc.a(_arm_muldivdf3.o)
                0x0000000000009934                __aeabi_dmul
                0x0000000000009934                __muldf3
                0x0000000000009b88                __aeabi_ddiv
                0x0000000000009b88                __divdf3
 .text          0x0000000000009d58      0x110 /Users/sean/Projects/Playmate/sjtwo-c/toolchains/mac/gcc-arm-none-eabi-8-2019-q3-update/bin/../lib/gcc/arm-none-eabi/8.3.1/thumb/v7e-m+fp/hard/libgcc.a(_arm_cmpdf2.o)
                0x0000000000009d58                __gedf2
                0x0000000000009d58                __gtdf2
                0x0000000000009d60                __ledf2
                0x0000000000009d60                __ltdf2
                0x0000000000009d68                __cmpdf2
                0x0000000000009d68                __eqdf2
                0x0000000000009d68                __nedf2
                0x0000000000009de4                __aeabi_cdrcmple
                0x0000000000009df4                __aeabi_cdcmple
                0x0000000000009df4                __aeabi_cdcmpeq
                0x0000000000009e04                __aeabi_dcmpeq
                0x0000000000009e18                __aeabi_dcmplt
                0x0000000000009e2c                __aeabi_dcmple
                0x0000000000009e40                __aeabi_dcmpge
                0x0000000000009e54                __aeabi_dcmpgt
 .text          0x0000000000009e68       0x2c /Users/sean/Projects/Playmate/sjtwo-c/toolchains/mac/gcc-arm-none-eabi-8-2019-q3-update/bin/../lib/gcc/arm-none-eabi/8.3.1/thumb/v7e-m+fp/hard/libgcc.a(_arm_unorddf2.o)
                0x0000000000009e68                __aeabi_dcmpun
                0x0000000000009e68                __unorddf2
 .text          0x0000000000009e94       0x50 /Users/sean/Projects/Playmate/sjtwo-c/toolchains/mac/gcc-arm-none-eabi-8-2019-q3-update/bin/../lib/gcc/arm-none-eabi/8.3.1/thumb/v7e-m+fp/hard/libgcc.a(_arm_fixdfsi.o)
                0x0000000000009e94                __fixdfsi
                0x0000000000009e94                __aeabi_d2iz
 .text          0x0000000000009ee4       0x40 /Users/sean/Projects/Playmate/sjtwo-c/toolchains/mac/gcc-arm-none-eabi-8-2019-q3-update/bin/../lib/gcc/arm-none-eabi/8.3.1/thumb/v7e-m+fp/hard/libgcc.a(_arm_fixunsdfsi.o)
                0x0000000000009ee4                __fixunsdfsi
                0x0000000000009ee4                __aeabi_d2uiz
 .text          0x0000000000009f24       0xa0 /Users/sean/Projects/Playmate/sjtwo-c/toolchains/mac/gcc-arm-none-eabi-8-2019-q3-update/bin/../lib/gcc/arm-none-eabi/8.3.1/thumb/v7e-m+fp/hard/libgcc.a(_arm_truncdfsf2.o)
                0x0000000000009f24                __aeabi_d2f
                0x0000000000009f24                __truncdfsf2
 .text          0x0000000000009fc4       0x30 /Users/sean/Projects/Playmate/sjtwo-c/toolchains/mac/gcc-arm-none-eabi-8-2019-q3-update/bin/../lib/gcc/arm-none-eabi/8.3.1/thumb/v7e-m+fp/hard/libgcc.a(_fixdfdi.o)
                0x0000000000009fc4                __aeabi_d2lz
                0x0000000000009fc4                __fixdfdi
 .text          0x0000000000009ff4       0x3c /Users/sean/Projects/Playmate/sjtwo-c/toolchains/mac/gcc-arm-none-eabi-8-2019-q3-update/bin/../lib/gcc/arm-none-eabi/8.3.1/thumb/v7e-m+fp/hard/libgcc.a(_fixunsdfdi.o)
                0x0000000000009ff4                __aeabi_d2ulz
                0x0000000000009ff4                __fixunsdfdi
 .text._close   0x000000000000a030       0x10 /Users/sean/Projects/Playmate/sjtwo-c/toolchains/mac/gcc-arm-none-eabi-8-2019-q3-update/bin/../lib/gcc/arm-none-eabi/8.3.1/../../../../arm-none-eabi/lib/thumb/v7e-m+fp/hard/libnosys.a(close.o)
                0x000000000000a030                _close
 .text._fstat   0x000000000000a040       0x10 /Users/sean/Projects/Playmate/sjtwo-c/toolchains/mac/gcc-arm-none-eabi-8-2019-q3-update/bin/../lib/gcc/arm-none-eabi/8.3.1/../../../../arm-none-eabi/lib/thumb/v7e-m+fp/hard/libnosys.a(fstat.o)
                0x000000000000a040                _fstat
 .text._lseek   0x000000000000a050       0x10 /Users/sean/Projects/Playmate/sjtwo-c/toolchains/mac/gcc-arm-none-eabi-8-2019-q3-update/bin/../lib/gcc/arm-none-eabi/8.3.1/../../../../arm-none-eabi/lib/thumb/v7e-m+fp/hard/libnosys.a(lseek.o)
                0x000000000000a050                _lseek
 *(.rodata .rodata.* .constdata .constdata.*)
 .rodata.__FUNCTION__.8182
                0x000000000000a060        0xc _build_lpc40xx_freertos/obj/entry_point.o
 .rodata.entry_point.str1.1
                0x000000000000a06c       0x80 _build_lpc40xx_freertos/obj/entry_point.o
 .rodata.halt.str1.1
                0x000000000000a0ec       0xb8 _build_lpc40xx_freertos/obj/interrupt_vector_table.o
 .rodata.str1.1
                0x000000000000a1a4       0x53 _build_lpc40xx_freertos/obj/interrupt_vector_table.o
 *fill*         0x000000000000a1f7        0x1 ff
 .rodata.table.8042
                0x000000000000a1f8       0x40 _build_lpc40xx_freertos/obj/interrupt_vector_table.o
 .rodata.crash__report_if_occurred.str1.1
                0x000000000000a238      0x190 _build_lpc40xx_freertos/obj/crash.o
 .rodata.check_fs.str1.1
                0x000000000000a3c8        0xa _build_lpc40xx_freertos/obj/ff.o
 .rodata._read.str1.1
                0x000000000000a3d2       0x32 _build_lpc40xx_freertos/obj/system_calls.o
 .rodata._write.str1.1
                0x000000000000a404       0x33 _build_lpc40xx_freertos/obj/system_calls.o
 .rodata.app_cli__private_print_list_of_all_commands.str1.1
                0x000000000000a437       0x6a _build_lpc40xx_freertos/obj/app_cli.o
                                         0x73 (size before relaxing)
 .rodata.app_cli__process_input.str1.1
                0x000000000000a4a1       0x8d _build_lpc40xx_freertos/obj/app_cli.o